ARM Linker, 4.1 [Build 894] [Lite256]

==============================================================================

Section Cross References

    main.o(.text) refers to stm32f0xx_rcc.o(.text) for RCC_AHBPeriphClockCmd
    main.o(.text) refers to stm32f0xx_gpio.o(.text) for GPIO_Init
    main.o(.text) refers to stm32f0xx_tim.o(.text) for TIM_TimeBaseInit
    main.o(.text) refers to stm32f0xx_misc.o(.text) for NVIC_Init
    main.o(.text) refers to aeabi_sdiv.o(.text) for __aeabi_uidivmod
    main.o(.text) refers to stm32f0xx_usart.o(.text) for USART_Init
    main.o(.text) refers to stm32f0xx_i2c.o(.text) for I2C_Init
    main.o(.text) refers to delay.o(.text) for delay_ms
    main.o(.text) refers to main.o(.data) for GPIO_InitStructure
    main.o(.text) refers to main.o(.bss) for TTB
    main.o(.text) refers to system_stm32f0xx.o(.data) for SystemCoreClock
    main.o(.text) refers to stm32f0xx_adc.o(.text) for ADC_Init
    main.o(.text) refers to stm32f0xx_iwdg.o(.text) for IWDG_WriteAccessCmd
    main.o(.text) refers to main.o(i.__ARM_common_switch8) for __ARM_common_switch8
    main.o(.text) refers to dflti.o(.text) for __aeabi_ui2d
    main.o(.text) refers to dmul.o(.text) for __aeabi_dmul
    main.o(.text) refers to dfixui.o(.text) for __aeabi_d2uiz
    stm32f0xx_gpio.o(.text) refers to stm32f0xx_rcc.o(.text) for RCC_AHBPeriphResetCmd
    stm32f0xx_rcc.o(.text) refers to aeabi_sdiv.o(.text) for __aeabi_uidivmod
    stm32f0xx_rcc.o(.text) refers to stm32f0xx_rcc.o(.data) for APBAHBPrescTable
    stm32f0xx_tim.o(.text) refers to stm32f0xx_rcc.o(.text) for RCC_APB2PeriphResetCmd
    stm32f0xx_adc.o(.text) refers to stm32f0xx_rcc.o(.text) for RCC_APB2PeriphResetCmd
    stm32f0xx_usart.o(.text) refers to stm32f0xx_rcc.o(.text) for RCC_APB2PeriphResetCmd
    stm32f0xx_usart.o(.text) refers to aeabi_sdiv.o(.text) for __aeabi_uidivmod
    stm32f0xx_i2c.o(.text) refers to stm32f0xx_rcc.o(.text) for RCC_APB1PeriphResetCmd
    led.o(.text) refers to stm32f0xx_rcc.o(.text) for RCC_AHBPeriphClockCmd
    led.o(.text) refers to stm32f0xx_gpio.o(.text) for GPIO_Init
    delay.o(.text) refers to delay.o(.data) for fac_us
    startup_stm32f0xx_ld.o(STACK) refers (Special) to heapauxi.o(.text) for __use_two_region_memory
    startup_stm32f0xx_ld.o(HEAP) refers (Special) to heapauxi.o(.text) for __use_two_region_memory
    startup_stm32f0xx_ld.o(RESET) refers (Special) to heapauxi.o(.text) for __use_two_region_memory
    startup_stm32f0xx_ld.o(RESET) refers to startup_stm32f0xx_ld.o(STACK) for __initial_sp
    startup_stm32f0xx_ld.o(RESET) refers to startup_stm32f0xx_ld.o(.text) for Reset_Handler
    startup_stm32f0xx_ld.o(RESET) refers to main.o(.text) for ADC1_IRQHandler
    startup_stm32f0xx_ld.o(.text) refers (Special) to heapauxi.o(.text) for __use_two_region_memory
    startup_stm32f0xx_ld.o(.text) refers to system_stm32f0xx.o(.text) for SystemInit
    startup_stm32f0xx_ld.o(.text) refers to __main.o(!!!main) for __main
    startup_stm32f0xx_ld.o(.text) refers to startup_stm32f0xx_ld.o(HEAP) for Heap_Mem
    startup_stm32f0xx_ld.o(.text) refers to startup_stm32f0xx_ld.o(STACK) for Stack_Mem
    system_stm32f0xx.o(.text) refers to aeabi_sdiv.o(.text) for __aeabi_uidivmod
    system_stm32f0xx.o(.text) refers to system_stm32f0xx.o(.data) for SystemCoreClock
    __main.o(!!!main) refers to rtentry.o(.ARM.Collect$$rtentry$$00000000) for __rt_entry
    dfixui.o(.text) refers (Special) to usenofp.o(x$fpl$usenofp) for __I$use$fp
    dflti.o(.text) refers (Special) to usenofp.o(x$fpl$usenofp) for __I$use$fp
    dmul.o(.text) refers (Special) to usenofp.o(x$fpl$usenofp) for __I$use$fp
    rtentry.o(.ARM.Collect$$rtentry$$00000000) refers (Special) to rtentry2.o(.ARM.Collect$$rtentry$$0000000A) for __rt_entry_li
    rtentry.o(.ARM.Collect$$rtentry$$00000000) refers (Special) to rtentry2.o(.ARM.Collect$$rtentry$$0000000D) for __rt_entry_main
    rtentry.o(.ARM.Collect$$rtentry$$00000000) refers (Special) to rtentry2.o(.ARM.Collect$$rtentry$$0000000C) for __rt_entry_postli_1
    rtentry.o(.ARM.Collect$$rtentry$$00000000) refers (Special) to rtentry2.o(.ARM.Collect$$rtentry$$00000009) for __rt_entry_postsh_1
    rtentry.o(.ARM.Collect$$rtentry$$00000000) refers (Special) to rtentry2.o(.ARM.Collect$$rtentry$$00000002) for __rt_entry_presh_1
    rtentry.o(.ARM.Collect$$rtentry$$00000000) refers (Special) to rtentry4.o(.ARM.Collect$$rtentry$$00000004) for __rt_entry_sh
    aeabi_idiv0_sigfpe.o(.text) refers to rt_div0.o(.text) for __rt_div0
    rtentry2.o(.ARM.Collect$$rtentry$$00000008) refers to boardinit2.o(.text) for _platform_post_stackheap_init
    rtentry2.o(.ARM.Collect$$rtentry$$0000000A) refers to libinit.o(.ARM.Collect$$libinit$$00000000) for __rt_lib_init
    rtentry2.o(.ARM.Collect$$rtentry$$0000000B) refers to boardinit3.o(.text) for _platform_post_lib_init
    rtentry2.o(.ARM.Collect$$rtentry$$0000000D) refers to main.o(.text) for main
    rtentry2.o(.ARM.Collect$$rtentry$$0000000D) refers to exit.o(.text) for exit
    rtentry2.o(.ARM.exidx) refers to rtentry2.o(.ARM.Collect$$rtentry$$00000001) for .ARM.Collect$$rtentry$$00000001
    rtentry2.o(.ARM.exidx) refers to rtentry2.o(.ARM.Collect$$rtentry$$00000008) for .ARM.Collect$$rtentry$$00000008
    rtentry2.o(.ARM.exidx) refers to rtentry2.o(.ARM.Collect$$rtentry$$0000000A) for .ARM.Collect$$rtentry$$0000000A
    rtentry2.o(.ARM.exidx) refers to rtentry2.o(.ARM.Collect$$rtentry$$0000000B) for .ARM.Collect$$rtentry$$0000000B
    rtentry2.o(.ARM.exidx) refers to rtentry2.o(.ARM.Collect$$rtentry$$0000000D) for .ARM.Collect$$rtentry$$0000000D
    rtentry4.o(.ARM.Collect$$rtentry$$00000004) refers to sys_stackheap_outer.o(.text) for __user_setup_stackheap
    rtentry4.o(.ARM.exidx) refers to rtentry4.o(.ARM.Collect$$rtentry$$00000004) for .ARM.Collect$$rtentry$$00000004
    rt_div0.o(.text) refers to defsig_fpe_outer.o(.text) for __rt_SIGFPE
    sys_stackheap_outer.o(.text) refers to libspace.o(.text) for __user_perproc_libspace
    sys_stackheap_outer.o(.text) refers to startup_stm32f0xx_ld.o(.text) for __user_initial_stackheap
    sys_stackheap_outer.o(__vectab_stack_and_reset_area) refers to tempstk.o(.text) for __temporary_stack_top
    sys_stackheap_outer.o(__vectab_stack_and_reset_area) refers to __main.o(!!!main) for __main
    exit.o(.text) refers to rtexit.o(.ARM.Collect$$rtexit$$00000000) for __rt_exit
    defsig_fpe_outer.o(.text) refers to defsig_fpe_inner.o(.text) for __rt_SIGFPE_inner
    defsig_fpe_outer.o(.text) refers to defsig_exit.o(.text) for __sig_exit
    defsig_fpe_formal.o(.text) refers to rt_raise.o(.text) for __rt_raise
    libinit.o(.ARM.Collect$$libinit$$00000000) refers (Special) to libinit2.o(.ARM.Collect$$libinit$$0000002A) for __rt_lib_init_alloca_1
    libinit.o(.ARM.Collect$$libinit$$00000000) refers (Special) to libinit2.o(.ARM.Collect$$libinit$$00000028) for __rt_lib_init_argv_1
    libinit.o(.ARM.Collect$$libinit$$00000000) refers (Special) to libinit2.o(.ARM.Collect$$libinit$$00000017) for __rt_lib_init_atexit_1
    libinit.o(.ARM.Collect$$libinit$$00000000) refers (Special) to libinit2.o(.ARM.Collect$$libinit$$0000001D) for __rt_lib_init_clock_1
    libinit.o(.ARM.Collect$$libinit$$00000000) refers (Special) to libinit2.o(.ARM.Collect$$libinit$$0000002E) for __rt_lib_init_cpp_1
    libinit.o(.ARM.Collect$$libinit$$00000000) refers (Special) to libinit2.o(.ARM.Collect$$libinit$$0000002C) for __rt_lib_init_exceptions_1
    libinit.o(.ARM.Collect$$libinit$$00000000) refers (Special) to libinit2.o(.ARM.Collect$$libinit$$0000001B) for __rt_lib_init_fp_trap_1
    libinit.o(.ARM.Collect$$libinit$$00000000) refers (Special) to libinit2.o(.ARM.Collect$$libinit$$0000001F) for __rt_lib_init_getenv_1
    libinit.o(.ARM.Collect$$libinit$$00000000) refers (Special) to libinit2.o(.ARM.Collect$$libinit$$00000006) for __rt_lib_init_heap_1
    libinit.o(.ARM.Collect$$libinit$$00000000) refers (Special) to libinit2.o(.ARM.Collect$$libinit$$0000000D) for __rt_lib_init_lc_collate_1
    libinit.o(.ARM.Collect$$libinit$$00000000) refers (Special) to libinit2.o(.ARM.Collect$$libinit$$0000000F) for __rt_lib_init_lc_ctype_1
    libinit.o(.ARM.Collect$$libinit$$00000000) refers (Special) to libinit2.o(.ARM.Collect$$libinit$$00000011) for __rt_lib_init_lc_monetary_1
    libinit.o(.ARM.Collect$$libinit$$00000000) refers (Special) to libinit2.o(.ARM.Collect$$libinit$$00000013) for __rt_lib_init_lc_numeric_1
    libinit.o(.ARM.Collect$$libinit$$00000000) refers (Special) to libinit2.o(.ARM.Collect$$libinit$$00000015) for __rt_lib_init_lc_time_1
    libinit.o(.ARM.Collect$$libinit$$00000000) refers (Special) to libinit2.o(.ARM.Collect$$libinit$$0000000A) for __rt_lib_init_rand_1
    libinit.o(.ARM.Collect$$libinit$$00000000) refers (Special) to libinit2.o(.ARM.Collect$$libinit$$0000002F) for __rt_lib_init_return
    libinit.o(.ARM.Collect$$libinit$$00000000) refers (Special) to libinit2.o(.ARM.Collect$$libinit$$00000019) for __rt_lib_init_signal_1
    libinit.o(.ARM.Collect$$libinit$$00000000) refers (Special) to libinit2.o(.ARM.Collect$$libinit$$00000021) for __rt_lib_init_stdio_1
    libinit.o(.ARM.Collect$$libinit$$00000000) refers (Special) to libinit2.o(.ARM.Collect$$libinit$$00000008) for __rt_lib_init_user_alloc_1
    libspace.o(.text) refers to libspace.o(.bss) for __libspace_start
    rtexit.o(.ARM.Collect$$rtexit$$00000000) refers (Special) to rtexit2.o(.ARM.Collect$$rtexit$$00000004) for __rt_exit_exit
    rtexit.o(.ARM.Collect$$rtexit$$00000000) refers (Special) to rtexit2.o(.ARM.Collect$$rtexit$$00000003) for __rt_exit_ls
    rtexit.o(.ARM.Collect$$rtexit$$00000000) refers (Special) to rtexit2.o(.ARM.Collect$$rtexit$$00000002) for __rt_exit_prels_1
    rtexit.o(.ARM.exidx) refers (Special) to rtexit2.o(.ARM.Collect$$rtexit$$00000004) for __rt_exit_exit
    rtexit.o(.ARM.exidx) refers (Special) to rtexit2.o(.ARM.Collect$$rtexit$$00000003) for __rt_exit_ls
    rtexit.o(.ARM.exidx) refers (Special) to rtexit2.o(.ARM.Collect$$rtexit$$00000002) for __rt_exit_prels_1
    rtexit.o(.ARM.exidx) refers to rtexit.o(.ARM.Collect$$rtexit$$00000000) for .ARM.Collect$$rtexit$$00000000
    rt_raise.o(.text) refers to __raise.o(.text) for __raise
    rt_raise.o(.text) refers to sys_exit.o(.text) for _sys_exit
    defsig_exit.o(.text) refers to sys_exit.o(.text) for _sys_exit
    defsig_fpe_inner.o(.text) refers to defsig_general.o(.text) for __default_signal_display
    libinit2.o(.ARM.Collect$$libinit$$0000000C) refers to libinit2.o(.ARM.Collect$$libinit$$0000000B) for .ARM.Collect$$libinit$$0000000B
    libinit2.o(.ARM.Collect$$libinit$$0000000E) refers to libinit2.o(.ARM.Collect$$libinit$$0000000B) for .ARM.Collect$$libinit$$0000000B
    libinit2.o(.ARM.Collect$$libinit$$00000010) refers to libinit2.o(.ARM.Collect$$libinit$$0000000B) for .ARM.Collect$$libinit$$0000000B
    libinit2.o(.ARM.Collect$$libinit$$00000012) refers to libinit2.o(.ARM.Collect$$libinit$$0000000B) for .ARM.Collect$$libinit$$0000000B
    libinit2.o(.ARM.Collect$$libinit$$00000014) refers to libinit2.o(.ARM.Collect$$libinit$$0000000B) for .ARM.Collect$$libinit$$0000000B
    libinit2.o(.ARM.Collect$$libinit$$00000022) refers to argv_veneer.o(.text) for __ARM_argv_veneer
    libinit2.o(.ARM.Collect$$libinit$$00000023) refers to argv_veneer.o(.text) for __ARM_argv_veneer
    sys_exit.o(.text) refers (Special) to use_no_semi.o(.text) for __I$use$semihosting
    sys_exit.o(.text) refers (Special) to indicate_semi.o(.text) for __semihosting_library_function
    rtexit2.o(.ARM.Collect$$rtexit$$00000003) refers to libshutdown.o(.ARM.Collect$$libshutdown$$00000000) for __rt_lib_shutdown
    rtexit2.o(.ARM.Collect$$rtexit$$00000004) refers to sys_exit.o(.text) for _sys_exit
    rtexit2.o(.ARM.exidx) refers to rtexit2.o(.ARM.Collect$$rtexit$$00000001) for .ARM.Collect$$rtexit$$00000001
    rtexit2.o(.ARM.exidx) refers to rtexit2.o(.ARM.Collect$$rtexit$$00000003) for .ARM.Collect$$rtexit$$00000003
    rtexit2.o(.ARM.exidx) refers to rtexit2.o(.ARM.Collect$$rtexit$$00000004) for .ARM.Collect$$rtexit$$00000004
    __raise.o(.text) refers to defsig.o(CL$$defsig) for __default_signal_handler
    defsig_general.o(.text) refers to sys_wrch.o(.text) for _ttywrch
    sys_wrch.o(.text) refers (Special) to use_no_semi.o(.text) for __I$use$semihosting
    sys_wrch.o(.text) refers (Special) to indicate_semi.o(.text) for __semihosting_library_function
    defsig.o(CL$$defsig) refers to defsig_fpe_inner.o(.text) for __rt_SIGFPE_inner
    defsig.o(CL$$defsig) refers to defsig_rtmem_inner.o(.text) for __rt_SIGRTMEM_inner
    _get_argv_nomalloc.o(.text) refers (Special) to hrguard.o(.text) for __heap_region$guard
    _get_argv_nomalloc.o(.text) refers to defsig_rtmem_outer.o(.text) for __rt_SIGRTMEM
    _get_argv_nomalloc.o(.text) refers to sys_command.o(.text) for _sys_command_string
    libshutdown.o(.ARM.Collect$$libshutdown$$00000000) refers (Special) to libshutdown2.o(.ARM.Collect$$libshutdown$$00000006) for __rt_lib_shutdown_fp_trap_1
    libshutdown.o(.ARM.Collect$$libshutdown$$00000000) refers (Special) to libshutdown2.o(.ARM.Collect$$libshutdown$$0000000E) for __rt_lib_shutdown_heap_1
    libshutdown.o(.ARM.Collect$$libshutdown$$00000000) refers (Special) to libshutdown2.o(.ARM.Collect$$libshutdown$$0000000F) for __rt_lib_shutdown_return
    libshutdown.o(.ARM.Collect$$libshutdown$$00000000) refers (Special) to libshutdown2.o(.ARM.Collect$$libshutdown$$00000009) for __rt_lib_shutdown_signal_1
    libshutdown.o(.ARM.Collect$$libshutdown$$00000000) refers (Special) to libshutdown2.o(.ARM.Collect$$libshutdown$$00000003) for __rt_lib_shutdown_stdio_1
    libshutdown.o(.ARM.Collect$$libshutdown$$00000000) refers (Special) to libshutdown2.o(.ARM.Collect$$libshutdown$$0000000B) for __rt_lib_shutdown_user_alloc_1
    sys_command.o(.text) refers (Special) to use_no_semi.o(.text) for __I$use$semihosting
    sys_command.o(.text) refers (Special) to indicate_semi.o(.text) for __semihosting_library_function
    defsig_abrt_inner.o(.text) refers to defsig_general.o(.text) for __default_signal_display
    defsig_rtred_inner.o(.text) refers to defsig_general.o(.text) for __default_signal_display
    defsig_rtmem_inner.o(.text) refers to defsig_general.o(.text) for __default_signal_display
    defsig_rtmem_outer.o(.text) refers to defsig_rtmem_inner.o(.text) for __rt_SIGRTMEM_inner
    defsig_rtmem_outer.o(.text) refers to defsig_exit.o(.text) for __sig_exit
    defsig_rtmem_formal.o(.text) refers to rt_raise.o(.text) for __rt_raise
    defsig_stak_inner.o(.text) refers to defsig_general.o(.text) for __default_signal_display
    defsig_pvfn_inner.o(.text) refers to defsig_general.o(.text) for __default_signal_display
    defsig_cppl_inner.o(.text) refers to defsig_general.o(.text) for __default_signal_display
    defsig_segv_inner.o(.text) refers to defsig_general.o(.text) for __default_signal_display
    defsig_other.o(.text) refers to defsig_general.o(.text) for __default_signal_display


==============================================================================

Removing Unused input sections from the image.

    Removing main.o(.rev16_text), (4 bytes).
    Removing main.o(.revsh_text), (4 bytes).
    Removing stm32f0xx_gpio.o(.rev16_text), (4 bytes).
    Removing stm32f0xx_gpio.o(.revsh_text), (4 bytes).
    Removing stm32f0xx_rcc.o(.rev16_text), (4 bytes).
    Removing stm32f0xx_rcc.o(.revsh_text), (4 bytes).
    Removing stm32f0xx_tim.o(.rev16_text), (4 bytes).
    Removing stm32f0xx_tim.o(.revsh_text), (4 bytes).
    Removing stm32f0xx_adc.o(.rev16_text), (4 bytes).
    Removing stm32f0xx_adc.o(.revsh_text), (4 bytes).
    Removing stm32f0xx_usart.o(.rev16_text), (4 bytes).
    Removing stm32f0xx_usart.o(.revsh_text), (4 bytes).
    Removing stm32f0xx_misc.o(.rev16_text), (4 bytes).
    Removing stm32f0xx_misc.o(.revsh_text), (4 bytes).
    Removing stm32f0xx_i2c.o(.rev16_text), (4 bytes).
    Removing stm32f0xx_i2c.o(.revsh_text), (4 bytes).
    Removing stm32f0xx_iwdg.o(.rev16_text), (4 bytes).
    Removing stm32f0xx_iwdg.o(.revsh_text), (4 bytes).
    Removing led.o(.rev16_text), (4 bytes).
    Removing led.o(.revsh_text), (4 bytes).
    Removing led.o(.text), (66 bytes).
    Removing delay.o(.rev16_text), (4 bytes).
    Removing delay.o(.revsh_text), (4 bytes).
    Removing system_stm32f0xx.o(.rev16_text), (4 bytes).
    Removing system_stm32f0xx.o(.revsh_text), (4 bytes).

25 unused section(s) (total 162 bytes) removed from the image.

==============================================================================

Image Symbol Table

    Local Symbols

    Symbol Name                              Value     Ov Type        Size  Object(Section)

    ../../angel/boardlib.s                   0x00000000   Number         0  boardinit3.o ABSOLUTE
    ../../angel/boardlib.s                   0x00000000   Number         0  boardinit2.o ABSOLUTE
    ../../angel/boardlib.s                   0x00000000   Number         0  boardinit1.o ABSOLUTE
    ../../angel/boardlib.s                   0x00000000   Number         0  boardshut.o ABSOLUTE
    ../../angel/handlers.s                   0x00000000   Number         0  __scatter_zi.o ABSOLUTE
    ../../angel/handlers.s                   0x00000000   Number         0  __scatter_copy.o ABSOLUTE
    ../../angel/kernel.s                     0x00000000   Number         0  rtentry.o ABSOLUTE
    ../../angel/kernel.s                     0x00000000   Number         0  rtentry2.o ABSOLUTE
    ../../angel/kernel.s                     0x00000000   Number         0  rtentry4.o ABSOLUTE
    ../../angel/kernel.s                     0x00000000   Number         0  rtexit2.o ABSOLUTE
    ../../angel/kernel.s                     0x00000000   Number         0  rtexit.o ABSOLUTE
    ../../angel/rt.s                         0x00000000   Number         0  aeabi_idiv0.o ABSOLUTE
    ../../angel/rt.s                         0x00000000   Number         0  aeabi_idiv0_sigfpe.o ABSOLUTE
    ../../angel/rt.s                         0x00000000   Number         0  rt_div0.o ABSOLUTE
    ../../angel/rt.s                         0x00000000   Number         0  rt_raise.o ABSOLUTE
    ../../angel/scatterp.s                   0x00000000   Number         0  __scatter.o ABSOLUTE
    ../../angel/startup.s                    0x00000000   Number         0  __main.o ABSOLUTE
    ../../angel/sys.s                        0x00000000   Number         0  sys_stackheap_outer.o ABSOLUTE
    ../../angel/sys.s                        0x00000000   Number         0  tempstk.o ABSOLUTE
    ../../angel/sys.s                        0x00000000   Number         0  libspace.o ABSOLUTE
    ../../angel/sys.s                        0x00000000   Number         0  indicate_semi.o ABSOLUTE
    ../../angel/sys.s                        0x00000000   Number         0  use_no_semi.o ABSOLUTE
    ../../angel/sysapp.c                     0x00000000   Number         0  sys_exit.o ABSOLUTE
    ../../angel/sysapp.c                     0x00000000   Number         0  sys_command.o ABSOLUTE
    ../../angel/sysapp.c                     0x00000000   Number         0  sys_wrch.o ABSOLUTE
    ../../armsys.c                           0x00000000   Number         0  _get_argv_nomalloc.o ABSOLUTE
    ../../armsys.c                           0x00000000   Number         0  no_argv.o ABSOLUTE
    ../../armsys.c                           0x00000000   Number         0  argv_veneer.o ABSOLUTE
    ../../cfplib/dmul.c                      0x00000000   Number         0  dmul.o ABSOLUTE
    ../../cfplib/ffix.c                      0x00000000   Number         0  dfixui.o ABSOLUTE
    ../../cfplib/fflt.c                      0x00000000   Number         0  dflti.o ABSOLUTE
    ../../cfplib/fpinit.c                    0x00000000   Number         0  fpinit.o ABSOLUTE
    ../../division.s                         0x00000000   Number         0  aeabi_sdiv.o ABSOLUTE
    ../../division.s                         0x00000000   Number         0  aeabi_sdiv_div0.o ABSOLUTE
    ../../heapalloc.c                        0x00000000   Number         0  hrguard.o ABSOLUTE
    ../../heapaux.c                          0x00000000   Number         0  heapauxi.o ABSOLUTE
    ../../libinit.s                          0x00000000   Number         0  libshutdown2.o ABSOLUTE
    ../../libinit.s                          0x00000000   Number         0  libinit2.o ABSOLUTE
    ../../libinit.s                          0x00000000   Number         0  libshutdown.o ABSOLUTE
    ../../libinit.s                          0x00000000   Number         0  libinit.o ABSOLUTE
    ../../signal.c                           0x00000000   Number         0  defsig_cppl_inner.o ABSOLUTE
    ../../signal.c                           0x00000000   Number         0  defsig_segv_inner.o ABSOLUTE
    ../../signal.c                           0x00000000   Number         0  defsig_other.o ABSOLUTE
    ../../signal.c                           0x00000000   Number         0  defsig_abrt_inner.o ABSOLUTE
    ../../signal.c                           0x00000000   Number         0  defsig_fpe_outer.o ABSOLUTE
    ../../signal.c                           0x00000000   Number         0  defsig_fpe_formal.o ABSOLUTE
    ../../signal.c                           0x00000000   Number         0  defsig_exit.o ABSOLUTE
    ../../signal.c                           0x00000000   Number         0  defsig_fpe_inner.o ABSOLUTE
    ../../signal.c                           0x00000000   Number         0  __raise.o ABSOLUTE
    ../../signal.c                           0x00000000   Number         0  defsig_general.o ABSOLUTE
    ../../signal.c                           0x00000000   Number         0  defsig_rtred_inner.o ABSOLUTE
    ../../signal.c                           0x00000000   Number         0  defsig_rtmem_inner.o ABSOLUTE
    ../../signal.c                           0x00000000   Number         0  defsig_rtmem_outer.o ABSOLUTE
    ../../signal.c                           0x00000000   Number         0  defsig_rtmem_formal.o ABSOLUTE
    ../../signal.c                           0x00000000   Number         0  defsig_stak_inner.o ABSOLUTE
    ../../signal.c                           0x00000000   Number         0  defsig_pvfn_inner.o ABSOLUTE
    ../../signal.s                           0x00000000   Number         0  defsig.o ABSOLUTE
    ../../stdlib.c                           0x00000000   Number         0  exit.o ABSOLUTE
    ../../usenofp.s                          0x00000000   Number         0  usenofp.o ABSOLUTE
    ..\My_Lib\LED\led.c                      0x00000000   Number         0  led.o ABSOLUTE
    ..\My_Lib\delay\delay.c                  0x00000000   Number         0  delay.o ABSOLUTE
    ..\ST_Lib\src\stm32f0xx_adc.c            0x00000000   Number         0  stm32f0xx_adc.o ABSOLUTE
    ..\ST_Lib\src\stm32f0xx_gpio.c           0x00000000   Number         0  stm32f0xx_gpio.o ABSOLUTE
    ..\ST_Lib\src\stm32f0xx_i2c.c            0x00000000   Number         0  stm32f0xx_i2c.o ABSOLUTE
    ..\ST_Lib\src\stm32f0xx_iwdg.c           0x00000000   Number         0  stm32f0xx_iwdg.o ABSOLUTE
    ..\ST_Lib\src\stm32f0xx_misc.c           0x00000000   Number         0  stm32f0xx_misc.o ABSOLUTE
    ..\ST_Lib\src\stm32f0xx_rcc.c            0x00000000   Number         0  stm32f0xx_rcc.o ABSOLUTE
    ..\ST_Lib\src\stm32f0xx_tim.c            0x00000000   Number         0  stm32f0xx_tim.o ABSOLUTE
    ..\ST_Lib\src\stm32f0xx_usart.c          0x00000000   Number         0  stm32f0xx_usart.o ABSOLUTE
    ..\System\CMSIS\system_stm32f0xx.c       0x00000000   Number         0  system_stm32f0xx.o ABSOLUTE
    ..\System\startup\startup_stm32f0xx_ld.s 0x00000000   Number         0  startup_stm32f0xx_ld.o ABSOLUTE
    ..\User\main.c                           0x00000000   Number         0  main.o ABSOLUTE
    ..\\My_Lib\\LED\\led.c                   0x00000000   Number         0  led.o ABSOLUTE
    ..\\My_Lib\\delay\\delay.c               0x00000000   Number         0  delay.o ABSOLUTE
    ..\\ST_Lib\\src\\stm32f0xx_adc.c         0x00000000   Number         0  stm32f0xx_adc.o ABSOLUTE
    ..\\ST_Lib\\src\\stm32f0xx_gpio.c        0x00000000   Number         0  stm32f0xx_gpio.o ABSOLUTE
    ..\\ST_Lib\\src\\stm32f0xx_i2c.c         0x00000000   Number         0  stm32f0xx_i2c.o ABSOLUTE
    ..\\ST_Lib\\src\\stm32f0xx_iwdg.c        0x00000000   Number         0  stm32f0xx_iwdg.o ABSOLUTE
    ..\\ST_Lib\\src\\stm32f0xx_misc.c        0x00000000   Number         0  stm32f0xx_misc.o ABSOLUTE
    ..\\ST_Lib\\src\\stm32f0xx_rcc.c         0x00000000   Number         0  stm32f0xx_rcc.o ABSOLUTE
    ..\\ST_Lib\\src\\stm32f0xx_tim.c         0x00000000   Number         0  stm32f0xx_tim.o ABSOLUTE
    ..\\ST_Lib\\src\\stm32f0xx_usart.c       0x00000000   Number         0  stm32f0xx_usart.o ABSOLUTE
    ..\\System\\CMSIS\\system_stm32f0xx.c    0x00000000   Number         0  system_stm32f0xx.o ABSOLUTE
    ..\\User\\main.c                         0x00000000   Number         0  main.o ABSOLUTE
    dc.s                                     0x00000000   Number         0  dc.o ABSOLUTE
    RESET                                    0x08000000   Section      176  startup_stm32f0xx_ld.o(RESET)
    !!!main                                  0x080000b0   Section        8  __main.o(!!!main)
    !!!scatter                               0x080000b8   Section       60  __scatter.o(!!!scatter)
    !!handler_copy                           0x080000f4   Section       26  __scatter_copy.o(!!handler_copy)
    !!handler_zi                             0x08000110   Section       28  __scatter_zi.o(!!handler_zi)
    .ARM.Collect$$libinit$$00000000          0x0800012c   Section        6  libinit.o(.ARM.Collect$$libinit$$00000000)
    .ARM.Collect$$libinit$$00000006          0x08000132   Section        0  libinit2.o(.ARM.Collect$$libinit$$00000006)
    .ARM.Collect$$libinit$$00000008          0x08000132   Section        0  libinit2.o(.ARM.Collect$$libinit$$00000008)
    .ARM.Collect$$libinit$$0000000A          0x08000132   Section        0  libinit2.o(.ARM.Collect$$libinit$$0000000A)
    .ARM.Collect$$libinit$$0000000D          0x08000132   Section        0  libinit2.o(.ARM.Collect$$libinit$$0000000D)
    .ARM.Collect$$libinit$$0000000F          0x08000132   Section        0  libinit2.o(.ARM.Collect$$libinit$$0000000F)
    .ARM.Collect$$libinit$$00000011          0x08000132   Section        0  libinit2.o(.ARM.Collect$$libinit$$00000011)
    .ARM.Collect$$libinit$$00000013          0x08000132   Section        0  libinit2.o(.ARM.Collect$$libinit$$00000013)
    .ARM.Collect$$libinit$$00000015          0x08000132   Section        0  libinit2.o(.ARM.Collect$$libinit$$00000015)
    .ARM.Collect$$libinit$$00000017          0x08000132   Section        0  libinit2.o(.ARM.Collect$$libinit$$00000017)
    .ARM.Collect$$libinit$$00000019          0x08000132   Section        0  libinit2.o(.ARM.Collect$$libinit$$00000019)
    .ARM.Collect$$libinit$$0000001B          0x08000132   Section        0  libinit2.o(.ARM.Collect$$libinit$$0000001B)
    .ARM.Collect$$libinit$$0000001D          0x08000132   Section        0  libinit2.o(.ARM.Collect$$libinit$$0000001D)
    .ARM.Collect$$libinit$$0000001F          0x08000132   Section        0  libinit2.o(.ARM.Collect$$libinit$$0000001F)
    .ARM.Collect$$libinit$$00000021          0x08000132   Section        0  libinit2.o(.ARM.Collect$$libinit$$00000021)
    .ARM.Collect$$libinit$$00000028          0x08000132   Section        0  libinit2.o(.ARM.Collect$$libinit$$00000028)
    .ARM.Collect$$libinit$$0000002A          0x08000132   Section        0  libinit2.o(.ARM.Collect$$libinit$$0000002A)
    .ARM.Collect$$libinit$$0000002C          0x08000132   Section        0  libinit2.o(.ARM.Collect$$libinit$$0000002C)
    .ARM.Collect$$libinit$$0000002E          0x08000132   Section        0  libinit2.o(.ARM.Collect$$libinit$$0000002E)
    .ARM.Collect$$libinit$$0000002F          0x08000132   Section        2  libinit2.o(.ARM.Collect$$libinit$$0000002F)
    .ARM.Collect$$libshutdown$$00000000      0x08000134   Section        2  libshutdown.o(.ARM.Collect$$libshutdown$$00000000)
    .ARM.Collect$$libshutdown$$00000003      0x08000136   Section        0  libshutdown2.o(.ARM.Collect$$libshutdown$$00000003)
    .ARM.Collect$$libshutdown$$00000006      0x08000136   Section        0  libshutdown2.o(.ARM.Collect$$libshutdown$$00000006)
    .ARM.Collect$$libshutdown$$00000009      0x08000136   Section        0  libshutdown2.o(.ARM.Collect$$libshutdown$$00000009)
    .ARM.Collect$$libshutdown$$0000000B      0x08000136   Section        0  libshutdown2.o(.ARM.Collect$$libshutdown$$0000000B)
    .ARM.Collect$$libshutdown$$0000000E      0x08000136   Section        0  libshutdown2.o(.ARM.Collect$$libshutdown$$0000000E)
    .ARM.Collect$$libshutdown$$0000000F      0x08000136   Section        2  libshutdown2.o(.ARM.Collect$$libshutdown$$0000000F)
    .ARM.Collect$$rtentry$$00000000          0x08000138   Section        0  rtentry.o(.ARM.Collect$$rtentry$$00000000)
    .ARM.Collect$$rtentry$$00000002          0x08000138   Section        0  rtentry2.o(.ARM.Collect$$rtentry$$00000002)
    .ARM.Collect$$rtentry$$00000004          0x08000138   Section        6  rtentry4.o(.ARM.Collect$$rtentry$$00000004)
    .ARM.Collect$$rtentry$$00000009          0x0800013e   Section        0  rtentry2.o(.ARM.Collect$$rtentry$$00000009)
    .ARM.Collect$$rtentry$$0000000A          0x0800013e   Section        4  rtentry2.o(.ARM.Collect$$rtentry$$0000000A)
    .ARM.Collect$$rtentry$$0000000C          0x08000142   Section        0  rtentry2.o(.ARM.Collect$$rtentry$$0000000C)
    .ARM.Collect$$rtentry$$0000000D          0x08000142   Section        8  rtentry2.o(.ARM.Collect$$rtentry$$0000000D)
    .ARM.Collect$$rtexit$$00000000           0x0800014a   Section        2  rtexit.o(.ARM.Collect$$rtexit$$00000000)
    .ARM.Collect$$rtexit$$00000002           0x0800014c   Section        0  rtexit2.o(.ARM.Collect$$rtexit$$00000002)
    .ARM.Collect$$rtexit$$00000003           0x0800014c   Section        4  rtexit2.o(.ARM.Collect$$rtexit$$00000003)
    .ARM.Collect$$rtexit$$00000004           0x08000150   Section        6  rtexit2.o(.ARM.Collect$$rtexit$$00000004)
    .text                                    0x08000158   Section        0  main.o(.text)
    NVIC_EnableIRQ                           0x080027b9   Thumb Code    14  main.o(.text)
    .text                                    0x080027dc   Section        0  stm32f0xx_gpio.o(.text)
    .text                                    0x080029bc   Section        0  stm32f0xx_rcc.o(.text)
    .text                                    0x08002fb4   Section        0  stm32f0xx_tim.o(.text)
    TI4_Config                               0x080036f5   Thumb Code    66  stm32f0xx_tim.o(.text)
    TI3_Config                               0x08003749   Thumb Code    66  stm32f0xx_tim.o(.text)
    TI2_Config                               0x0800379f   Thumb Code   118  stm32f0xx_tim.o(.text)
    TI1_Config                               0x08003825   Thumb Code    54  stm32f0xx_tim.o(.text)
    .text                                    0x08003b80   Section        0  stm32f0xx_adc.o(.text)
    .text                                    0x08003e60   Section        0  stm32f0xx_usart.o(.text)
    .text                                    0x080043d0   Section        0  stm32f0xx_misc.o(.text)
    .text                                    0x08004484   Section        0  stm32f0xx_i2c.o(.text)
    .text                                    0x080048e8   Section        0  stm32f0xx_iwdg.o(.text)
    .text                                    0x08004930   Section        0  delay.o(.text)
    .text                                    0x08004a2c   Section       56  startup_stm32f0xx_ld.o(.text)
    .text                                    0x08004a64   Section        0  system_stm32f0xx.o(.text)
    SetSysClock                              0x08004a65   Thumb Code   200  system_stm32f0xx.o(.text)
    .text                                    0x08004c4c   Section      346  aeabi_sdiv.o(.text)
    .text                                    0x08004da6   Section        0  heapauxi.o(.text)
    .text                                    0x08004dac   Section        0  dfixui.o(.text)
    .text                                    0x08004df4   Section        0  dflti.o(.text)
    .text                                    0x08004e4c   Section        0  dmul.o(.text)
    .text                                    0x080050dc   Section       62  sys_stackheap_outer.o(.text)
    .text                                    0x0800511a   Section        0  exit.o(.text)
    .text                                    0x08005128   Section        8  libspace.o(.text)
    .text                                    0x08005130   Section        0  sys_exit.o(.text)
    .text                                    0x0800513c   Section        2  use_no_semi.o(.text)
    .text                                    0x0800513e   Section        0  indicate_semi.o(.text)
    i.__ARM_common_switch8                   0x0800513e   Section        0  main.o(i.__ARM_common_switch8)
    x$fpl$usenofp                            0x0800515a   Section        0  usenofp.o(x$fpl$usenofp)
    .data                                    0x20000000   Section      142  main.o(.data)
    Degree_direction                         0x20000017   Data           1  main.o(.data)
    Count                                    0x20000018   Data           4  main.o(.data)
    Count_2                                  0x2000001c   Data           4  main.o(.data)
    Sensor_eva_flag                          0x20000020   Data           1  main.o(.data)
    Sensor_freez_flag                        0x20000021   Data           1  main.o(.data)
    Sensor_ref_flag                          0x20000022   Data           1  main.o(.data)
    Sensor_term_flag                         0x20000023   Data           1  main.o(.data)
    Time_Count                               0x20000024   Data           1  main.o(.data)
    m                                        0x20000078   Data           8  main.o(.data)
    .data                                    0x2000008e   Section       16  stm32f0xx_rcc.o(.data)
    APBAHBPrescTable                         0x2000008e   Data          16  stm32f0xx_rcc.o(.data)
    .data                                    0x200000a0   Section        7  delay.o(.data)
    .data                                    0x200000a8   Section       20  system_stm32f0xx.o(.data)
    .bss                                     0x200000bc   Section      128  main.o(.bss)
    .bss                                     0x2000013c   Section       96  libspace.o(.bss)
    HEAP                                     0x200001a0   Section      512  startup_stm32f0xx_ld.o(HEAP)
    Heap_Mem                                 0x200001a0   Data         512  startup_stm32f0xx_ld.o(HEAP)
    STACK                                    0x200003a0   Section     1024  startup_stm32f0xx_ld.o(STACK)
    Stack_Mem                                0x200003a0   Data        1024  startup_stm32f0xx_ld.o(STACK)
    __initial_sp                             0x200007a0   Data           0  startup_stm32f0xx_ld.o(STACK)

    Global Symbols

    Symbol Name                              Value     Ov Type        Size  Object(Section)

    BuildAttributes$$THM_ISAv3M$S$PE$A:L22$X:L11$S22$IEEE1$IW$USESV6$~STKCKD$USESV7$~SHL$OSPACE$ROPI$EBA8$UX$STANDARDLIB$REQ8$PRES8$EABIv2 0x00000000   Number         0  anon$$obj.o ABSOLUTE
    __ARM_use_no_argv                        0x00000000   Number         0  main.o ABSOLUTE
    __ARM_exceptions_init                     - Undefined Weak Reference
    __alloca_initialize                       - Undefined Weak Reference
    __cpp_initialize__aeabi_                  - Undefined Weak Reference
    __cxa_finalize                            - Undefined Weak Reference
    __rt_locale                               - Undefined Weak Reference
    __sigvec_lookup                           - Undefined Weak Reference
    _atexit_init                              - Undefined Weak Reference
    _call_atexit_fns                          - Undefined Weak Reference
    _clock_init                               - Undefined Weak Reference
    _fp_trap_init                             - Undefined Weak Reference
    _fp_trap_shutdown                         - Undefined Weak Reference
    _get_lc_collate                           - Undefined Weak Reference
    _get_lc_ctype                             - Undefined Weak Reference
    _get_lc_monetary                          - Undefined Weak Reference
    _get_lc_numeric                           - Undefined Weak Reference
    _get_lc_time                              - Undefined Weak Reference
    _getenv_init                              - Undefined Weak Reference
    _handle_redirection                       - Undefined Weak Reference
    _init_alloc                               - Undefined Weak Reference
    _init_user_alloc                          - Undefined Weak Reference
    _initio                                   - Undefined Weak Reference
    _rand_init                                - Undefined Weak Reference
    _signal_finish                            - Undefined Weak Reference
    _signal_init                              - Undefined Weak Reference
    _terminate_alloc                          - Undefined Weak Reference
    _terminate_user_alloc                     - Undefined Weak Reference
    _terminateio                              - Undefined Weak Reference
    __Vectors_Size                           0x000000b0   Number         0  startup_stm32f0xx_ld.o ABSOLUTE
    __Vectors                                0x08000000   Data           4  startup_stm32f0xx_ld.o(RESET)
    __Vectors_End                            0x080000b0   Data           0  startup_stm32f0xx_ld.o(RESET)
    __main                                   0x080000b1   Thumb Code     8  __main.o(!!!main)
    __scatterload                            0x080000b9   Thumb Code     0  __scatter.o(!!!scatter)
    __scatterload_rt2                        0x080000b9   Thumb Code    52  __scatter.o(!!!scatter)
    __scatterload_rt2_thumb_only             0x080000b9   Thumb Code     0  __scatter.o(!!!scatter)
    __scatterload_null                       0x080000c9   Thumb Code     0  __scatter.o(!!!scatter)
    __scatterload_copy                       0x080000f5   Thumb Code    26  __scatter_copy.o(!!handler_copy)
    __scatterload_zeroinit                   0x08000111   Thumb Code    28  __scatter_zi.o(!!handler_zi)
    __rt_lib_init                            0x0800012d   Thumb Code     0  libinit.o(.ARM.Collect$$libinit$$00000000)
    __rt_lib_init_alloca_1                   0x08000133   Thumb Code     0  libinit2.o(.ARM.Collect$$libinit$$0000002A)
    __rt_lib_init_argv_1                     0x08000133   Thumb Code     0  libinit2.o(.ARM.Collect$$libinit$$00000028)
    __rt_lib_init_atexit_1                   0x08000133   Thumb Code     0  libinit2.o(.ARM.Collect$$libinit$$00000017)
    __rt_lib_init_clock_1                    0x08000133   Thumb Code     0  libinit2.o(.ARM.Collect$$libinit$$0000001D)
    __rt_lib_init_cpp_1                      0x08000133   Thumb Code     0  libinit2.o(.ARM.Collect$$libinit$$0000002E)
    __rt_lib_init_exceptions_1               0x08000133   Thumb Code     0  libinit2.o(.ARM.Collect$$libinit$$0000002C)
    __rt_lib_init_fp_trap_1                  0x08000133   Thumb Code     0  libinit2.o(.ARM.Collect$$libinit$$0000001B)
    __rt_lib_init_getenv_1                   0x08000133   Thumb Code     0  libinit2.o(.ARM.Collect$$libinit$$0000001F)
    __rt_lib_init_heap_1                     0x08000133   Thumb Code     0  libinit2.o(.ARM.Collect$$libinit$$00000006)
    __rt_lib_init_lc_collate_1               0x08000133   Thumb Code     0  libinit2.o(.ARM.Collect$$libinit$$0000000D)
    __rt_lib_init_lc_ctype_1                 0x08000133   Thumb Code     0  libinit2.o(.ARM.Collect$$libinit$$0000000F)
    __rt_lib_init_lc_monetary_1              0x08000133   Thumb Code     0  libinit2.o(.ARM.Collect$$libinit$$00000011)
    __rt_lib_init_lc_numeric_1               0x08000133   Thumb Code     0  libinit2.o(.ARM.Collect$$libinit$$00000013)
    __rt_lib_init_lc_time_1                  0x08000133   Thumb Code     0  libinit2.o(.ARM.Collect$$libinit$$00000015)
    __rt_lib_init_rand_1                     0x08000133   Thumb Code     0  libinit2.o(.ARM.Collect$$libinit$$0000000A)
    __rt_lib_init_return                     0x08000133   Thumb Code     0  libinit2.o(.ARM.Collect$$libinit$$0000002F)
    __rt_lib_init_signal_1                   0x08000133   Thumb Code     0  libinit2.o(.ARM.Collect$$libinit$$00000019)
    __rt_lib_init_stdio_1                    0x08000133   Thumb Code     0  libinit2.o(.ARM.Collect$$libinit$$00000021)
    __rt_lib_init_user_alloc_1               0x08000133   Thumb Code     0  libinit2.o(.ARM.Collect$$libinit$$00000008)
    __rt_lib_shutdown                        0x08000135   Thumb Code     0  libshutdown.o(.ARM.Collect$$libshutdown$$00000000)
    __rt_lib_shutdown_fp_trap_1              0x08000137   Thumb Code     0  libshutdown2.o(.ARM.Collect$$libshutdown$$00000006)
    __rt_lib_shutdown_heap_1                 0x08000137   Thumb Code     0  libshutdown2.o(.ARM.Collect$$libshutdown$$0000000E)
    __rt_lib_shutdown_return                 0x08000137   Thumb Code     0  libshutdown2.o(.ARM.Collect$$libshutdown$$0000000F)
    __rt_lib_shutdown_signal_1               0x08000137   Thumb Code     0  libshutdown2.o(.ARM.Collect$$libshutdown$$00000009)
    __rt_lib_shutdown_stdio_1                0x08000137   Thumb Code     0  libshutdown2.o(.ARM.Collect$$libshutdown$$00000003)
    __rt_lib_shutdown_user_alloc_1           0x08000137   Thumb Code     0  libshutdown2.o(.ARM.Collect$$libshutdown$$0000000B)
    __rt_entry                               0x08000139   Thumb Code     0  rtentry.o(.ARM.Collect$$rtentry$$00000000)
    __rt_entry_presh_1                       0x08000139   Thumb Code     0  rtentry2.o(.ARM.Collect$$rtentry$$00000002)
    __rt_entry_sh                            0x08000139   Thumb Code     0  rtentry4.o(.ARM.Collect$$rtentry$$00000004)
    __rt_entry_li                            0x0800013f   Thumb Code     0  rtentry2.o(.ARM.Collect$$rtentry$$0000000A)
    __rt_entry_postsh_1                      0x0800013f   Thumb Code     0  rtentry2.o(.ARM.Collect$$rtentry$$00000009)
    __rt_entry_main                          0x08000143   Thumb Code     0  rtentry2.o(.ARM.Collect$$rtentry$$0000000D)
    __rt_entry_postli_1                      0x08000143   Thumb Code     0  rtentry2.o(.ARM.Collect$$rtentry$$0000000C)
    __rt_exit                                0x0800014b   Thumb Code     0  rtexit.o(.ARM.Collect$$rtexit$$00000000)
    __rt_exit_ls                             0x0800014d   Thumb Code     0  rtexit2.o(.ARM.Collect$$rtexit$$00000003)
    __rt_exit_prels_1                        0x0800014d   Thumb Code     0  rtexit2.o(.ARM.Collect$$rtexit$$00000002)
    __rt_exit_exit                           0x08000151   Thumb Code     0  rtexit2.o(.ARM.Collect$$rtexit$$00000004)
    GPIO_Config                              0x08000159   Thumb Code    98  main.o(.text)
    Timer_Init                               0x080001bb   Thumb Code   282  main.o(.text)
    PWM_Set_Puls                             0x080002d5   Thumb Code    74  main.o(.text)
    PWM_Enable                               0x0800031f   Thumb Code    12  main.o(.text)
    PWM_Disable                              0x0800032b   Thumb Code    12  main.o(.text)
    Usart_Init                               0x08000337   Thumb Code   132  main.o(.text)
    Usart_Send                               0x080003bb   Thumb Code    28  main.o(.text)
    I2C1_Init                                0x080003d7   Thumb Code    90  main.o(.text)
    I2C_Write                                0x08000431   Thumb Code   148  main.o(.text)
    I2C_Read                                 0x080004c5   Thumb Code   200  main.o(.text)
    ADC1_Init                                0x0800058d   Thumb Code   208  main.o(.text)
    EEPROM_All_Data_Read                     0x0800065d   Thumb Code   106  main.o(.text)
    IWD_Init                                 0x080006c7   Thumb Code    30  main.o(.text)
    Send_Sensor_Data                         0x080006e5   Thumb Code   276  main.o(.text)
    Send_All_Data                            0x080007f9   Thumb Code   248  main.o(.text)
    Door_Operand                             0x080008f1   Thumb Code   320  main.o(.text)
    Cmp_Status                               0x08000a31   Thumb Code   220  main.o(.text)
    Term_Status                              0x08000b0d   Thumb Code    86  main.o(.text)
    Startup                                  0x08000b63   Thumb Code   642  main.o(.text)
    ADC1_IRQHandler                          0x08000de5   Thumb Code   970  main.o(.text)
    TIM3_IRQHandler                          0x080011af   Thumb Code   162  main.o(.text)
    TIM1_BRK_UP_TRG_COM_IRQHandler           0x08001251   Thumb Code  2020  main.o(.text)
    USART1_IRQHandler                        0x08001a35   Thumb Code  2104  main.o(.text)
    main                                     0x0800226d   Thumb Code  1356  main.o(.text)
    GPIO_DeInit                              0x080027dd   Thumb Code   132  stm32f0xx_gpio.o(.text)
    GPIO_Init                                0x08002861   Thumb Code   144  stm32f0xx_gpio.o(.text)
    GPIO_StructInit                          0x080028f1   Thumb Code    20  stm32f0xx_gpio.o(.text)
    GPIO_PinLockConfig                       0x08002905   Thumb Code    22  stm32f0xx_gpio.o(.text)
    GPIO_ReadInputDataBit                    0x0800291b   Thumb Code    18  stm32f0xx_gpio.o(.text)
    GPIO_ReadInputData                       0x0800292d   Thumb Code     6  stm32f0xx_gpio.o(.text)
    GPIO_ReadOutputDataBit                   0x08002933   Thumb Code    18  stm32f0xx_gpio.o(.text)
    GPIO_ReadOutputData                      0x08002945   Thumb Code     6  stm32f0xx_gpio.o(.text)
    GPIO_SetBits                             0x0800294b   Thumb Code     4  stm32f0xx_gpio.o(.text)
    GPIO_ResetBits                           0x0800294f   Thumb Code     4  stm32f0xx_gpio.o(.text)
    GPIO_WriteBit                            0x08002953   Thumb Code    12  stm32f0xx_gpio.o(.text)
    GPIO_Write                               0x0800295f   Thumb Code     4  stm32f0xx_gpio.o(.text)
    GPIO_PinAFConfig                         0x08002963   Thumb Code    68  stm32f0xx_gpio.o(.text)
    RCC_DeInit                               0x080029bd   Thumb Code   118  stm32f0xx_rcc.o(.text)
    RCC_HSEConfig                            0x08002a33   Thumb Code    12  stm32f0xx_rcc.o(.text)
    RCC_GetFlagStatus                        0x08002a3f   Thumb Code    66  stm32f0xx_rcc.o(.text)
    RCC_WaitForHSEStartUp                    0x08002a81   Thumb Code    52  stm32f0xx_rcc.o(.text)
    RCC_AdjustHSICalibrationValue            0x08002ab5   Thumb Code    26  stm32f0xx_rcc.o(.text)
    RCC_HSICmd                               0x08002acf   Thumb Code    32  stm32f0xx_rcc.o(.text)
    RCC_AdjustHSI14CalibrationValue          0x08002aef   Thumb Code    26  stm32f0xx_rcc.o(.text)
    RCC_HSI14Cmd                             0x08002b09   Thumb Code    32  stm32f0xx_rcc.o(.text)
    RCC_HSI14ADCRequestCmd                   0x08002b29   Thumb Code    32  stm32f0xx_rcc.o(.text)
    RCC_LSEConfig                            0x08002b49   Thumb Code    34  stm32f0xx_rcc.o(.text)
    RCC_LSEDriveConfig                       0x08002b6b   Thumb Code    22  stm32f0xx_rcc.o(.text)
    RCC_LSICmd                               0x08002b81   Thumb Code    32  stm32f0xx_rcc.o(.text)
    RCC_PLLConfig                            0x08002ba1   Thumb Code    30  stm32f0xx_rcc.o(.text)
    RCC_PLLCmd                               0x08002bbf   Thumb Code    36  stm32f0xx_rcc.o(.text)
    RCC_PREDIV1Config                        0x08002be3   Thumb Code    24  stm32f0xx_rcc.o(.text)
    RCC_ClockSecuritySystemCmd               0x08002bfb   Thumb Code    36  stm32f0xx_rcc.o(.text)
    RCC_MCOConfig                            0x08002c1f   Thumb Code     6  stm32f0xx_rcc.o(.text)
    RCC_SYSCLKConfig                         0x08002c25   Thumb Code    24  stm32f0xx_rcc.o(.text)
    RCC_GetSYSCLKSource                      0x08002c3d   Thumb Code    10  stm32f0xx_rcc.o(.text)
    RCC_HCLKConfig                           0x08002c47   Thumb Code    28  stm32f0xx_rcc.o(.text)
    RCC_PCLKConfig                           0x08002c63   Thumb Code    30  stm32f0xx_rcc.o(.text)
    RCC_ADCCLKConfig                         0x08002c81   Thumb Code    52  stm32f0xx_rcc.o(.text)
    RCC_CECCLKConfig                         0x08002cb5   Thumb Code    22  stm32f0xx_rcc.o(.text)
    RCC_I2CCLKConfig                         0x08002ccb   Thumb Code    22  stm32f0xx_rcc.o(.text)
    RCC_USARTCLKConfig                       0x08002ce1   Thumb Code    22  stm32f0xx_rcc.o(.text)
    RCC_GetClocksFreq                        0x08002cf7   Thumb Code   366  stm32f0xx_rcc.o(.text)
    RCC_RTCCLKConfig                         0x08002e65   Thumb Code    12  stm32f0xx_rcc.o(.text)
    RCC_RTCCLKCmd                            0x08002e71   Thumb Code    36  stm32f0xx_rcc.o(.text)
    RCC_BackupResetCmd                       0x08002e95   Thumb Code    36  stm32f0xx_rcc.o(.text)
    RCC_AHBPeriphClockCmd                    0x08002eb9   Thumb Code    28  stm32f0xx_rcc.o(.text)
    RCC_APB2PeriphClockCmd                   0x08002ed5   Thumb Code    28  stm32f0xx_rcc.o(.text)
    RCC_APB1PeriphClockCmd                   0x08002ef1   Thumb Code    28  stm32f0xx_rcc.o(.text)
    RCC_AHBPeriphResetCmd                    0x08002f0d   Thumb Code    28  stm32f0xx_rcc.o(.text)
    RCC_APB2PeriphResetCmd                   0x08002f29   Thumb Code    28  stm32f0xx_rcc.o(.text)
    RCC_APB1PeriphResetCmd                   0x08002f45   Thumb Code    28  stm32f0xx_rcc.o(.text)
    RCC_ITConfig                             0x08002f61   Thumb Code    28  stm32f0xx_rcc.o(.text)
    RCC_ClearFlag                            0x08002f7d   Thumb Code    16  stm32f0xx_rcc.o(.text)
    RCC_GetITStatus                          0x08002f8d   Thumb Code    20  stm32f0xx_rcc.o(.text)
    RCC_ClearITPendingBit                    0x08002fa1   Thumb Code     6  stm32f0xx_rcc.o(.text)
    TIM_DeInit                               0x08002fb5   Thumb Code   204  stm32f0xx_tim.o(.text)
    TIM_TimeBaseInit                         0x08003081   Thumb Code    90  stm32f0xx_tim.o(.text)
    TIM_TimeBaseStructInit                   0x080030db   Thumb Code    18  stm32f0xx_tim.o(.text)
    TIM_PrescalerConfig                      0x080030ed   Thumb Code     6  stm32f0xx_tim.o(.text)
    TIM_CounterModeConfig                    0x080030f3   Thumb Code    20  stm32f0xx_tim.o(.text)
    TIM_SetCounter                           0x08003107   Thumb Code     4  stm32f0xx_tim.o(.text)
    TIM_SetAutoreload                        0x0800310b   Thumb Code     4  stm32f0xx_tim.o(.text)
    TIM_GetCounter                           0x0800310f   Thumb Code     6  stm32f0xx_tim.o(.text)
    TIM_GetPrescaler                         0x08003115   Thumb Code     6  stm32f0xx_tim.o(.text)
    TIM_UpdateDisableConfig                  0x0800311b   Thumb Code    26  stm32f0xx_tim.o(.text)
    TIM_UpdateRequestConfig                  0x08003135   Thumb Code    26  stm32f0xx_tim.o(.text)
    TIM_ARRPreloadConfig                     0x0800314f   Thumb Code    26  stm32f0xx_tim.o(.text)
    TIM_SelectOnePulseMode                   0x08003169   Thumb Code    18  stm32f0xx_tim.o(.text)
    TIM_SetClockDivision                     0x0800317b   Thumb Code    16  stm32f0xx_tim.o(.text)
    TIM_Cmd                                  0x0800318b   Thumb Code    26  stm32f0xx_tim.o(.text)
    TIM_BDTRConfig                           0x080031a5   Thumb Code    32  stm32f0xx_tim.o(.text)
    TIM_BDTRStructInit                       0x080031c5   Thumb Code    18  stm32f0xx_tim.o(.text)
    TIM_CtrlPWMOutputs                       0x080031d7   Thumb Code    34  stm32f0xx_tim.o(.text)
    TIM_OC1Init                              0x080031f9   Thumb Code   122  stm32f0xx_tim.o(.text)
    TIM_OC2Init                              0x08003273   Thumb Code   132  stm32f0xx_tim.o(.text)
    TIM_OC3Init                              0x080032f7   Thumb Code   124  stm32f0xx_tim.o(.text)
    TIM_OC4Init                              0x08003373   Thumb Code   150  stm32f0xx_tim.o(.text)
    TIM_OCStructInit                         0x08003409   Thumb Code    20  stm32f0xx_tim.o(.text)
    TIM_SelectOCxM                           0x0800341d   Thumb Code    82  stm32f0xx_tim.o(.text)
    TIM_SetCompare1                          0x0800346f   Thumb Code     4  stm32f0xx_tim.o(.text)
    TIM_SetCompare2                          0x08003473   Thumb Code     4  stm32f0xx_tim.o(.text)
    TIM_SetCompare3                          0x08003477   Thumb Code     4  stm32f0xx_tim.o(.text)
    TIM_SetCompare4                          0x0800347b   Thumb Code     4  stm32f0xx_tim.o(.text)
    TIM_ForcedOC1Config                      0x0800347f   Thumb Code    20  stm32f0xx_tim.o(.text)
    TIM_ForcedOC2Config                      0x08003493   Thumb Code    20  stm32f0xx_tim.o(.text)
    TIM_ForcedOC3Config                      0x080034a7   Thumb Code    20  stm32f0xx_tim.o(.text)
    TIM_ForcedOC4Config                      0x080034bb   Thumb Code    20  stm32f0xx_tim.o(.text)
    TIM_CCPreloadControl                     0x080034cf   Thumb Code    26  stm32f0xx_tim.o(.text)
    TIM_OC1PreloadConfig                     0x080034e9   Thumb Code    22  stm32f0xx_tim.o(.text)
    TIM_OC2PreloadConfig                     0x080034ff   Thumb Code    20  stm32f0xx_tim.o(.text)
    TIM_OC3PreloadConfig                     0x08003513   Thumb Code    22  stm32f0xx_tim.o(.text)
    TIM_OC4PreloadConfig                     0x08003529   Thumb Code    20  stm32f0xx_tim.o(.text)
    TIM_OC1FastConfig                        0x0800353d   Thumb Code    22  stm32f0xx_tim.o(.text)
    TIM_OC2FastConfig                        0x08003553   Thumb Code    20  stm32f0xx_tim.o(.text)
    TIM_OC3FastConfig                        0x08003567   Thumb Code    22  stm32f0xx_tim.o(.text)
    TIM_OC4FastConfig                        0x0800357d   Thumb Code    20  stm32f0xx_tim.o(.text)
    TIM_ClearOC1Ref                          0x08003591   Thumb Code    22  stm32f0xx_tim.o(.text)
    TIM_ClearOC2Ref                          0x080035a7   Thumb Code    20  stm32f0xx_tim.o(.text)
    TIM_ClearOC3Ref                          0x080035bb   Thumb Code    22  stm32f0xx_tim.o(.text)
    TIM_ClearOC4Ref                          0x080035d1   Thumb Code    20  stm32f0xx_tim.o(.text)
    TIM_OC1PolarityConfig                    0x080035e5   Thumb Code    22  stm32f0xx_tim.o(.text)
    TIM_OC1NPolarityConfig                   0x080035fb   Thumb Code    22  stm32f0xx_tim.o(.text)
    TIM_OC2PolarityConfig                    0x08003611   Thumb Code    22  stm32f0xx_tim.o(.text)
    TIM_OC2NPolarityConfig                   0x08003627   Thumb Code    22  stm32f0xx_tim.o(.text)
    TIM_OC3PolarityConfig                    0x0800363d   Thumb Code    20  stm32f0xx_tim.o(.text)
    TIM_OC3NPolarityConfig                   0x08003651   Thumb Code    20  stm32f0xx_tim.o(.text)
    TIM_OC4PolarityConfig                    0x08003665   Thumb Code    20  stm32f0xx_tim.o(.text)
    TIM_SelectOCREFClear                     0x08003679   Thumb Code    18  stm32f0xx_tim.o(.text)
    TIM_CCxCmd                               0x0800368b   Thumb Code    30  stm32f0xx_tim.o(.text)
    TIM_CCxNCmd                              0x080036a9   Thumb Code    30  stm32f0xx_tim.o(.text)
    TIM_SelectCOM                            0x080036c7   Thumb Code    26  stm32f0xx_tim.o(.text)
    TIM_SetIC4Prescaler                      0x080036e1   Thumb Code    20  stm32f0xx_tim.o(.text)
    TIM_SetIC3Prescaler                      0x08003737   Thumb Code    18  stm32f0xx_tim.o(.text)
    TIM_SetIC2Prescaler                      0x0800378b   Thumb Code    20  stm32f0xx_tim.o(.text)
    TIM_SetIC1Prescaler                      0x08003815   Thumb Code    16  stm32f0xx_tim.o(.text)
    TIM_ICInit                               0x0800385b   Thumb Code   112  stm32f0xx_tim.o(.text)
    TIM_ICStructInit                         0x080038cb   Thumb Code    18  stm32f0xx_tim.o(.text)
    TIM_PWMIConfig                           0x080038dd   Thumb Code   124  stm32f0xx_tim.o(.text)
    TIM_GetCapture1                          0x08003959   Thumb Code     6  stm32f0xx_tim.o(.text)
    TIM_GetCapture2                          0x0800395f   Thumb Code     6  stm32f0xx_tim.o(.text)
    TIM_GetCapture3                          0x08003965   Thumb Code     6  stm32f0xx_tim.o(.text)
    TIM_GetCapture4                          0x0800396b   Thumb Code     6  stm32f0xx_tim.o(.text)
    TIM_ITConfig                             0x08003971   Thumb Code    20  stm32f0xx_tim.o(.text)
    TIM_GenerateEvent                        0x08003985   Thumb Code     4  stm32f0xx_tim.o(.text)
    TIM_GetFlagStatus                        0x08003989   Thumb Code    18  stm32f0xx_tim.o(.text)
    TIM_ClearFlag                            0x0800399b   Thumb Code     6  stm32f0xx_tim.o(.text)
    TIM_GetITStatus                          0x080039a1   Thumb Code    38  stm32f0xx_tim.o(.text)
    TIM_ClearITPendingBit                    0x080039c7   Thumb Code     6  stm32f0xx_tim.o(.text)
    TIM_DMAConfig                            0x080039cd   Thumb Code    12  stm32f0xx_tim.o(.text)
    TIM_DMACmd                               0x080039d9   Thumb Code    20  stm32f0xx_tim.o(.text)
    TIM_SelectCCDMA                          0x080039ed   Thumb Code    26  stm32f0xx_tim.o(.text)
    TIM_InternalClockConfig                  0x08003a07   Thumb Code    12  stm32f0xx_tim.o(.text)
    TIM_SelectInputTrigger                   0x08003a13   Thumb Code    22  stm32f0xx_tim.o(.text)
    TIM_ITRxExternalClockConfig              0x08003a29   Thumb Code    24  stm32f0xx_tim.o(.text)
    TIM_TIxExternalClockConfig               0x08003a41   Thumb Code    58  stm32f0xx_tim.o(.text)
    TIM_ETRConfig                            0x08003a7b   Thumb Code    24  stm32f0xx_tim.o(.text)
    TIM_ETRClockMode1Config                  0x08003a93   Thumb Code    48  stm32f0xx_tim.o(.text)
    TIM_ETRClockMode2Config                  0x08003ac3   Thumb Code    34  stm32f0xx_tim.o(.text)
    TIM_SelectOutputTrigger                  0x08003ae5   Thumb Code    18  stm32f0xx_tim.o(.text)
    TIM_SelectSlaveMode                      0x08003af7   Thumb Code    18  stm32f0xx_tim.o(.text)
    TIM_SelectMasterSlaveMode                0x08003b09   Thumb Code    18  stm32f0xx_tim.o(.text)
    TIM_EncoderInterfaceConfig               0x08003b1b   Thumb Code    60  stm32f0xx_tim.o(.text)
    TIM_SelectHallSensor                     0x08003b57   Thumb Code    26  stm32f0xx_tim.o(.text)
    TIM_RemapConfig                          0x08003b71   Thumb Code     6  stm32f0xx_tim.o(.text)
    ADC_DeInit                               0x08003b81   Thumb Code    28  stm32f0xx_adc.o(.text)
    ADC_Init                                 0x08003b9d   Thumb Code    40  stm32f0xx_adc.o(.text)
    ADC_StructInit                           0x08003bc5   Thumb Code    16  stm32f0xx_adc.o(.text)
    ADC_Cmd                                  0x08003bd5   Thumb Code    24  stm32f0xx_adc.o(.text)
    ADC_JitterCmd                            0x08003bed   Thumb Code    20  stm32f0xx_adc.o(.text)
    ADC_AutoPowerOffCmd                      0x08003c01   Thumb Code    28  stm32f0xx_adc.o(.text)
    ADC_WaitModeCmd                          0x08003c1d   Thumb Code    28  stm32f0xx_adc.o(.text)
    ADC_AnalogWatchdogCmd                    0x08003c39   Thumb Code    28  stm32f0xx_adc.o(.text)
    ADC_AnalogWatchdogThresholdsConfig       0x08003c55   Thumb Code     8  stm32f0xx_adc.o(.text)
    ADC_AnalogWatchdogSingleChannelConfig    0x08003c5d   Thumb Code    28  stm32f0xx_adc.o(.text)
    ADC_AnalogWatchdogSingleChannelCmd       0x08003c79   Thumb Code    28  stm32f0xx_adc.o(.text)
    ADC_TempSensorCmd                        0x08003c95   Thumb Code    36  stm32f0xx_adc.o(.text)
    ADC_VrefintCmd                           0x08003cb9   Thumb Code    36  stm32f0xx_adc.o(.text)
    ADC_VbatCmd                              0x08003cdd   Thumb Code    36  stm32f0xx_adc.o(.text)
    ADC_ChannelConfig                        0x08003d01   Thumb Code    24  stm32f0xx_adc.o(.text)
    ADC_ContinuousModeCmd                    0x08003d19   Thumb Code    28  stm32f0xx_adc.o(.text)
    ADC_DiscModeCmd                          0x08003d35   Thumb Code    28  stm32f0xx_adc.o(.text)
    ADC_OverrunModeCmd                       0x08003d51   Thumb Code    28  stm32f0xx_adc.o(.text)
    ADC_GetCalibrationFactor                 0x08003d6d   Thumb Code    58  stm32f0xx_adc.o(.text)
    ADC_StopOfConversion                     0x08003da7   Thumb Code    10  stm32f0xx_adc.o(.text)
    ADC_StartOfConversion                    0x08003db1   Thumb Code    10  stm32f0xx_adc.o(.text)
    ADC_GetConversionValue                   0x08003dbb   Thumb Code     8  stm32f0xx_adc.o(.text)
    ADC_DMACmd                               0x08003dc3   Thumb Code    24  stm32f0xx_adc.o(.text)
    ADC_DMARequestModeConfig                 0x08003ddb   Thumb Code    16  stm32f0xx_adc.o(.text)
    ADC_ITConfig                             0x08003deb   Thumb Code    20  stm32f0xx_adc.o(.text)
    ADC_GetFlagStatus                        0x08003dff   Thumb Code    44  stm32f0xx_adc.o(.text)
    ADC_ClearFlag                            0x08003e2b   Thumb Code     4  stm32f0xx_adc.o(.text)
    ADC_GetITStatus                          0x08003e2f   Thumb Code    32  stm32f0xx_adc.o(.text)
    ADC_ClearITPendingBit                    0x08003e4f   Thumb Code     4  stm32f0xx_adc.o(.text)
    USART_DeInit                             0x08003e61   Thumb Code    56  stm32f0xx_usart.o(.text)
    USART_Init                               0x08003e99   Thumb Code   230  stm32f0xx_usart.o(.text)
    USART_StructInit                         0x08003f7f   Thumb Code    24  stm32f0xx_usart.o(.text)
    USART_ClockInit                          0x08003f97   Thumb Code    36  stm32f0xx_usart.o(.text)
    USART_ClockStructInit                    0x08003fbb   Thumb Code    12  stm32f0xx_usart.o(.text)
    USART_Cmd                                0x08003fc7   Thumb Code    24  stm32f0xx_usart.o(.text)
    USART_DirectionModeCmd                   0x08003fdf   Thumb Code    20  stm32f0xx_usart.o(.text)
    USART_OverSampling8Cmd                   0x08003ff3   Thumb Code    28  stm32f0xx_usart.o(.text)
    USART_OneBitMethodCmd                    0x0800400f   Thumb Code    28  stm32f0xx_usart.o(.text)
    USART_MSBFirstCmd                        0x0800402b   Thumb Code    28  stm32f0xx_usart.o(.text)
    USART_DataInvCmd                         0x08004047   Thumb Code    28  stm32f0xx_usart.o(.text)
    USART_InvPinCmd                          0x08004063   Thumb Code    20  stm32f0xx_usart.o(.text)
    USART_SWAPPinCmd                         0x08004077   Thumb Code    28  stm32f0xx_usart.o(.text)
    USART_ReceiverTimeOutCmd                 0x08004093   Thumb Code    28  stm32f0xx_usart.o(.text)
    USART_SetReceiverTimeOut                 0x080040af   Thumb Code    16  stm32f0xx_usart.o(.text)
    USART_SetPrescaler                       0x080040bf   Thumb Code    18  stm32f0xx_usart.o(.text)
    USART_STOPModeCmd                        0x080040d1   Thumb Code    24  stm32f0xx_usart.o(.text)
    USART_StopModeWakeUpSourceConfig         0x080040e9   Thumb Code    18  stm32f0xx_usart.o(.text)
    USART_AutoBaudRateCmd                    0x080040fb   Thumb Code    28  stm32f0xx_usart.o(.text)
    USART_AutoBaudRateConfig                 0x08004117   Thumb Code    18  stm32f0xx_usart.o(.text)
    USART_AutoBaudRateNewRequest             0x08004129   Thumb Code    12  stm32f0xx_usart.o(.text)
    USART_SendData                           0x08004135   Thumb Code     8  stm32f0xx_usart.o(.text)
    USART_ReceiveData                        0x0800413d   Thumb Code    10  stm32f0xx_usart.o(.text)
    USART_SetAddress                         0x08004147   Thumb Code    18  stm32f0xx_usart.o(.text)
    USART_MuteModeCmd                        0x08004159   Thumb Code    28  stm32f0xx_usart.o(.text)
    USART_MuteModeWakeUpConfig               0x08004175   Thumb Code    18  stm32f0xx_usart.o(.text)
    USART_AddressDetectionConfig             0x08004187   Thumb Code    16  stm32f0xx_usart.o(.text)
    USART_LINBreakDetectLengthConfig         0x08004197   Thumb Code    16  stm32f0xx_usart.o(.text)
    USART_LINCmd                             0x080041a7   Thumb Code    28  stm32f0xx_usart.o(.text)
    USART_HalfDuplexCmd                      0x080041c3   Thumb Code    24  stm32f0xx_usart.o(.text)
    USART_SetGuardTime                       0x080041db   Thumb Code    16  stm32f0xx_usart.o(.text)
    USART_SmartCardCmd                       0x080041eb   Thumb Code    24  stm32f0xx_usart.o(.text)
    USART_SmartCardNACKCmd                   0x08004203   Thumb Code    24  stm32f0xx_usart.o(.text)
    USART_SetAutoRetryCount                  0x0800421b   Thumb Code    20  stm32f0xx_usart.o(.text)
    USART_SetBlockLength                     0x0800422f   Thumb Code    30  stm32f0xx_usart.o(.text)
    USART_IrDAConfig                         0x0800424d   Thumb Code    16  stm32f0xx_usart.o(.text)
    USART_IrDACmd                            0x0800425d   Thumb Code    24  stm32f0xx_usart.o(.text)
    USART_DECmd                              0x08004275   Thumb Code    28  stm32f0xx_usart.o(.text)
    USART_DEPolarityConfig                   0x08004291   Thumb Code    18  stm32f0xx_usart.o(.text)
    USART_SetDEAssertionTime                 0x080042a3   Thumb Code    20  stm32f0xx_usart.o(.text)
    USART_SetDEDeassertionTime               0x080042b7   Thumb Code    20  stm32f0xx_usart.o(.text)
    USART_DMACmd                             0x080042cb   Thumb Code    20  stm32f0xx_usart.o(.text)
    USART_DMAReceptionErrorConfig            0x080042df   Thumb Code    18  stm32f0xx_usart.o(.text)
    USART_ITConfig                           0x080042f1   Thumb Code    66  stm32f0xx_usart.o(.text)
    USART_RequestCmd                         0x08004333   Thumb Code    20  stm32f0xx_usart.o(.text)
    USART_OverrunDetectionConfig             0x08004347   Thumb Code    18  stm32f0xx_usart.o(.text)
    USART_GetFlagStatus                      0x08004359   Thumb Code    18  stm32f0xx_usart.o(.text)
    USART_ClearFlag                          0x0800436b   Thumb Code     4  stm32f0xx_usart.o(.text)
    USART_GetITStatus                        0x0800436f   Thumb Code    78  stm32f0xx_usart.o(.text)
    USART_ClearITPendingBit                  0x080043bd   Thumb Code    18  stm32f0xx_usart.o(.text)
    NVIC_Init                                0x080043d1   Thumb Code   106  stm32f0xx_misc.o(.text)
    NVIC_SystemLPConfig                      0x0800443b   Thumb Code    28  stm32f0xx_misc.o(.text)
    SysTick_CLKSourceConfig                  0x08004457   Thumb Code    32  stm32f0xx_misc.o(.text)
    I2C_DeInit                               0x08004485   Thumb Code    50  stm32f0xx_i2c.o(.text)
    I2C_Init                                 0x080044b7   Thumb Code    98  stm32f0xx_i2c.o(.text)
    I2C_StructInit                           0x08004519   Thumb Code    24  stm32f0xx_i2c.o(.text)
    I2C_Cmd                                  0x08004531   Thumb Code    24  stm32f0xx_i2c.o(.text)
    I2C_SoftwareResetCmd                     0x08004549   Thumb Code    28  stm32f0xx_i2c.o(.text)
    I2C_ITConfig                             0x08004565   Thumb Code    20  stm32f0xx_i2c.o(.text)
    I2C_StretchClockCmd                      0x08004579   Thumb Code    28  stm32f0xx_i2c.o(.text)
    I2C_StopModeCmd                          0x08004595   Thumb Code    28  stm32f0xx_i2c.o(.text)
    I2C_DualAddressCmd                       0x080045b1   Thumb Code    28  stm32f0xx_i2c.o(.text)
    I2C_OwnAddress2Config                    0x080045cd   Thumb Code    32  stm32f0xx_i2c.o(.text)
    I2C_GeneralCallCmd                       0x080045ed   Thumb Code    28  stm32f0xx_i2c.o(.text)
    I2C_SlaveByteControlCmd                  0x08004609   Thumb Code    28  stm32f0xx_i2c.o(.text)
    I2C_SlaveAddressConfig                   0x08004625   Thumb Code    20  stm32f0xx_i2c.o(.text)
    I2C_10BitAddressingModeCmd               0x08004639   Thumb Code    28  stm32f0xx_i2c.o(.text)
    I2C_AutoEndCmd                           0x08004655   Thumb Code    28  stm32f0xx_i2c.o(.text)
    I2C_ReloadCmd                            0x08004671   Thumb Code    28  stm32f0xx_i2c.o(.text)
    I2C_NumberOfBytesConfig                  0x0800468d   Thumb Code    28  stm32f0xx_i2c.o(.text)
    I2C_MasterRequestConfig                  0x080046a9   Thumb Code    28  stm32f0xx_i2c.o(.text)
    I2C_GenerateSTART                        0x080046c5   Thumb Code    28  stm32f0xx_i2c.o(.text)
    I2C_GenerateSTOP                         0x080046e1   Thumb Code    28  stm32f0xx_i2c.o(.text)
    I2C_10BitAddressHeaderCmd                0x080046fd   Thumb Code    28  stm32f0xx_i2c.o(.text)
    I2C_AcknowledgeConfig                    0x08004719   Thumb Code    28  stm32f0xx_i2c.o(.text)
    I2C_GetAddressMatched                    0x08004735   Thumb Code    14  stm32f0xx_i2c.o(.text)
    I2C_GetTransferDirection                 0x08004743   Thumb Code    30  stm32f0xx_i2c.o(.text)
    I2C_TransferHandling                     0x08004761   Thumb Code    38  stm32f0xx_i2c.o(.text)
    I2C_SMBusAlertCmd                        0x08004787   Thumb Code    28  stm32f0xx_i2c.o(.text)
    I2C_ClockTimeoutCmd                      0x080047a3   Thumb Code    28  stm32f0xx_i2c.o(.text)
    I2C_ExtendedClockTimeoutCmd              0x080047bf   Thumb Code    26  stm32f0xx_i2c.o(.text)
    I2C_IdleClockTimeoutCmd                  0x080047d9   Thumb Code    28  stm32f0xx_i2c.o(.text)
    I2C_TimeoutAConfig                       0x080047f5   Thumb Code    20  stm32f0xx_i2c.o(.text)
    I2C_TimeoutBConfig                       0x08004809   Thumb Code    26  stm32f0xx_i2c.o(.text)
    I2C_CalculatePEC                         0x08004823   Thumb Code    28  stm32f0xx_i2c.o(.text)
    I2C_PECRequestCmd                        0x0800483f   Thumb Code    28  stm32f0xx_i2c.o(.text)
    I2C_GetPEC                               0x0800485b   Thumb Code     8  stm32f0xx_i2c.o(.text)
    I2C_ReadRegister                         0x08004863   Thumb Code    38  stm32f0xx_i2c.o(.text)
    I2C_SendData                             0x08004889   Thumb Code     4  stm32f0xx_i2c.o(.text)
    I2C_ReceiveData                          0x0800488d   Thumb Code     8  stm32f0xx_i2c.o(.text)
    I2C_DMACmd                               0x08004895   Thumb Code    20  stm32f0xx_i2c.o(.text)
    I2C_GetFlagStatus                        0x080048a9   Thumb Code    28  stm32f0xx_i2c.o(.text)
    I2C_ClearFlag                            0x080048c5   Thumb Code     4  stm32f0xx_i2c.o(.text)
    I2C_GetITStatus                          0x080048c9   Thumb Code    28  stm32f0xx_i2c.o(.text)
    I2C_ClearITPendingBit                    0x080048e5   Thumb Code     4  stm32f0xx_i2c.o(.text)
    IWDG_WriteAccessCmd                      0x080048e9   Thumb Code     6  stm32f0xx_iwdg.o(.text)
    IWDG_SetPrescaler                        0x080048ef   Thumb Code     6  stm32f0xx_iwdg.o(.text)
    IWDG_SetReload                           0x080048f5   Thumb Code     6  stm32f0xx_iwdg.o(.text)
    IWDG_ReloadCounter                       0x080048fb   Thumb Code     8  stm32f0xx_iwdg.o(.text)
    IWDG_SetWindowValue                      0x08004903   Thumb Code     6  stm32f0xx_iwdg.o(.text)
    IWDG_Enable                              0x08004909   Thumb Code     8  stm32f0xx_iwdg.o(.text)
    IWDG_GetFlagStatus                       0x08004911   Thumb Code    20  stm32f0xx_iwdg.o(.text)
    Delay_Init                               0x08004931   Thumb Code    66  delay.o(.text)
    delay_s                                  0x08004973   Thumb Code    56  delay.o(.text)
    delay_ms                                 0x080049ab   Thumb Code    56  delay.o(.text)
    delay_us                                 0x080049e3   Thumb Code    56  delay.o(.text)
    Reset_Handler                            0x08004a2d   Thumb Code     8  startup_stm32f0xx_ld.o(.text)
    NMI_Handler                              0x08004a35   Thumb Code     2  startup_stm32f0xx_ld.o(.text)
    HardFault_Handler                        0x08004a37   Thumb Code     2  startup_stm32f0xx_ld.o(.text)
    SVC_Handler                              0x08004a39   Thumb Code     2  startup_stm32f0xx_ld.o(.text)
    PendSV_Handler                           0x08004a3b   Thumb Code     2  startup_stm32f0xx_ld.o(.text)
    SysTick_Handler                          0x08004a3d   Thumb Code     2  startup_stm32f0xx_ld.o(.text)
    DMA1_Channel1_IRQHandler                 0x08004a3f   Thumb Code     0  startup_stm32f0xx_ld.o(.text)
    DMA1_Channel2_3_IRQHandler               0x08004a3f   Thumb Code     0  startup_stm32f0xx_ld.o(.text)
    DMA1_Channel4_5_IRQHandler               0x08004a3f   Thumb Code     0  startup_stm32f0xx_ld.o(.text)
    EXTI0_1_IRQHandler                       0x08004a3f   Thumb Code     0  startup_stm32f0xx_ld.o(.text)
    EXTI2_3_IRQHandler                       0x08004a3f   Thumb Code     0  startup_stm32f0xx_ld.o(.text)
    EXTI4_15_IRQHandler                      0x08004a3f   Thumb Code     0  startup_stm32f0xx_ld.o(.text)
    FLASH_IRQHandler                         0x08004a3f   Thumb Code     0  startup_stm32f0xx_ld.o(.text)
    I2C1_IRQHandler                          0x08004a3f   Thumb Code     0  startup_stm32f0xx_ld.o(.text)
    PVD_IRQHandler                           0x08004a3f   Thumb Code     0  startup_stm32f0xx_ld.o(.text)
    RCC_IRQHandler                           0x08004a3f   Thumb Code     0  startup_stm32f0xx_ld.o(.text)
    RTC_IRQHandler                           0x08004a3f   Thumb Code     0  startup_stm32f0xx_ld.o(.text)
    SPI1_IRQHandler                          0x08004a3f   Thumb Code     0  startup_stm32f0xx_ld.o(.text)
    TIM14_IRQHandler                         0x08004a3f   Thumb Code     0  startup_stm32f0xx_ld.o(.text)
    TIM16_IRQHandler                         0x08004a3f   Thumb Code     0  startup_stm32f0xx_ld.o(.text)
    TIM17_IRQHandler                         0x08004a3f   Thumb Code     0  startup_stm32f0xx_ld.o(.text)
    TIM1_CC_IRQHandler                       0x08004a3f   Thumb Code     0  startup_stm32f0xx_ld.o(.text)
    TIM2_IRQHandler                          0x08004a3f   Thumb Code     0  startup_stm32f0xx_ld.o(.text)
    WWDG_IRQHandler                          0x08004a3f   Thumb Code     0  startup_stm32f0xx_ld.o(.text)
    __user_initial_stackheap                 0x08004a41   Thumb Code     0  startup_stm32f0xx_ld.o(.text)
    SystemInit                               0x08004b2d   Thumb Code    96  system_stm32f0xx.o(.text)
    SystemCoreClockUpdate                    0x08004b8d   Thumb Code   154  system_stm32f0xx.o(.text)
    __aeabi_uidiv                            0x08004c4d   Thumb Code     0  aeabi_sdiv.o(.text)
    __aeabi_uidivmod                         0x08004c4d   Thumb Code    20  aeabi_sdiv.o(.text)
    __aeabi_idiv                             0x08004c61   Thumb Code     0  aeabi_sdiv.o(.text)
    __aeabi_idivmod                          0x08004c61   Thumb Code   326  aeabi_sdiv.o(.text)
    __use_two_region_memory                  0x08004da7   Thumb Code     2  heapauxi.o(.text)
    __rt_heap_escrow$2region                 0x08004da9   Thumb Code     2  heapauxi.o(.text)
    __rt_heap_expand$2region                 0x08004dab   Thumb Code     2  heapauxi.o(.text)
    __aeabi_d2uiz                            0x08004dad   Thumb Code     0  dfixui.o(.text)
    _dfixu                                   0x08004dad   Thumb Code    62  dfixui.o(.text)
    __aeabi_i2d_normalise                    0x08004df5   Thumb Code    64  dflti.o(.text)
    __aeabi_i2d                              0x08004e35   Thumb Code    16  dflti.o(.text)
    _dflt                                    0x08004e35   Thumb Code     0  dflti.o(.text)
    __aeabi_ui2d                             0x08004e45   Thumb Code     6  dflti.o(.text)
    _dfltu                                   0x08004e45   Thumb Code     0  dflti.o(.text)
    __aeabi_dmul                             0x08004e4d   Thumb Code     0  dmul.o(.text)
    _dmul                                    0x08004e4d   Thumb Code   634  dmul.o(.text)
    __user_setup_stackheap                   0x080050dd   Thumb Code    62  sys_stackheap_outer.o(.text)
    exit                                     0x0800511b   Thumb Code    12  exit.o(.text)
    __user_libspace                          0x08005129   Thumb Code     8  libspace.o(.text)
    __user_perproc_libspace                  0x08005129   Thumb Code     0  libspace.o(.text)
    __user_perthread_libspace                0x08005129   Thumb Code     0  libspace.o(.text)
    _sys_exit                                0x08005131   Thumb Code     8  sys_exit.o(.text)
    __I$use$semihosting                      0x0800513d   Thumb Code     0  use_no_semi.o(.text)
    __use_no_semihosting_swi                 0x0800513d   Thumb Code     2  use_no_semi.o(.text)
    __ARM_common_switch8                     0x0800513f   Thumb Code    28  main.o(i.__ARM_common_switch8)
    __semihosting_library_function           0x0800513f   Thumb Code     0  indicate_semi.o(.text)
    __I$use$fp                               0x0800515b   Thumb Code     0  usenofp.o(x$fpl$usenofp)
    Region$$Table$$Base                      0x0800515c   Number         0  anon$$obj.o(Region$$Table)
    Region$$Table$$Limit                     0x0800517c   Number         0  anon$$obj.o(Region$$Table)
    BitChar                                  0x20000000   Data           4  main.o(.data)
    TimerPeriod                              0x20000004   Data           2  main.o(.data)
    Channel1Pulse                            0x20000006   Data           2  main.o(.data)
    fac_test_repeat                          0x20000008   Data           1  main.o(.data)
    flag                                     0x20000009   Data           1  main.o(.data)
    Degree_over                              0x2000000a   Data           1  main.o(.data)
    Term_error_sec                           0x2000000c   Data           4  main.o(.data)
    def_time_min2                            0x20000010   Data           4  main.o(.data)
    Term_degree                              0x20000014   Data           1  main.o(.data)
    Term_degree_recived                      0x20000015   Data           1  main.o(.data)
    V_IN                                     0x20000016   Data           1  main.o(.data)
    GPIO_InitStructure                       0x20000028   Data           8  main.o(.data)
    NVIC_InitStructure                       0x20000030   Data           3  main.o(.data)
    Cmp                                      0x20000033   Data           1  main.o(.data)
    led_alarm                                0x20000034   Data           1  main.o(.data)
    led_def                                  0x20000035   Data           1  main.o(.data)
    led_lock                                 0x20000036   Data           1  main.o(.data)
    led_temp                                 0x20000037   Data           1  main.o(.data)
    led_power                                0x20000038   Data           1  main.o(.data)
    RX_Data                                  0x20000039   Data           1  main.o(.data)
    Fac_test                                 0x2000003a   Data           1  main.o(.data)
    Protect_flag                             0x2000003b   Data           1  main.o(.data)
    led_blink_flag                           0x2000003c   Data           1  main.o(.data)
    test_flag                                0x2000003d   Data           1  main.o(.data)
    dr_time                                  0x20000040   Data           4  main.o(.data)
    mode_work                                0x20000044   Data           4  main.o(.data)
    mode_start                               0x20000048   Data           4  main.o(.data)
    time_sec                                 0x2000004c   Data           4  main.o(.data)
    time_min                                 0x20000050   Data           4  main.o(.data)
    cmp_time_sec                             0x20000054   Data           4  main.o(.data)
    cmp_time_min                             0x20000058   Data           4  main.o(.data)
    Term_error_min                           0x2000005c   Data           4  main.o(.data)
    def_time_min                             0x20000060   Data           4  main.o(.data)
    status                                   0x20000064   Data           4  main.o(.data)
    Protect_count                            0x20000068   Data           4  main.o(.data)
    Protect_delay_sec                        0x2000006c   Data           4  main.o(.data)
    Protect_sec                              0x20000070   Data           4  main.o(.data)
    Cmp_off_delay_sec                        0x20000080   Data           1  main.o(.data)
    Cmp_off_delay_min                        0x20000081   Data           1  main.o(.data)
    CChan                                    0x20000082   Data           1  main.o(.data)
    ADC_Data_Sensor                          0x20000083   Data           4  main.o(.data)
    Adc_Data_Send                            0x20000087   Data           4  main.o(.data)
    ADC_Data_Protect                         0x2000008c   Data           2  main.o(.data)
    fac_s                                    0x200000a0   Data           4  delay.o(.data)
    fac_ms                                   0x200000a4   Data           2  delay.o(.data)
    fac_us                                   0x200000a6   Data           1  delay.o(.data)
    SystemCoreClock                          0x200000a8   Data           4  system_stm32f0xx.o(.data)
    AHBPrescTable                            0x200000ac   Data          16  system_stm32f0xx.o(.data)
    USART_InitStructure                      0x200000bc   Data          24  main.o(.bss)
    TTB                                      0x200000d4   Data          12  main.o(.bss)
    TOC                                      0x200000e0   Data          20  main.o(.bss)
    ADC_InitStructure                        0x200000f4   Data          24  main.o(.bss)
    I2C_InitStructure                        0x2000010c   Data          28  main.o(.bss)
    ADC_Data                                 0x20000128   Data          20  main.o(.bss)
    __libspace_start                         0x2000013c   Data          96  libspace.o(.bss)
    __temporary_stack_top$libspace           0x2000019c   Data           0  libspace.o(.bss)



==============================================================================

Memory Map of the image

  Image Entry point : 0x080000b1

  Load Region LR_IROM1 (Base: 0x08000000, Size: 0x00005238, Max: 0x00008000, ABSOLUTE)

    Execution Region ER_IROM1 (Base: 0x08000000, Size: 0x0000517c, Max: 0x00008000, ABSOLUTE)

    Base Addr    Size         Type   Attr      Idx    E Section Name        Object

    0x08000000   0x000000b0   Data   RO          345    RESET               startup_stm32f0xx_ld.o
    0x080000b0   0x00000008   Code   RO          384  * !!!main             c_p.l(__main.o)
    0x080000b8   0x0000003c   Code   RO          555    !!!scatter          c_p.l(__scatter.o)
    0x080000f4   0x0000001a   Code   RO          557    !!handler_copy      c_p.l(__scatter_copy.o)
    0x0800010e   0x00000002   PAD
    0x08000110   0x0000001c   Code   RO          559    !!handler_zi        c_p.l(__scatter_zi.o)
    0x0800012c   0x00000006   Code   RO          429    .ARM.Collect$$libinit$$00000000  c_p.l(libinit.o)
    0x08000132   0x00000000   Code   RO          444    .ARM.Collect$$libinit$$00000006  c_p.l(libinit2.o)
    0x08000132   0x00000000   Code   RO          446    .ARM.Collect$$libinit$$00000008  c_p.l(libinit2.o)
    0x08000132   0x00000000   Code   RO          448    .ARM.Collect$$libinit$$0000000A  c_p.l(libinit2.o)
    0x08000132   0x00000000   Code   RO          451    .ARM.Collect$$libinit$$0000000D  c_p.l(libinit2.o)
    0x08000132   0x00000000   Code   RO          453    .ARM.Collect$$libinit$$0000000F  c_p.l(libinit2.o)
    0x08000132   0x00000000   Code   RO          455    .ARM.Collect$$libinit$$00000011  c_p.l(libinit2.o)
    0x08000132   0x00000000   Code   RO          457    .ARM.Collect$$libinit$$00000013  c_p.l(libinit2.o)
    0x08000132   0x00000000   Code   RO          459    .ARM.Collect$$libinit$$00000015  c_p.l(libinit2.o)
    0x08000132   0x00000000   Code   RO          461    .ARM.Collect$$libinit$$00000017  c_p.l(libinit2.o)
    0x08000132   0x00000000   Code   RO          463    .ARM.Collect$$libinit$$00000019  c_p.l(libinit2.o)
    0x08000132   0x00000000   Code   RO          465    .ARM.Collect$$libinit$$0000001B  c_p.l(libinit2.o)
    0x08000132   0x00000000   Code   RO          467    .ARM.Collect$$libinit$$0000001D  c_p.l(libinit2.o)
    0x08000132   0x00000000   Code   RO          469    .ARM.Collect$$libinit$$0000001F  c_p.l(libinit2.o)
    0x08000132   0x00000000   Code   RO          471    .ARM.Collect$$libinit$$00000021  c_p.l(libinit2.o)
    0x08000132   0x00000000   Code   RO          475    .ARM.Collect$$libinit$$00000028  c_p.l(libinit2.o)
    0x08000132   0x00000000   Code   RO          477    .ARM.Collect$$libinit$$0000002A  c_p.l(libinit2.o)
    0x08000132   0x00000000   Code   RO          479    .ARM.Collect$$libinit$$0000002C  c_p.l(libinit2.o)
    0x08000132   0x00000000   Code   RO          481    .ARM.Collect$$libinit$$0000002E  c_p.l(libinit2.o)
    0x08000132   0x00000002   Code   RO          482    .ARM.Collect$$libinit$$0000002F  c_p.l(libinit2.o)
    0x08000134   0x00000002   Code   RO          513    .ARM.Collect$$libshutdown$$00000000  c_p.l(libshutdown.o)
    0x08000136   0x00000000   Code   RO          540    .ARM.Collect$$libshutdown$$00000003  c_p.l(libshutdown2.o)
    0x08000136   0x00000000   Code   RO          543    .ARM.Collect$$libshutdown$$00000006  c_p.l(libshutdown2.o)
    0x08000136   0x00000000   Code   RO          546    .ARM.Collect$$libshutdown$$00000009  c_p.l(libshutdown2.o)
    0x08000136   0x00000000   Code   RO          548    .ARM.Collect$$libshutdown$$0000000B  c_p.l(libshutdown2.o)
    0x08000136   0x00000000   Code   RO          551    .ARM.Collect$$libshutdown$$0000000E  c_p.l(libshutdown2.o)
    0x08000136   0x00000002   Code   RO          552    .ARM.Collect$$libshutdown$$0000000F  c_p.l(libshutdown2.o)
    0x08000138   0x00000000   Code   RO          392    .ARM.Collect$$rtentry$$00000000  c_p.l(rtentry.o)
    0x08000138   0x00000000   Code   RO          399    .ARM.Collect$$rtentry$$00000002  c_p.l(rtentry2.o)
    0x08000138   0x00000006   Code   RO          411    .ARM.Collect$$rtentry$$00000004  c_p.l(rtentry4.o)
    0x0800013e   0x00000000   Code   RO          401    .ARM.Collect$$rtentry$$00000009  c_p.l(rtentry2.o)
    0x0800013e   0x00000004   Code   RO          402    .ARM.Collect$$rtentry$$0000000A  c_p.l(rtentry2.o)
    0x08000142   0x00000000   Code   RO          404    .ARM.Collect$$rtentry$$0000000C  c_p.l(rtentry2.o)
    0x08000142   0x00000008   Code   RO          405    .ARM.Collect$$rtentry$$0000000D  c_p.l(rtentry2.o)
    0x0800014a   0x00000002   Code   RO          434    .ARM.Collect$$rtexit$$00000000  c_p.l(rtexit.o)
    0x0800014c   0x00000000   Code   RO          488    .ARM.Collect$$rtexit$$00000002  c_p.l(rtexit2.o)
    0x0800014c   0x00000004   Code   RO          489    .ARM.Collect$$rtexit$$00000003  c_p.l(rtexit2.o)
    0x08000150   0x00000006   Code   RO          490    .ARM.Collect$$rtexit$$00000004  c_p.l(rtexit2.o)
    0x08000156   0x00000002   PAD
    0x08000158   0x00002684   Code   RO            3    .text               main.o
    0x080027dc   0x000001e0   Code   RO          134    .text               stm32f0xx_gpio.o
    0x080029bc   0x000005f8   Code   RO          157    .text               stm32f0xx_rcc.o
    0x08002fb4   0x00000bcc   Code   RO          179    .text               stm32f0xx_tim.o
    0x08003b80   0x000002e0   Code   RO          199    .text               stm32f0xx_adc.o
    0x08003e60   0x0000056e   Code   RO          219    .text               stm32f0xx_usart.o
    0x080043ce   0x00000002   PAD
    0x080043d0   0x000000b4   Code   RO          239    .text               stm32f0xx_misc.o
    0x08004484   0x00000464   Code   RO          259    .text               stm32f0xx_i2c.o
    0x080048e8   0x00000048   Code   RO          279    .text               stm32f0xx_iwdg.o
    0x08004930   0x000000fc   Code   RO          319    .text               delay.o
    0x08004a2c   0x00000038   Code   RO          346    .text               startup_stm32f0xx_ld.o
    0x08004a64   0x000001e8   Code   RO          352    .text               system_stm32f0xx.o
    0x08004c4c   0x0000015a   Code   RO          378    .text               c_p.l(aeabi_sdiv.o)
    0x08004da6   0x00000006   Code   RO          382    .text               c_p.l(heapauxi.o)
    0x08004dac   0x00000048   Code   RO          386    .text               fz_ps.l(dfixui.o)
    0x08004df4   0x00000056   Code   RO          388    .text               fz_ps.l(dflti.o)
    0x08004e4a   0x00000002   PAD
    0x08004e4c   0x00000290   Code   RO          390    .text               fz_ps.l(dmul.o)
    0x080050dc   0x0000003e   Code   RO          415    .text               c_p.l(sys_stackheap_outer.o)
    0x0800511a   0x0000000c   Code   RO          418    .text               c_p.l(exit.o)
    0x08005126   0x00000002   PAD
    0x08005128   0x00000008   Code   RO          430    .text               c_p.l(libspace.o)
    0x08005130   0x0000000c   Code   RO          485    .text               c_p.l(sys_exit.o)
    0x0800513c   0x00000002   Code   RO          502    .text               c_p.l(use_no_semi.o)
    0x0800513e   0x00000000   Code   RO          504    .text               c_p.l(indicate_semi.o)
    0x0800513e   0x0000001c   Code   RO           23    i.__ARM_common_switch8  main.o
    0x0800515a   0x00000000   Code   RO          397    x$fpl$usenofp       fz_ps.l(usenofp.o)
    0x0800515a   0x00000002   PAD
    0x0800515c   0x00000020   Data   RO          553    Region$$Table       anon$$obj.o


    Execution Region RW_IRAM1 (Base: 0x20000000, Size: 0x000007a0, Max: 0x00001000, ABSOLUTE)

    Base Addr    Size         Type   Attr      Idx    E Section Name        Object

    0x20000000   0x0000008e   Data   RW            5    .data               main.o
    0x2000008e   0x00000010   Data   RW          158    .data               stm32f0xx_rcc.o
    0x2000009e   0x00000002   PAD
    0x200000a0   0x00000007   Data   RW          320    .data               delay.o
    0x200000a7   0x00000001   PAD
    0x200000a8   0x00000014   Data   RW          353    .data               system_stm32f0xx.o
    0x200000bc   0x00000080   Zero   RW            4    .bss                main.o
    0x2000013c   0x00000060   Zero   RW          431    .bss                c_p.l(libspace.o)
    0x2000019c   0x00000004   PAD
    0x200001a0   0x00000200   Zero   RW          344    HEAP                startup_stm32f0xx_ld.o
    0x200003a0   0x00000400   Zero   RW          343    STACK               startup_stm32f0xx_ld.o


==============================================================================

Image component sizes


      Code (inc. data)   RO Data    RW Data    ZI Data      Debug   Object Name

       252         18          0          7          0       1157   delay.o
      9888        590          0        142        128     169621   main.o
        56         26        176          0       1536        604   startup_stm32f0xx_ld.o
       736         14          0          0          0       6763   stm32f0xx_adc.o
       480         22          0          0          0       3573   stm32f0xx_gpio.o
      1124         26          0          0          0       9678   stm32f0xx_i2c.o
        72         12          0          0          0       1369   stm32f0xx_iwdg.o
       180         14          0          0          0       1208   stm32f0xx_misc.o
      1528         42          0         16          0       8394   stm32f0xx_rcc.o
      3020        120          0          0          0      22769   stm32f0xx_tim.o
      1390         12          0          0          0      11975   stm32f0xx_usart.o
       488         38          0         20          0       1587   system_stm32f0xx.o

    ----------------------------------------------------------------------
     19216        934        208        188       1664     238698   Object Totals
         0          0         32          0          0          0   (incl. Generated)
         2          0          0          3          0          0   (incl. Padding)

    ----------------------------------------------------------------------

      Code (inc. data)   RO Data    RW Data    ZI Data      Debug   Library Member Name

         8          0          0          0          0         68   __main.o
        60          8          0          0          0          0   __scatter.o
        26          0          0          0          0          0   __scatter_copy.o
        28          0          0          0          0          0   __scatter_zi.o
       346          0          0          0          0         92   aeabi_sdiv.o
        12          0          0          0          0         64   exit.o
         6          0          0          0          0        136   heapauxi.o
         0          0          0          0          0          0   indicate_semi.o
         6          0          0          0          0          0   libinit.o
         2          0          0          0          0          0   libinit2.o
         2          0          0          0          0          0   libshutdown.o
         2          0          0          0          0          0   libshutdown2.o
         8          4          0          0         96         68   libspace.o
         0          0          0          0          0          0   rtentry.o
        12          0          0          0          0          0   rtentry2.o
         6          0          0          0          0          0   rtentry4.o
         2          0          0          0          0          0   rtexit.o
        10          0          0          0          0          0   rtexit2.o
        12          4          0          0          0         60   sys_exit.o
        62          0          0          0          0         80   sys_stackheap_outer.o
         2          0          0          0          0         68   use_no_semi.o
        72         10          0          0          0         68   dfixui.o
        86          0          0          0          0         92   dflti.o
       656         22          0          0          0         84   dmul.o
         0          0          0          0          0          0   usenofp.o

    ----------------------------------------------------------------------
      1436         48          0          0        100        880   Library Totals
        10          0          0          0          4          0   (incl. Padding)

    ----------------------------------------------------------------------

      Code (inc. data)   RO Data    RW Data    ZI Data      Debug   Library Name

       612         16          0          0         96        636   c_p.l
       814         32          0          0          0        244   fz_ps.l

    ----------------------------------------------------------------------
      1436         48          0          0        100        880   Library Totals

    ----------------------------------------------------------------------

==============================================================================


      Code (inc. data)   RO Data    RW Data    ZI Data      Debug   

     20652        982        208        188       1764     237998   Grand Totals
     20652        982        208        188       1764     237998   ELF Image Totals
     20652        982        208        188          0          0   ROM Totals

==============================================================================

    Total RO  Size (Code + RO Data)                20860 (  20.37kB)
    Total RW  Size (RW Data + ZI Data)              1952 (   1.91kB)
    Total ROM Size (Code + RO Data + RW Data)      21048 (  20.55kB)

==============================================================================

