<html>
<body>
<pre>
<h1>µVision Build Log</h1>
<h2>Project:</h2>
E:\Soozan\keil\STM32F0xx\RefDisp Digital 2\Proj\RefDisp.uvproj
Project File Date:  05/31/2016

<h2>Output:</h2>
Rebuild target 'Target 1'
compiling main.c...
compiling stm32f0xx_gpio.c...
compiling stm32f0xx_rcc.c...
compiling stm32f0xx_tim.c...
compiling stm32f0xx_adc.c...
compiling stm32f0xx_usart.c...
compiling stm32f0xx_misc.c...
compiling stm32f0xx_iwdg.c...
compiling led.c...
compiling delay.c...
assembling startup_stm32f0xx_ld.s...
compiling system_stm32f0xx.c...
linking...
Program Size: Code=23904 RO-data=488 RW-data=344 ZI-data=1808  
FromELF: creating hex file...
".\RefDisp.axf" - 0 Error(s), 0 Warning(s).
Load "E:\\Soozan\\keil\\STM32F0xx\\RefDisp Digital 2\\Proj\\RefDisp.axf" 
* JLink Info: Device "UNSPECIFIED" selected (0 KB flash, 0 KB RAM).
Set JLink Project File to "E:\Soozan\keil\STM32F0xx\RefDisp Digital 2\Proj\JLinkSettings.ini"
* JLink Info: Device "UNSPECIFIED" selected (0 KB flash, 0 KB RAM).
 
JLink info:
------------
DLL: V4.72 , compiled Jun 12 2013 15:47:08
Firmware: J-Link ARM V8 compiled Nov 28 2014 13:44:46
Hardware: V8.00
S/N : 1499664905 
Feature(s) : RDI,FlashDL,FlashBP,JFlash,GDBFull 
 
* JLink Info: Found SWD-DP with ID 0x0BB11477
* JLink Info: FPUnit: 4 code (BP) slots and 0 literal slots
* JLink Info: Found Cortex-M0 r0p0, Little endian.
ROMTableAddr = 0xE00FF003
 
Target info:
------------
Device: STM32F030K6
VTarget = 2.264V
State of Pins: 
TCK: 0, TDI: 1, TDO: 1, TMS: 1, TRES: 1, TRST: 1
Hardware-Breakpoints: 4
Software-Breakpoints: 8192
Watchpoints:          2
JTAG speed: 2000 kHz
 
Full Chip Erase Done.
Programming Done.
Application running ...
</pre>
</body>
</html>
