<html>
<body>
<pre>
<h1>µVision Build Log</h1>
<h2>Project:</h2>
E:\iTouch 96\Soozan & Jahan Shargh\Keil\RefDisp Digital 2\Proj\RefDisp.uvproj
Project File Date:  07/15/2017

<h2>Output:</h2>
Rebuild target 'Target 1'
compiling main.c...
compiling stm32f0xx_gpio.c...
compiling stm32f0xx_rcc.c...
compiling stm32f0xx_tim.c...
compiling stm32f0xx_adc.c...
compiling stm32f0xx_usart.c...
compiling stm32f0xx_misc.c...
compiling stm32f0xx_iwdg.c...
compiling led.c...
compiling delay.c...
assembling startup_stm32f0xx_ld.s...
compiling system_stm32f0xx.c...
linking...
Program Size: Code=23944 RO-data=488 RW-data=348 ZI-data=1812  
FromELF: creating hex file...
"RefDisp.axf" - 0 Error(s), 0 Warning(s).
