ARM Linker, 4.1 [Build 894] [Lite256]

==============================================================================

Section Cross References

    main.o(.text) refers to stm32f0xx_rcc.o(.text) for RCC_AHBPeriphClockCmd
    main.o(.text) refers to stm32f0xx_gpio.o(.text) for GPIO_Init
    main.o(.text) refers to stm32f0xx_tim.o(.text) for TIM_TimeBaseInit
    main.o(.text) refers to stm32f0xx_misc.o(.text) for NVIC_Init
    main.o(.text) refers to aeabi_sdiv.o(.text) for __aeabi_uidivmod
    main.o(.text) refers to stm32f0xx_usart.o(.text) for USART_Init
    main.o(.text) refers to stm32f0xx_adc.o(.text) for ADC_Init
    main.o(.text) refers to stm32f0xx_iwdg.o(.text) for IWDG_WriteAccessCmd
    main.o(.text) refers to dflti.o(.text) for __aeabi_ui2d
    main.o(.text) refers to ddiv.o(.text) for __aeabi_ddiv
    main.o(.text) refers to daddsub.o(.text) for __aeabi_dsub
    main.o(.text) refers to dmul.o(.text) for __aeabi_dmul
    main.o(.text) refers to exp.o(i.exp) for exp
    main.o(.text) refers to log.o(i.log) for log
    main.o(.text) refers to dfixi.o(.text) for __aeabi_d2iz
    main.o(.text) refers to main.o(.data) for GPIO_InitStructure
    main.o(.text) refers to main.o(.bss) for TTB
    main.o(.text) refers to system_stm32f0xx.o(.data) for SystemCoreClock
    main.o(.text) refers to delay.o(.text) for delay_ms
    main.o(.text) refers to main.o(i.__ARM_common_switch8) for __ARM_common_switch8
    stm32f0xx_gpio.o(.text) refers to stm32f0xx_rcc.o(.text) for RCC_AHBPeriphResetCmd
    stm32f0xx_rcc.o(.text) refers to aeabi_sdiv.o(.text) for __aeabi_uidivmod
    stm32f0xx_rcc.o(.text) refers to stm32f0xx_rcc.o(.data) for APBAHBPrescTable
    stm32f0xx_tim.o(.text) refers to stm32f0xx_rcc.o(.text) for RCC_APB2PeriphResetCmd
    stm32f0xx_adc.o(.text) refers to stm32f0xx_rcc.o(.text) for RCC_APB2PeriphResetCmd
    stm32f0xx_usart.o(.text) refers to stm32f0xx_rcc.o(.text) for RCC_APB2PeriphResetCmd
    stm32f0xx_usart.o(.text) refers to aeabi_sdiv.o(.text) for __aeabi_uidivmod
    led.o(.text) refers to stm32f0xx_rcc.o(.text) for RCC_AHBPeriphClockCmd
    led.o(.text) refers to stm32f0xx_gpio.o(.text) for GPIO_Init
    delay.o(.text) refers to delay.o(.data) for fac_us
    startup_stm32f0xx_ld.o(STACK) refers (Special) to heapauxi.o(.text) for __use_two_region_memory
    startup_stm32f0xx_ld.o(HEAP) refers (Special) to heapauxi.o(.text) for __use_two_region_memory
    startup_stm32f0xx_ld.o(RESET) refers (Special) to heapauxi.o(.text) for __use_two_region_memory
    startup_stm32f0xx_ld.o(RESET) refers to startup_stm32f0xx_ld.o(STACK) for __initial_sp
    startup_stm32f0xx_ld.o(RESET) refers to startup_stm32f0xx_ld.o(.text) for Reset_Handler
    startup_stm32f0xx_ld.o(RESET) refers to main.o(.text) for ADC1_IRQHandler
    startup_stm32f0xx_ld.o(.text) refers (Special) to heapauxi.o(.text) for __use_two_region_memory
    startup_stm32f0xx_ld.o(.text) refers to system_stm32f0xx.o(.text) for SystemInit
    startup_stm32f0xx_ld.o(.text) refers to __main.o(!!!main) for __main
    startup_stm32f0xx_ld.o(.text) refers to startup_stm32f0xx_ld.o(HEAP) for Heap_Mem
    startup_stm32f0xx_ld.o(.text) refers to startup_stm32f0xx_ld.o(STACK) for Stack_Mem
    system_stm32f0xx.o(.text) refers to aeabi_sdiv.o(.text) for __aeabi_uidivmod
    system_stm32f0xx.o(.text) refers to system_stm32f0xx.o(.data) for SystemCoreClock
    __main.o(!!!main) refers to rtentry.o(.ARM.Collect$$rtentry$$00000000) for __rt_entry
    daddsub.o(.text) refers (Special) to usenofp.o(x$fpl$usenofp) for __I$use$fp
    ddiv.o(.text) refers (Special) to usenofp.o(x$fpl$usenofp) for __I$use$fp
    ddiv.o(.text) refers to ddiv.o(.constdata) for .constdata
    ddiv.o(.constdata) refers (Special) to usenofp.o(x$fpl$usenofp) for __I$use$fp
    dfixi.o(.text) refers (Special) to usenofp.o(x$fpl$usenofp) for __I$use$fp
    dflti.o(.text) refers (Special) to usenofp.o(x$fpl$usenofp) for __I$use$fp
    dmul.o(.text) refers (Special) to usenofp.o(x$fpl$usenofp) for __I$use$fp
    exp.o(i.__softfp_exp) refers (Special) to usenofp.o(x$fpl$usenofp) for __I$use$fp
    exp.o(i.__softfp_exp) refers to exp.o(i.exp) for exp
    exp.o(i.exp) refers (Special) to usenofp.o(x$fpl$usenofp) for __I$use$fp
    exp.o(i.exp) refers to drlef.o(x$fpl$drleqf) for __aeabi_cdrcmple
    exp.o(i.exp) refers to _rserrno.o(.text) for __set_errno
    exp.o(i.exp) refers to dscalbn.o(.text) for __ARM_scalbn
    exp.o(i.exp) refers to dlef.o(x$fpl$dleqf) for __aeabi_cdcmple
    exp.o(i.exp) refers to dunder.o(i.__mathlib_dbl_underflow) for __mathlib_dbl_underflow
    exp.o(i.exp) refers to daddsub.o(.text) for __aeabi_dsub
    exp.o(i.exp) refers to dmul.o(.text) for __aeabi_dmul
    exp.o(i.exp) refers to dfixi.o(.text) for __aeabi_d2iz
    exp.o(i.exp) refers to dflti.o(.text) for __aeabi_i2d
    exp.o(i.exp) refers to poly.o(i.__kernel_poly) for __kernel_poly
[...]
    libinit2.o(.ARM.Collect$$libinit$$0000000C) refers to libinit2.o(.ARM.Collect$$libinit$$0000000B) for .ARM.Collect$$libinit$$0000000B
    libinit2.o(.ARM.Collect$$libinit$$0000000E) refers to libinit2.o(.ARM.Collect$$libinit$$0000000B) for .ARM.Collect$$libinit$$0000000B
    libinit2.o(.ARM.Collect$$libinit$$00000010) refers to libinit2.o(.ARM.Collect$$libinit$$0000000B) for .ARM.Collect$$libinit$$0000000B
    libinit2.o(.ARM.Collect$$libinit$$00000012) refers to libinit2.o(.ARM.Collect$$libinit$$0000000B) for .ARM.Collect$$libinit$$0000000B
    libinit2.o(.ARM.Collect$$libinit$$00000014) refers to libinit2.o(.ARM.Collect$$libinit$$0000000B) for .ARM.Collect$$libinit$$0000000B
    libinit2.o(.ARM.Collect$$libinit$$00000022) refers to argv_veneer.o(.text) for __ARM_argv_veneer
    libinit2.o(.ARM.Collect$$libinit$$00000023) refers to argv_veneer.o(.text) for __ARM_argv_veneer
    retnan.o(.text) refers (Special) to usenofp.o(x$fpl$usenofp) for __I$use$fp
    retnan.o(.text) refers to cmpret.o(.text) for __fpl_cmpreturn
    sys_exit.o(.text) refers (Special) to use_no_semi.o(.text) for __I$use$semihosting
    sys_exit.o(.text) refers (Special) to indicate_semi.o(.text) for __semihosting_library_function
    rtexit2.o(.ARM.Collect$$rtexit$$00000003) refers to libshutdown.o(.ARM.Collect$$libshutdown$$00000000) for __rt_lib_shutdown
    rtexit2.o(.ARM.Collect$$rtexit$$00000004) refers to sys_exit.o(.text) for _sys_exit
    rtexit2.o(.ARM.exidx) refers to rtexit2.o(.ARM.Collect$$rtexit$$00000001) for .ARM.Collect$$rtexit$$00000001
    rtexit2.o(.ARM.exidx) refers to rtexit2.o(.ARM.Collect$$rtexit$$00000003) for .ARM.Collect$$rtexit$$00000003
    rtexit2.o(.ARM.exidx) refers to rtexit2.o(.ARM.Collect$$rtexit$$00000004) for .ARM.Collect$$rtexit$$00000004
    __raise.o(.text) refers to defsig.o(CL$$defsig) for __default_signal_handler
    defsig_general.o(.text) refers to sys_wrch.o(.text) for _ttywrch
    sys_wrch.o(.text) refers (Special) to use_no_semi.o(.text) for __I$use$semihosting
    sys_wrch.o(.text) refers (Special) to indicate_semi.o(.text) for __semihosting_library_function
    defsig.o(CL$$defsig) refers to defsig_fpe_inner.o(.text) for __rt_SIGFPE_inner
    defsig.o(CL$$defsig) refers to defsig_rtmem_inner.o(.text) for __rt_SIGRTMEM_inner
    _get_argv_nomalloc.o(.text) refers (Special) to hrguard.o(.text) for __heap_region$guard
    _get_argv_nomalloc.o(.text) refers to defsig_rtmem_outer.o(.text) for __rt_SIGRTMEM
    _get_argv_nomalloc.o(.text) refers to sys_command.o(.text) for _sys_command_string
    libshutdown.o(.ARM.Collect$$libshutdown$$00000000) refers (Special) to libshutdown2.o(.ARM.Collect$$libshutdown$$00000006) for __rt_lib_shutdown_fp_trap_1
    libshutdown.o(.ARM.Collect$$libshutdown$$00000000) refers (Special) to libshutdown2.o(.ARM.Collect$$libshutdown$$0000000E) for __rt_lib_shutdown_heap_1
    libshutdown.o(.ARM.Collect$$libshutdown$$00000000) refers (Special) to libshutdown2.o(.ARM.Collect$$libshutdown$$0000000F) for __rt_lib_shutdown_return
    libshutdown.o(.ARM.Collect$$libshutdown$$00000000) refers (Special) to libshutdown2.o(.ARM.Collect$$libshutdown$$00000009) for __rt_lib_shutdown_signal_1
    libshutdown.o(.ARM.Collect$$libshutdown$$00000000) refers (Special) to libshutdown2.o(.ARM.Collect$$libshutdown$$00000003) for __rt_lib_shutdown_stdio_1
    libshutdown.o(.ARM.Collect$$libshutdown$$00000000) refers (Special) to libshutdown2.o(.ARM.Collect$$libshutdown$$0000000B) for __rt_lib_shutdown_user_alloc_1
    sys_command.o(.text) refers (Special) to use_no_semi.o(.text) for __I$use$semihosting
    sys_command.o(.text) refers (Special) to indicate_semi.o(.text) for __semihosting_library_function
    defsig_abrt_inner.o(.text) refers to defsig_general.o(.text) for __default_signal_display
    defsig_rtred_inner.o(.text) refers to defsig_general.o(.text) for __default_signal_display
    defsig_rtmem_inner.o(.text) refers to defsig_general.o(.text) for __default_signal_display
    defsig_rtmem_outer.o(.text) refers to defsig_rtmem_inner.o(.text) for __rt_SIGRTMEM_inner
    defsig_rtmem_outer.o(.text) refers to defsig_exit.o(.text) for __sig_exit
    defsig_rtmem_formal.o(.text) refers to rt_raise.o(.text) for __rt_raise
    defsig_stak_inner.o(.text) refers to defsig_general.o(.text) for __default_signal_display
    defsig_pvfn_inner.o(.text) refers to defsig_general.o(.text) for __default_signal_display
    defsig_cppl_inner.o(.text) refers to defsig_general.o(.text) for __default_signal_display
    defsig_segv_inner.o(.text) refers to defsig_general.o(.text) for __default_signal_display
    defsig_other.o(.text) refers to defsig_general.o(.text) for __default_signal_display


==============================================================================

Removing Unused input sections from the image.

    Removing main.o(.rev16_text), (4 bytes).
    Removing main.o(.revsh_text), (4 bytes).
    Removing stm32f0xx_gpio.o(.rev16_text), (4 bytes).
    Removing stm32f0xx_gpio.o(.revsh_text), (4 bytes).
    Removing stm32f0xx_rcc.o(.rev16_text), (4 bytes).
    Removing stm32f0xx_rcc.o(.revsh_text), (4 bytes).
    Removing stm32f0xx_tim.o(.rev16_text), (4 bytes).
    Removing stm32f0xx_tim.o(.revsh_text), (4 bytes).
    Removing stm32f0xx_adc.o(.rev16_text), (4 bytes).
    Removing stm32f0xx_adc.o(.revsh_text), (4 bytes).
    Removing stm32f0xx_usart.o(.rev16_text), (4 bytes).
    Removing stm32f0xx_usart.o(.revsh_text), (4 bytes).
    Removing stm32f0xx_misc.o(.rev16_text), (4 bytes).
    Removing stm32f0xx_misc.o(.revsh_text), (4 bytes).
    Removing stm32f0xx_iwdg.o(.rev16_text), (4 bytes).
    Removing stm32f0xx_iwdg.o(.revsh_text), (4 bytes).
    Removing led.o(.rev16_text), (4 bytes).
    Removing led.o(.revsh_text), (4 bytes).
    Removing led.o(.text), (66 bytes).
    Removing delay.o(.rev16_text), (4 bytes).
    Removing delay.o(.revsh_text), (4 bytes).
    Removing system_stm32f0xx.o(.rev16_text), (4 bytes).
    Removing system_stm32f0xx.o(.revsh_text), (4 bytes).

23 unused section(s) (total 154 bytes) removed from the image.

==============================================================================

Image Symbol Table

    Local Symbols

    Symbol Name                              Value     Ov Type        Size  Object(Section)

    ../../../cmprslib/zerorunl2.c            0x00000000   Number         0  __dczerorl2.o ABSOLUTE
    ../../angel/boardlib.s                   0x00000000   Number         0  boardinit3.o ABSOLUTE
    ../../angel/boardlib.s                   0x00000000   Number         0  boardinit1.o ABSOLUTE
    ../../angel/boardlib.s                   0x00000000   Number         0  boardinit2.o ABSOLUTE
    ../../angel/boardlib.s                   0x00000000   Number         0  boardshut.o ABSOLUTE
    ../../angel/handlers.s                   0x00000000   Number         0  __scatter_zi.o ABSOLUTE
    ../../angel/kernel.s                     0x00000000   Number         0  rtexit.o ABSOLUTE
    ../../angel/kernel.s                     0x00000000   Number         0  rtentry4.o ABSOLUTE
    ../../angel/kernel.s                     0x00000000   Number         0  rtentry2.o ABSOLUTE
    ../../angel/kernel.s                     0x00000000   Number         0  rtentry.o ABSOLUTE
    ../../angel/kernel.s                     0x00000000   Number         0  rtexit2.o ABSOLUTE
    ../../angel/rt.s                         0x00000000   Number         0  rt_errno_addr.o ABSOLUTE
    ../../angel/rt.s                         0x00000000   Number         0  rt_div0.o ABSOLUTE
    ../../angel/rt.s                         0x00000000   Number         0  rt_raise.o ABSOLUTE
    ../../angel/rt.s                         0x00000000   Number         0  rt_errno_addr_intlibspace.o ABSOLUTE
    ../../angel/rt.s                         0x00000000   Number         0  aeabi_idiv0.o ABSOLUTE
    ../../angel/rt.s                         0x00000000   Number         0  aeabi_idiv0_sigfpe.o ABSOLUTE
    ../../angel/scatterp.s                   0x00000000   Number         0  __scatter.o ABSOLUTE
    ../../angel/startup.s                    0x00000000   Number         0  __main.o ABSOLUTE
    ../../angel/sys.s                        0x00000000   Number         0  libspace.o ABSOLUTE
    ../../angel/sys.s                        0x00000000   Number         0  indicate_semi.o ABSOLUTE
    ../../angel/sys.s                        0x00000000   Number         0  tempstk.o ABSOLUTE
    ../../angel/sys.s                        0x00000000   Number         0  use_no_semi.o ABSOLUTE
    ../../angel/sys.s                        0x00000000   Number         0  sys_stackheap_outer.o ABSOLUTE
    ../../angel/sysapp.c                     0x00000000   Number         0  sys_exit.o ABSOLUTE
    ../../angel/sysapp.c                     0x00000000   Number         0  sys_wrch.o ABSOLUTE
    ../../angel/sysapp.c                     0x00000000   Number         0  sys_command.o ABSOLUTE
    ../../armsys.c                           0x00000000   Number         0  argv_veneer.o ABSOLUTE
    ../../armsys.c                           0x00000000   Number         0  no_argv.o ABSOLUTE
    ../../armsys.c                           0x00000000   Number         0  _get_argv_nomalloc.o ABSOLUTE
    ../../cfplib/cmpret.c                    0x00000000   Number         0  cmpret.o ABSOLUTE
    ../../cfplib/daddsub.c                   0x00000000   Number         0  daddsub.o ABSOLUTE
    ../../cfplib/dcmpin.c                    0x00000000   Number         0  dcmpin.o ABSOLUTE
    ../../cfplib/ddiv.c                      0x00000000   Number         0  ddiv.o ABSOLUTE
    ../../cfplib/dmul.c                      0x00000000   Number         0  dmul.o ABSOLUTE
    ../../cfplib/ffix.c                      0x00000000   Number         0  dfixi.o ABSOLUTE
    ../../cfplib/fflt.c                      0x00000000   Number         0  dflti.o ABSOLUTE
    ../../cfplib/fpinit.c                    0x00000000   Number         0  fpinit.o ABSOLUTE
    ../../cfplib/nan2.c                      0x00000000   Number         0  dnan2.o ABSOLUTE
    ../../cfplib/retnan.c                    0x00000000   Number         0  retnan.o ABSOLUTE
    ../../cfplib/scalbn.c                    0x00000000   Number         0  dscalbn.o ABSOLUTE
    ../../deqf6m.s                           0x00000000   Number         0  deqf.o ABSOLUTE
    ../../division.s                         0x00000000   Number         0  aeabi_sdiv.o ABSOLUTE
    ../../division.s                         0x00000000   Number         0  aeabi_sdiv_div0.o ABSOLUTE
    ../../dleqf6m.s                          0x00000000   Number         0  dlef.o ABSOLUTE
    ../../drleqf6m.s                         0x00000000   Number         0  drlef.o ABSOLUTE
    ../../dunder.c                           0x00000000   Number         0  dunder.o ABSOLUTE
    ../../exp.c                              0x00000000   Number         0  exp.o ABSOLUTE
    ../../exp.c                              0x00000000   Number         0  exp_x.o ABSOLUTE
    ../../fenv.c                             0x00000000   Number         0  _rserrno.o ABSOLUTE
    ../../fpclassify.c                       0x00000000   Number         0  fpclassify.o ABSOLUTE
    ../../heapalloc.c                        0x00000000   Number         0  hrguard.o ABSOLUTE
    ../../heapaux.c                          0x00000000   Number         0  heapauxi.o ABSOLUTE
    ../../libinit.s                          0x00000000   Number         0  libinit2.o ABSOLUTE
    ../../libinit.s                          0x00000000   Number         0  libshutdown.o ABSOLUTE
    ../../libinit.s                          0x00000000   Number         0  libshutdown2.o ABSOLUTE
    ../../libinit.s                          0x00000000   Number         0  libinit.o ABSOLUTE
    ../../log.c                              0x00000000   Number         0  log_x.o ABSOLUTE
    ../../log.c                              0x00000000   Number         0  log.o ABSOLUTE
    ../../poly.c                             0x00000000   Number         0  poly.o ABSOLUTE
    ../../qnan.c                             0x00000000   Number         0  qnan.o ABSOLUTE
    ../../signal.c                           0x00000000   Number         0  defsig_rtmem_inner.o ABSOLUTE
    ../../signal.c                           0x00000000   Number         0  defsig_fpe_outer.o ABSOLUTE
    ../../signal.c                           0x00000000   Number         0  defsig_fpe_formal.o ABSOLUTE
    ../../signal.c                           0x00000000   Number         0  defsig_other.o ABSOLUTE
    ../../signal.c                           0x00000000   Number         0  __raise.o ABSOLUTE
    ../../signal.c                           0x00000000   Number         0  defsig_abrt_inner.o ABSOLUTE
    ../../signal.c                           0x00000000   Number         0  defsig_general.o ABSOLUTE
    ../../signal.c                           0x00000000   Number         0  defsig_rtred_inner.o ABSOLUTE
    ../../signal.c                           0x00000000   Number         0  defsig_rtmem_outer.o ABSOLUTE
    ../../signal.c                           0x00000000   Number         0  defsig_segv_inner.o ABSOLUTE
    ../../signal.c                           0x00000000   Number         0  defsig_fpe_inner.o ABSOLUTE
    ../../signal.c                           0x00000000   Number         0  defsig_exit.o ABSOLUTE
    ../../signal.c                           0x00000000   Number         0  defsig_cppl_inner.o ABSOLUTE
    ../../signal.c                           0x00000000   Number         0  defsig_pvfn_inner.o ABSOLUTE
    ../../signal.c                           0x00000000   Number         0  defsig_rtmem_formal.o ABSOLUTE
    ../../signal.c                           0x00000000   Number         0  defsig_stak_inner.o ABSOLUTE
    ../../signal.s                           0x00000000   Number         0  defsig.o ABSOLUTE
    ../../stdlib.c                           0x00000000   Number         0  exit.o ABSOLUTE
    ../../usenofp.s                          0x00000000   Number         0  usenofp.o ABSOLUTE
    ..\My_Lib\LED\led.c                      0x00000000   Number         0  led.o ABSOLUTE
    ..\My_Lib\delay\delay.c                  0x00000000   Number         0  delay.o ABSOLUTE
    ..\ST_Lib\src\stm32f0xx_adc.c            0x00000000   Number         0  stm32f0xx_adc.o ABSOLUTE
    ..\ST_Lib\src\stm32f0xx_gpio.c           0x00000000   Number         0  stm32f0xx_gpio.o ABSOLUTE
    ..\ST_Lib\src\stm32f0xx_iwdg.c           0x00000000   Number         0  stm32f0xx_iwdg.o ABSOLUTE
    ..\ST_Lib\src\stm32f0xx_misc.c           0x00000000   Number         0  stm32f0xx_misc.o ABSOLUTE
    ..\ST_Lib\src\stm32f0xx_rcc.c            0x00000000   Number         0  stm32f0xx_rcc.o ABSOLUTE
    ..\ST_Lib\src\stm32f0xx_tim.c            0x00000000   Number         0  stm32f0xx_tim.o ABSOLUTE
    ..\ST_Lib\src\stm32f0xx_usart.c          0x00000000   Number         0  stm32f0xx_usart.o ABSOLUTE
    ..\System\CMSIS\system_stm32f0xx.c       0x00000000   Number         0  system_stm32f0xx.o ABSOLUTE
    ..\System\startup\startup_stm32f0xx_ld.s 0x00000000   Number         0  startup_stm32f0xx_ld.o ABSOLUTE
    ..\User\main.c                           0x00000000   Number         0  main.o ABSOLUTE
    ..\\My_Lib\\LED\\led.c                   0x00000000   Number         0  led.o ABSOLUTE
    ..\\My_Lib\\delay\\delay.c               0x00000000   Number         0  delay.o ABSOLUTE
    ..\\ST_Lib\\src\\stm32f0xx_adc.c         0x00000000   Number         0  stm32f0xx_adc.o ABSOLUTE
    ..\\ST_Lib\\src\\stm32f0xx_gpio.c        0x00000000   Number         0  stm32f0xx_gpio.o ABSOLUTE
    ..\\ST_Lib\\src\\stm32f0xx_iwdg.c        0x00000000   Number         0  stm32f0xx_iwdg.o ABSOLUTE
    ..\\ST_Lib\\src\\stm32f0xx_misc.c        0x00000000   Number         0  stm32f0xx_misc.o ABSOLUTE
    ..\\ST_Lib\\src\\stm32f0xx_rcc.c         0x00000000   Number         0  stm32f0xx_rcc.o ABSOLUTE
    ..\\ST_Lib\\src\\stm32f0xx_tim.c         0x00000000   Number         0  stm32f0xx_tim.o ABSOLUTE
    ..\\ST_Lib\\src\\stm32f0xx_usart.c       0x00000000   Number         0  stm32f0xx_usart.o ABSOLUTE
    ..\\System\\CMSIS\\system_stm32f0xx.c    0x00000000   Number         0  system_stm32f0xx.o ABSOLUTE
    ..\\User\\main.c                         0x00000000   Number         0  main.o ABSOLUTE
    dc.s                                     0x00000000   Number         0  dc.o ABSOLUTE
    RESET                                    0x08000000   Section      176  startup_stm32f0xx_ld.o(RESET)
    !!!main                                  0x080000b0   Section        8  __main.o(!!!main)
    !!!scatter                               0x080000b8   Section       60  __scatter.o(!!!scatter)
    !!handler_zi                             0x080000f4   Section       28  __scatter_zi.o(!!handler_zi)
    .ARM.Collect$$libinit$$00000000          0x08000110   Section        6  libinit.o(.ARM.Collect$$libinit$$00000000)
    .ARM.Collect$$libinit$$00000006          0x08000116   Section        0  libinit2.o(.ARM.Collect$$libinit$$00000006)
    .ARM.Collect$$libinit$$00000008          0x08000116   Section        0  libinit2.o(.ARM.Collect$$libinit$$00000008)
    .ARM.Collect$$libinit$$0000000A          0x08000116   Section        0  libinit2.o(.ARM.Collect$$libinit$$0000000A)
    .ARM.Collect$$libinit$$0000000D          0x08000116   Section        0  libinit2.o(.ARM.Collect$$libinit$$0000000D)
    .ARM.Collect$$libinit$$0000000F          0x08000116   Section        0  libinit2.o(.ARM.Collect$$libinit$$0000000F)
    .ARM.Collect$$libinit$$00000011          0x08000116   Section        0  libinit2.o(.ARM.Collect$$libinit$$00000011)
    .ARM.Collect$$libinit$$00000013          0x08000116   Section        0  libinit2.o(.ARM.Collect$$libinit$$00000013)
    .ARM.Collect$$libinit$$00000015          0x08000116   Section        0  libinit2.o(.ARM.Collect$$libinit$$00000015)
    .ARM.Collect$$libinit$$00000017          0x08000116   Section        0  libinit2.o(.ARM.Collect$$libinit$$00000017)
    .ARM.Collect$$libinit$$00000019          0x08000116   Section        0  libinit2.o(.ARM.Collect$$libinit$$00000019)
    .ARM.Collect$$libinit$$0000001B          0x08000116   Section        0  libinit2.o(.ARM.Collect$$libinit$$0000001B)
    .ARM.Collect$$libinit$$0000001D          0x08000116   Section        0  libinit2.o(.ARM.Collect$$libinit$$0000001D)
    .ARM.Collect$$libinit$$0000001F          0x08000116   Section        0  libinit2.o(.ARM.Collect$$libinit$$0000001F)
    .ARM.Collect$$libinit$$00000021          0x08000116   Section        0  libinit2.o(.ARM.Collect$$libinit$$00000021)
    .ARM.Collect$$libinit$$00000028          0x08000116   Section        0  libinit2.o(.ARM.Collect$$libinit$$00000028)
    .ARM.Collect$$libinit$$0000002A          0x08000116   Section        0  libinit2.o(.ARM.Collect$$libinit$$0000002A)
    .ARM.Collect$$libinit$$0000002C          0x08000116   Section        0  libinit2.o(.ARM.Collect$$libinit$$0000002C)
    .ARM.Collect$$libinit$$0000002E          0x08000116   Section        0  libinit2.o(.ARM.Collect$$libinit$$0000002E)
    .ARM.Collect$$libinit$$0000002F          0x08000116   Section        2  libinit2.o(.ARM.Collect$$libinit$$0000002F)
    .ARM.Collect$$libshutdown$$00000000      0x08000118   Section        2  libshutdown.o(.ARM.Collect$$libshutdown$$00000000)
    .ARM.Collect$$libshutdown$$00000003      0x0800011a   Section        0  libshutdown2.o(.ARM.Collect$$libshutdown$$00000003)
    .ARM.Collect$$libshutdown$$00000006      0x0800011a   Section        0  libshutdown2.o(.ARM.Collect$$libshutdown$$00000006)
    .ARM.Collect$$libshutdown$$00000009      0x0800011a   Section        0  libshutdown2.o(.ARM.Collect$$libshutdown$$00000009)
    .ARM.Collect$$libshutdown$$0000000B      0x0800011a   Section        0  libshutdown2.o(.ARM.Collect$$libshutdown$$0000000B)
    .ARM.Collect$$libshutdown$$0000000E      0x0800011a   Section        0  libshutdown2.o(.ARM.Collect$$libshutdown$$0000000E)
    .ARM.Collect$$libshutdown$$0000000F      0x0800011a   Section        2  libshutdown2.o(.ARM.Collect$$libshutdown$$0000000F)
    .ARM.Collect$$rtentry$$00000000          0x0800011c   Section        0  rtentry.o(.ARM.Collect$$rtentry$$00000000)
    .ARM.Collect$$rtentry$$00000002          0x0800011c   Section        0  rtentry2.o(.ARM.Collect$$rtentry$$00000002)
    .ARM.Collect$$rtentry$$00000004          0x0800011c   Section        6  rtentry4.o(.ARM.Collect$$rtentry$$00000004)
    .ARM.Collect$$rtentry$$00000009          0x08000122   Section        0  rtentry2.o(.ARM.Collect$$rtentry$$00000009)
    .ARM.Collect$$rtentry$$0000000A          0x08000122   Section        4  rtentry2.o(.ARM.Collect$$rtentry$$0000000A)
    .ARM.Collect$$rtentry$$0000000C          0x08000126   Section        0  rtentry2.o(.ARM.Collect$$rtentry$$0000000C)
    .ARM.Collect$$rtentry$$0000000D          0x08000126   Section        8  rtentry2.o(.ARM.Collect$$rtentry$$0000000D)
    .ARM.Collect$$rtexit$$00000000           0x0800012e   Section        2  rtexit.o(.ARM.Collect$$rtexit$$00000000)
    .ARM.Collect$$rtexit$$00000002           0x08000130   Section        0  rtexit2.o(.ARM.Collect$$rtexit$$00000002)
    .ARM.Collect$$rtexit$$00000003           0x08000130   Section        4  rtexit2.o(.ARM.Collect$$rtexit$$00000003)
    .ARM.Collect$$rtexit$$00000004           0x08000134   Section        6  rtexit2.o(.ARM.Collect$$rtexit$$00000004)
    .text                                    0x0800013c   Section        0  main.o(.text)
    NVIC_EnableIRQ                           0x08002757   Thumb Code    14  main.o(.text)
    .text                                    0x08002798   Section        0  stm32f0xx_gpio.o(.text)
    .text                                    0x08002978   Section        0  stm32f0xx_rcc.o(.text)
    .text                                    0x08002f64   Section        0  stm32f0xx_tim.o(.text)
    TI4_Config                               0x080036a5   Thumb Code    66  stm32f0xx_tim.o(.text)
    TI3_Config                               0x080036f9   Thumb Code    66  stm32f0xx_tim.o(.text)
    TI2_Config                               0x0800374f   Thumb Code   118  stm32f0xx_tim.o(.text)
    TI1_Config                               0x080037d5   Thumb Code    54  stm32f0xx_tim.o(.text)
    .text                                    0x08003b30   Section        0  stm32f0xx_adc.o(.text)
    .text                                    0x08003e10   Section        0  stm32f0xx_usart.o(.text)
    .text                                    0x08004380   Section        0  stm32f0xx_misc.o(.text)
    .text                                    0x08004434   Section        0  stm32f0xx_iwdg.o(.text)
    .text                                    0x0800447c   Section        0  delay.o(.text)
    .text                                    0x08004578   Section       56  startup_stm32f0xx_ld.o(.text)
    .text                                    0x080045b0   Section        0  system_stm32f0xx.o(.text)
    SetSysClock                              0x080045b1   Thumb Code   200  system_stm32f0xx.o(.text)
    .text                                    0x08004798   Section      346  aeabi_sdiv.o(.text)
    .text                                    0x080048f2   Section        0  heapauxi.o(.text)
    .text                                    0x080048f8   Section        0  daddsub.o(.text)
    _dadd1                                   0x080048f9   Thumb Code   286  daddsub.o(.text)
    _dsub1                                   0x08004a17   Thumb Code   462  daddsub.o(.text)
    .text                                    0x08004c3c   Section        0  ddiv.o(.text)
    .text                                    0x08005074   Section        0  dfixi.o(.text)
    .text                                    0x080050e0   Section        0  dflti.o(.text)
    .text                                    0x08005138   Section        0  dmul.o(.text)
    .text                                    0x080053c8   Section        0  _rserrno.o(.text)
    .text                                    0x080053e0   Section        0  dscalbn.o(.text)
    .text                                    0x08005444   Section        8  rt_errno_addr_intlibspace.o(.text)
    .text                                    0x0800544c   Section        0  dcmpin.o(.text)
    .text                                    0x080054cc   Section        8  libspace.o(.text)
    .text                                    0x080054d4   Section       62  sys_stackheap_outer.o(.text)
    .text                                    0x08005512   Section        0  exit.o(.text)
    .text                                    0x0800551e   Section        0  cmpret.o(.text)
    .text                                    0x0800554c   Section        0  dnan2.o(.text)
    .text                                    0x08005560   Section        0  retnan.o(.text)
    .text                                    0x080055c4   Section        0  sys_exit.o(.text)
    .text                                    0x080055d0   Section        2  use_no_semi.o(.text)
    .text                                    0x080055d2   Section        0  __dczerorl2.o(.text)
    .text                                    0x080055d2   Section        0  indicate_semi.o(.text)
    i.__ARM_common_switch8                   0x08005628   Section        0  main.o(i.__ARM_common_switch8)
    i.__ARM_fpclassify                       0x08005644   Section        0  fpclassify.o(i.__ARM_fpclassify)
    i.__kernel_poly                          0x08005670   Section        0  poly.o(i.__kernel_poly)
    i.__mathlib_dbl_underflow                0x0800571c   Section        0  dunder.o(i.__mathlib_dbl_underflow)
    i.exp                                    0x08005730   Section        0  exp.o(i.exp)
    i.log                                    0x080059b4   Section        0  log.o(i.log)
    x$fpl$deqf                               0x08005d08   Section      100  deqf.o(x$fpl$deqf)
    x$fpl$dleqf                              0x08005d6c   Section      100  dlef.o(x$fpl$dleqf)
    x$fpl$drleqf                             0x08005dd0   Section      104  drlef.o(x$fpl$drleqf)
    .constdata                               0x08005e38   Section      128  ddiv.o(.constdata)
    x$fpl$usenofp                            0x08005e38   Section        0  usenofp.o(x$fpl$usenofp)
    ddiv_reciptbl                            0x08005e38   Data         128  ddiv.o(.constdata)
    .constdata                               0x08005eb8   Section       88  exp.o(.constdata)
    halF                                     0x08005eb8   Data          16  exp.o(.constdata)
    ln2HI                                    0x08005ec8   Data          16  exp.o(.constdata)
    ln2LO                                    0x08005ed8   Data          16  exp.o(.constdata)
    P                                        0x08005ee8   Data          40  exp.o(.constdata)
    .constdata                               0x08005f10   Section       56  log.o(.constdata)
    Lg2                                      0x08005f10   Data          24  log.o(.constdata)
    Lg                                       0x08005f28   Data          32  log.o(.constdata)
    .constdata                               0x08005f48   Section        8  qnan.o(.constdata)
    .data                                    0x20000000   Section      303  main.o(.data)
    Temp1                                    0x200000c4   Data           4  main.o(.data)
    Temp2                                    0x200000c8   Data           4  main.o(.data)
    j                                        0x200000cc   Data           1  main.o(.data)
    k                                        0x200000cd   Data           1  main.o(.data)
    n                                        0x200000ce   Data           1  main.o(.data)
    m                                        0x200000cf   Data           1  main.o(.data)
    Count                                    0x200000d0   Data           4  main.o(.data)
    t                                        0x200000d4   Data           4  main.o(.data)
    k                                        0x200000d8   Data           4  main.o(.data)
    Count                                    0x200000dc   Data           1  main.o(.data)
    Count_2                                  0x200000dd   Data           1  main.o(.data)
    Led_count                                0x200000de   Data           1  main.o(.data)
    Select_data_bit                          0x200000df   Data           1  main.o(.data)
    M1_p                                     0x20000124   Data           1  main.o(.data)
    M2_p                                     0x20000125   Data           1  main.o(.data)
    Count_d                                  0x20000126   Data           1  main.o(.data)
    Show_text_count                          0x20000127   Data           1  main.o(.data)
    Led_test_count                           0x20000128   Data           1  main.o(.data)
    Term_send_count                          0x20000129   Data           1  main.o(.data)
    i1                                       0x2000012a   Data           1  main.o(.data)
    i2                                       0x2000012b   Data           1  main.o(.data)
    i3                                       0x2000012c   Data           1  main.o(.data)
    i4                                       0x2000012d   Data           1  main.o(.data)
    i5                                       0x2000012e   Data           1  main.o(.data)
    .data                                    0x2000012f   Section       16  stm32f0xx_rcc.o(.data)
    APBAHBPrescTable                         0x2000012f   Data          16  stm32f0xx_rcc.o(.data)
    .data                                    0x20000140   Section        7  delay.o(.data)
    .data                                    0x20000148   Section       20  system_stm32f0xx.o(.data)
    .bss                                     0x2000015c   Section      176  main.o(.bss)
    .bss                                     0x2000020c   Section       96  libspace.o(.bss)
    HEAP                                     0x20000270   Section      512  startup_stm32f0xx_ld.o(HEAP)
    Heap_Mem                                 0x20000270   Data         512  startup_stm32f0xx_ld.o(HEAP)
    STACK                                    0x20000470   Section     1024  startup_stm32f0xx_ld.o(STACK)
    Stack_Mem                                0x20000470   Data        1024  startup_stm32f0xx_ld.o(STACK)
    __initial_sp                             0x20000870   Data           0  startup_stm32f0xx_ld.o(STACK)

    Global Symbols

    Symbol Name                              Value     Ov Type        Size  Object(Section)

    BuildAttributes$$THM_ISAv3M$S$PE$A:L22$X:L11$S22$IEEE1$IW$USESV6$~STKCKD$USESV7$~SHL$OTIME$ROPI$IEEEX$EBA8$UX$STANDARDLIB$REQ8$PRES8$EABIv2 0x00000000   Number         0  anon$$obj.o ABSOLUTE
    __ARM_use_no_argv                        0x00000000   Number         0  main.o ABSOLUTE
    __ARM_exceptions_init                     - Undefined Weak Reference
    __alloca_initialize                       - Undefined Weak Reference
    __cpp_initialize__aeabi_                  - Undefined Weak Reference
    __cxa_finalize                            - Undefined Weak Reference
    __rt_locale                               - Undefined Weak Reference
    __sigvec_lookup                           - Undefined Weak Reference
    _atexit_init                              - Undefined Weak Reference
    _call_atexit_fns                          - Undefined Weak Reference
    _clock_init                               - Undefined Weak Reference
    _fp_trap_init                             - Undefined Weak Reference
    _fp_trap_shutdown                         - Undefined Weak Reference
    _get_lc_collate                           - Undefined Weak Reference
    _get_lc_ctype                             - Undefined Weak Reference
    _get_lc_monetary                          - Undefined Weak Reference
    _get_lc_numeric                           - Undefined Weak Reference
    _get_lc_time                              - Undefined Weak Reference
    _getenv_init                              - Undefined Weak Reference
    _handle_redirection                       - Undefined Weak Reference
    _init_alloc                               - Undefined Weak Reference
    _init_user_alloc                          - Undefined Weak Reference
    _initio                                   - Undefined Weak Reference
    _rand_init                                - Undefined Weak Reference
    _signal_finish                            - Undefined Weak Reference
    _signal_init                              - Undefined Weak Reference
    _terminate_alloc                          - Undefined Weak Reference
    _terminate_user_alloc                     - Undefined Weak Reference
    _terminateio                              - Undefined Weak Reference
    __Vectors_Size                           0x000000b0   Number         0  startup_stm32f0xx_ld.o ABSOLUTE
    __Vectors                                0x08000000   Data           4  startup_stm32f0xx_ld.o(RESET)
    __Vectors_End                            0x080000b0   Data           0  startup_stm32f0xx_ld.o(RESET)
    __main                                   0x080000b1   Thumb Code     8  __main.o(!!!main)
    __scatterload                            0x080000b9   Thumb Code     0  __scatter.o(!!!scatter)
    __scatterload_rt2                        0x080000b9   Thumb Code    52  __scatter.o(!!!scatter)
    __scatterload_rt2_thumb_only             0x080000b9   Thumb Code     0  __scatter.o(!!!scatter)
    __scatterload_null                       0x080000c9   Thumb Code     0  __scatter.o(!!!scatter)
    __scatterload_zeroinit                   0x080000f5   Thumb Code    28  __scatter_zi.o(!!handler_zi)
    __rt_lib_init                            0x08000111   Thumb Code     0  libinit.o(.ARM.Collect$$libinit$$00000000)
    __rt_lib_init_alloca_1                   0x08000117   Thumb Code     0  libinit2.o(.ARM.Collect$$libinit$$0000002A)
    __rt_lib_init_argv_1                     0x08000117   Thumb Code     0  libinit2.o(.ARM.Collect$$libinit$$00000028)
    __rt_lib_init_atexit_1                   0x08000117   Thumb Code     0  libinit2.o(.ARM.Collect$$libinit$$00000017)
    __rt_lib_init_clock_1                    0x08000117   Thumb Code     0  libinit2.o(.ARM.Collect$$libinit$$0000001D)
    __rt_lib_init_cpp_1                      0x08000117   Thumb Code     0  libinit2.o(.ARM.Collect$$libinit$$0000002E)
    __rt_lib_init_exceptions_1               0x08000117   Thumb Code     0  libinit2.o(.ARM.Collect$$libinit$$0000002C)
    __rt_lib_init_fp_trap_1                  0x08000117   Thumb Code     0  libinit2.o(.ARM.Collect$$libinit$$0000001B)
    __rt_lib_init_getenv_1                   0x08000117   Thumb Code     0  libinit2.o(.ARM.Collect$$libinit$$0000001F)
    __rt_lib_init_heap_1                     0x08000117   Thumb Code     0  libinit2.o(.ARM.Collect$$libinit$$00000006)
    __rt_lib_init_lc_collate_1               0x08000117   Thumb Code     0  libinit2.o(.ARM.Collect$$libinit$$0000000D)
    __rt_lib_init_lc_ctype_1                 0x08000117   Thumb Code     0  libinit2.o(.ARM.Collect$$libinit$$0000000F)
    __rt_lib_init_lc_monetary_1              0x08000117   Thumb Code     0  libinit2.o(.ARM.Collect$$libinit$$00000011)
    __rt_lib_init_lc_numeric_1               0x08000117   Thumb Code     0  libinit2.o(.ARM.Collect$$libinit$$00000013)
    __rt_lib_init_lc_time_1                  0x08000117   Thumb Code     0  libinit2.o(.ARM.Collect$$libinit$$00000015)
    __rt_lib_init_rand_1                     0x08000117   Thumb Code     0  libinit2.o(.ARM.Collect$$libinit$$0000000A)
    __rt_lib_init_return                     0x08000117   Thumb Code     0  libinit2.o(.ARM.Collect$$libinit$$0000002F)
    __rt_lib_init_signal_1                   0x08000117   Thumb Code     0  libinit2.o(.ARM.Collect$$libinit$$00000019)
    __rt_lib_init_stdio_1                    0x08000117   Thumb Code     0  libinit2.o(.ARM.Collect$$libinit$$00000021)
    __rt_lib_init_user_alloc_1               0x08000117   Thumb Code     0  libinit2.o(.ARM.Collect$$libinit$$00000008)
    __rt_lib_shutdown                        0x08000119   Thumb Code     0  libshutdown.o(.ARM.Collect$$libshutdown$$00000000)
    __rt_lib_shutdown_fp_trap_1              0x0800011b   Thumb Code     0  libshutdown2.o(.ARM.Collect$$libshutdown$$00000006)
    __rt_lib_shutdown_heap_1                 0x0800011b   Thumb Code     0  libshutdown2.o(.ARM.Collect$$libshutdown$$0000000E)
    __rt_lib_shutdown_return                 0x0800011b   Thumb Code     0  libshutdown2.o(.ARM.Collect$$libshutdown$$0000000F)
    __rt_lib_shutdown_signal_1               0x0800011b   Thumb Code     0  libshutdown2.o(.ARM.Collect$$libshutdown$$00000009)
    __rt_lib_shutdown_stdio_1                0x0800011b   Thumb Code     0  libshutdown2.o(.ARM.Collect$$libshutdown$$00000003)
    __rt_lib_shutdown_user_alloc_1           0x0800011b   Thumb Code     0  libshutdown2.o(.ARM.Collect$$libshutdown$$0000000B)
    __rt_entry                               0x0800011d   Thumb Code     0  rtentry.o(.ARM.Collect$$rtentry$$00000000)
    __rt_entry_presh_1                       0x0800011d   Thumb Code     0  rtentry2.o(.ARM.Collect$$rtentry$$00000002)
    __rt_entry_sh                            0x0800011d   Thumb Code     0  rtentry4.o(.ARM.Collect$$rtentry$$00000004)
    __rt_entry_li                            0x08000123   Thumb Code     0  rtentry2.o(.ARM.Collect$$rtentry$$0000000A)
    __rt_entry_postsh_1                      0x08000123   Thumb Code     0  rtentry2.o(.ARM.Collect$$rtentry$$00000009)
    __rt_entry_main                          0x08000127   Thumb Code     0  rtentry2.o(.ARM.Collect$$rtentry$$0000000D)
    __rt_entry_postli_1                      0x08000127   Thumb Code     0  rtentry2.o(.ARM.Collect$$rtentry$$0000000C)
    __rt_exit                                0x0800012f   Thumb Code     0  rtexit.o(.ARM.Collect$$rtexit$$00000000)
    __rt_exit_ls                             0x08000131   Thumb Code     0  rtexit2.o(.ARM.Collect$$rtexit$$00000003)
    __rt_exit_prels_1                        0x08000131   Thumb Code     0  rtexit2.o(.ARM.Collect$$rtexit$$00000002)
    __rt_exit_exit                           0x08000135   Thumb Code     0  rtexit2.o(.ARM.Collect$$rtexit$$00000004)
    GPIO_Config                              0x0800013d   Thumb Code    70  main.o(.text)
    Timer_Init                               0x08000183   Thumb Code   338  main.o(.text)
    Usart_Init                               0x080002d5   Thumb Code   132  main.o(.text)
    Usart_Send                               0x08000359   Thumb Code    28  main.o(.text)
    ADC1_Init                                0x08000375   Thumb Code   194  main.o(.text)
    IWD_Init                                 0x08000437   Thumb Code    30  main.o(.text)
    Adc_To_Temp                              0x08000455   Thumb Code   152  main.o(.text)
    Send_Some_Data                           0x080004ed   Thumb Code   200  main.o(.text)
    Show_On_7seg                             0x080005b5   Thumb Code  3682  main.o(.text)
    Defrost_Operand                          0x08001417   Thumb Code    88  main.o(.text)
    Set_Operand                              0x0800146f   Thumb Code   244  main.o(.text)
    Lock_Operand                             0x08001563   Thumb Code   400  main.o(.text)
    Alarm_Operand                            0x080016f3   Thumb Code   354  main.o(.text)
    Term_Eva_Temp_Operand                    0x08001855   Thumb Code   168  main.o(.text)
    Vacation_Operand                         0x080018fd   Thumb Code   352  main.o(.text)
    ADC1_IRQHandler                          0x08001a5d   Thumb Code  1062  main.o(.text)
    TIM3_IRQHandler                          0x08001e83   Thumb Code  1082  main.o(.text)
    TIM16_IRQHandler                         0x080022bd   Thumb Code    56  main.o(.text)
    USART1_IRQHandler                        0x080022f5   Thumb Code   650  main.o(.text)
    main                                     0x0800257f   Thumb Code   472  main.o(.text)
    GPIO_DeInit                              0x08002799   Thumb Code   132  stm32f0xx_gpio.o(.text)
    GPIO_Init                                0x0800281d   Thumb Code   144  stm32f0xx_gpio.o(.text)
    GPIO_StructInit                          0x080028ad   Thumb Code    20  stm32f0xx_gpio.o(.text)
    GPIO_PinLockConfig                       0x080028c1   Thumb Code    22  stm32f0xx_gpio.o(.text)
    GPIO_ReadInputDataBit                    0x080028d7   Thumb Code    18  stm32f0xx_gpio.o(.text)
    GPIO_ReadInputData                       0x080028e9   Thumb Code     6  stm32f0xx_gpio.o(.text)
    GPIO_ReadOutputDataBit                   0x080028ef   Thumb Code    18  stm32f0xx_gpio.o(.text)
    GPIO_ReadOutputData                      0x08002901   Thumb Code     6  stm32f0xx_gpio.o(.text)
    GPIO_SetBits                             0x08002907   Thumb Code     4  stm32f0xx_gpio.o(.text)
    GPIO_ResetBits                           0x0800290b   Thumb Code     4  stm32f0xx_gpio.o(.text)
    GPIO_WriteBit                            0x0800290f   Thumb Code    12  stm32f0xx_gpio.o(.text)
    GPIO_Write                               0x0800291b   Thumb Code     4  stm32f0xx_gpio.o(.text)
    GPIO_PinAFConfig                         0x0800291f   Thumb Code    68  stm32f0xx_gpio.o(.text)
    RCC_DeInit                               0x08002979   Thumb Code   104  stm32f0xx_rcc.o(.text)
    RCC_HSEConfig                            0x080029e1   Thumb Code    12  stm32f0xx_rcc.o(.text)
    RCC_GetFlagStatus                        0x080029ed   Thumb Code    66  stm32f0xx_rcc.o(.text)
    RCC_WaitForHSEStartUp                    0x08002a2f   Thumb Code    52  stm32f0xx_rcc.o(.text)
    RCC_AdjustHSICalibrationValue            0x08002a63   Thumb Code    26  stm32f0xx_rcc.o(.text)
    RCC_HSICmd                               0x08002a7d   Thumb Code    32  stm32f0xx_rcc.o(.text)
    RCC_AdjustHSI14CalibrationValue          0x08002a9d   Thumb Code    26  stm32f0xx_rcc.o(.text)
    RCC_HSI14Cmd                             0x08002ab7   Thumb Code    32  stm32f0xx_rcc.o(.text)
    RCC_HSI14ADCRequestCmd                   0x08002ad7   Thumb Code    32  stm32f0xx_rcc.o(.text)
    RCC_LSEConfig                            0x08002af7   Thumb Code    34  stm32f0xx_rcc.o(.text)
    RCC_LSEDriveConfig                       0x08002b19   Thumb Code    22  stm32f0xx_rcc.o(.text)
    RCC_LSICmd                               0x08002b2f   Thumb Code    32  stm32f0xx_rcc.o(.text)
    RCC_PLLConfig                            0x08002b4f   Thumb Code    30  stm32f0xx_rcc.o(.text)
    RCC_PLLCmd                               0x08002b6d   Thumb Code    36  stm32f0xx_rcc.o(.text)
    RCC_PREDIV1Config                        0x08002b91   Thumb Code    24  stm32f0xx_rcc.o(.text)
    RCC_ClockSecuritySystemCmd               0x08002ba9   Thumb Code    36  stm32f0xx_rcc.o(.text)
    RCC_MCOConfig                            0x08002bcd   Thumb Code     6  stm32f0xx_rcc.o(.text)
    RCC_SYSCLKConfig                         0x08002bd3   Thumb Code    24  stm32f0xx_rcc.o(.text)
    RCC_GetSYSCLKSource                      0x08002beb   Thumb Code    10  stm32f0xx_rcc.o(.text)
    RCC_HCLKConfig                           0x08002bf5   Thumb Code    28  stm32f0xx_rcc.o(.text)
    RCC_PCLKConfig                           0x08002c11   Thumb Code    30  stm32f0xx_rcc.o(.text)
    RCC_ADCCLKConfig                         0x08002c2f   Thumb Code    52  stm32f0xx_rcc.o(.text)
    RCC_CECCLKConfig                         0x08002c63   Thumb Code    22  stm32f0xx_rcc.o(.text)
    RCC_I2CCLKConfig                         0x08002c79   Thumb Code    22  stm32f0xx_rcc.o(.text)
    RCC_USARTCLKConfig                       0x08002c8f   Thumb Code    22  stm32f0xx_rcc.o(.text)
    RCC_GetClocksFreq                        0x08002ca5   Thumb Code   368  stm32f0xx_rcc.o(.text)
    RCC_RTCCLKConfig                         0x08002e15   Thumb Code    12  stm32f0xx_rcc.o(.text)
    RCC_RTCCLKCmd                            0x08002e21   Thumb Code    36  stm32f0xx_rcc.o(.text)
    RCC_BackupResetCmd                       0x08002e45   Thumb Code    36  stm32f0xx_rcc.o(.text)
    RCC_AHBPeriphClockCmd                    0x08002e69   Thumb Code    28  stm32f0xx_rcc.o(.text)
    RCC_APB2PeriphClockCmd                   0x08002e85   Thumb Code    28  stm32f0xx_rcc.o(.text)
    RCC_APB1PeriphClockCmd                   0x08002ea1   Thumb Code    28  stm32f0xx_rcc.o(.text)
    RCC_AHBPeriphResetCmd                    0x08002ebd   Thumb Code    28  stm32f0xx_rcc.o(.text)
    RCC_APB2PeriphResetCmd                   0x08002ed9   Thumb Code    28  stm32f0xx_rcc.o(.text)
    RCC_APB1PeriphResetCmd                   0x08002ef5   Thumb Code    28  stm32f0xx_rcc.o(.text)
    RCC_ITConfig                             0x08002f11   Thumb Code    28  stm32f0xx_rcc.o(.text)
    RCC_ClearFlag                            0x08002f2d   Thumb Code    16  stm32f0xx_rcc.o(.text)
    RCC_GetITStatus                          0x08002f3d   Thumb Code    20  stm32f0xx_rcc.o(.text)
    RCC_ClearITPendingBit                    0x08002f51   Thumb Code     6  stm32f0xx_rcc.o(.text)
    TIM_DeInit                               0x08002f65   Thumb Code   204  stm32f0xx_tim.o(.text)
    TIM_TimeBaseInit                         0x08003031   Thumb Code    90  stm32f0xx_tim.o(.text)
    TIM_TimeBaseStructInit                   0x0800308b   Thumb Code    18  stm32f0xx_tim.o(.text)
    TIM_PrescalerConfig                      0x0800309d   Thumb Code     6  stm32f0xx_tim.o(.text)
    TIM_CounterModeConfig                    0x080030a3   Thumb Code    20  stm32f0xx_tim.o(.text)
    TIM_SetCounter                           0x080030b7   Thumb Code     4  stm32f0xx_tim.o(.text)
    TIM_SetAutoreload                        0x080030bb   Thumb Code     4  stm32f0xx_tim.o(.text)
    TIM_GetCounter                           0x080030bf   Thumb Code     6  stm32f0xx_tim.o(.text)
    TIM_GetPrescaler                         0x080030c5   Thumb Code     6  stm32f0xx_tim.o(.text)
    TIM_UpdateDisableConfig                  0x080030cb   Thumb Code    26  stm32f0xx_tim.o(.text)
    TIM_UpdateRequestConfig                  0x080030e5   Thumb Code    26  stm32f0xx_tim.o(.text)
    TIM_ARRPreloadConfig                     0x080030ff   Thumb Code    26  stm32f0xx_tim.o(.text)
    TIM_SelectOnePulseMode                   0x08003119   Thumb Code    18  stm32f0xx_tim.o(.text)
    TIM_SetClockDivision                     0x0800312b   Thumb Code    16  stm32f0xx_tim.o(.text)
    TIM_Cmd                                  0x0800313b   Thumb Code    26  stm32f0xx_tim.o(.text)
    TIM_BDTRConfig                           0x08003155   Thumb Code    32  stm32f0xx_tim.o(.text)
    TIM_BDTRStructInit                       0x08003175   Thumb Code    18  stm32f0xx_tim.o(.text)
    TIM_CtrlPWMOutputs                       0x08003187   Thumb Code    34  stm32f0xx_tim.o(.text)
    TIM_OC1Init                              0x080031a9   Thumb Code   122  stm32f0xx_tim.o(.text)
    TIM_OC2Init                              0x08003223   Thumb Code   132  stm32f0xx_tim.o(.text)
    TIM_OC3Init                              0x080032a7   Thumb Code   124  stm32f0xx_tim.o(.text)
    TIM_OC4Init                              0x08003323   Thumb Code   150  stm32f0xx_tim.o(.text)
    TIM_OCStructInit                         0x080033b9   Thumb Code    20  stm32f0xx_tim.o(.text)
    TIM_SelectOCxM                           0x080033cd   Thumb Code    82  stm32f0xx_tim.o(.text)
    TIM_SetCompare1                          0x0800341f   Thumb Code     4  stm32f0xx_tim.o(.text)
    TIM_SetCompare2                          0x08003423   Thumb Code     4  stm32f0xx_tim.o(.text)
    TIM_SetCompare3                          0x08003427   Thumb Code     4  stm32f0xx_tim.o(.text)
    TIM_SetCompare4                          0x0800342b   Thumb Code     4  stm32f0xx_tim.o(.text)
    TIM_ForcedOC1Config                      0x0800342f   Thumb Code    20  stm32f0xx_tim.o(.text)
    TIM_ForcedOC2Config                      0x08003443   Thumb Code    20  stm32f0xx_tim.o(.text)
    TIM_ForcedOC3Config                      0x08003457   Thumb Code    20  stm32f0xx_tim.o(.text)
    TIM_ForcedOC4Config                      0x0800346b   Thumb Code    20  stm32f0xx_tim.o(.text)
    TIM_CCPreloadControl                     0x0800347f   Thumb Code    26  stm32f0xx_tim.o(.text)
    TIM_OC1PreloadConfig                     0x08003499   Thumb Code    22  stm32f0xx_tim.o(.text)
    TIM_OC2PreloadConfig                     0x080034af   Thumb Code    20  stm32f0xx_tim.o(.text)
    TIM_OC3PreloadConfig                     0x080034c3   Thumb Code    22  stm32f0xx_tim.o(.text)
    TIM_OC4PreloadConfig                     0x080034d9   Thumb Code    20  stm32f0xx_tim.o(.text)
    TIM_OC1FastConfig                        0x080034ed   Thumb Code    22  stm32f0xx_tim.o(.text)
    TIM_OC2FastConfig                        0x08003503   Thumb Code    20  stm32f0xx_tim.o(.text)
    TIM_OC3FastConfig                        0x08003517   Thumb Code    22  stm32f0xx_tim.o(.text)
    TIM_OC4FastConfig                        0x0800352d   Thumb Code    20  stm32f0xx_tim.o(.text)
    TIM_ClearOC1Ref                          0x08003541   Thumb Code    22  stm32f0xx_tim.o(.text)
    TIM_ClearOC2Ref                          0x08003557   Thumb Code    20  stm32f0xx_tim.o(.text)
    TIM_ClearOC3Ref                          0x0800356b   Thumb Code    22  stm32f0xx_tim.o(.text)
    TIM_ClearOC4Ref                          0x08003581   Thumb Code    20  stm32f0xx_tim.o(.text)
    TIM_OC1PolarityConfig                    0x08003595   Thumb Code    22  stm32f0xx_tim.o(.text)
    TIM_OC1NPolarityConfig                   0x080035ab   Thumb Code    22  stm32f0xx_tim.o(.text)
    TIM_OC2PolarityConfig                    0x080035c1   Thumb Code    22  stm32f0xx_tim.o(.text)
    TIM_OC2NPolarityConfig                   0x080035d7   Thumb Code    22  stm32f0xx_tim.o(.text)
    TIM_OC3PolarityConfig                    0x080035ed   Thumb Code    20  stm32f0xx_tim.o(.text)
    TIM_OC3NPolarityConfig                   0x08003601   Thumb Code    20  stm32f0xx_tim.o(.text)
    TIM_OC4PolarityConfig                    0x08003615   Thumb Code    20  stm32f0xx_tim.o(.text)
    TIM_SelectOCREFClear                     0x08003629   Thumb Code    18  stm32f0xx_tim.o(.text)
    TIM_CCxCmd                               0x0800363b   Thumb Code    30  stm32f0xx_tim.o(.text)
    TIM_CCxNCmd                              0x08003659   Thumb Code    30  stm32f0xx_tim.o(.text)
    TIM_SelectCOM                            0x08003677   Thumb Code    26  stm32f0xx_tim.o(.text)
    TIM_SetIC4Prescaler                      0x08003691   Thumb Code    20  stm32f0xx_tim.o(.text)
    TIM_SetIC3Prescaler                      0x080036e7   Thumb Code    18  stm32f0xx_tim.o(.text)
    TIM_SetIC2Prescaler                      0x0800373b   Thumb Code    20  stm32f0xx_tim.o(.text)
    TIM_SetIC1Prescaler                      0x080037c5   Thumb Code    16  stm32f0xx_tim.o(.text)
    TIM_ICInit                               0x0800380b   Thumb Code   112  stm32f0xx_tim.o(.text)
    TIM_ICStructInit                         0x0800387b   Thumb Code    18  stm32f0xx_tim.o(.text)
    TIM_PWMIConfig                           0x0800388d   Thumb Code   124  stm32f0xx_tim.o(.text)
    TIM_GetCapture1                          0x08003909   Thumb Code     6  stm32f0xx_tim.o(.text)
    TIM_GetCapture2                          0x0800390f   Thumb Code     6  stm32f0xx_tim.o(.text)
    TIM_GetCapture3                          0x08003915   Thumb Code     6  stm32f0xx_tim.o(.text)
    TIM_GetCapture4                          0x0800391b   Thumb Code     6  stm32f0xx_tim.o(.text)
    TIM_ITConfig                             0x08003921   Thumb Code    20  stm32f0xx_tim.o(.text)
    TIM_GenerateEvent                        0x08003935   Thumb Code     4  stm32f0xx_tim.o(.text)
    TIM_GetFlagStatus                        0x08003939   Thumb Code    18  stm32f0xx_tim.o(.text)
    TIM_ClearFlag                            0x0800394b   Thumb Code     6  stm32f0xx_tim.o(.text)
    TIM_GetITStatus                          0x08003951   Thumb Code    38  stm32f0xx_tim.o(.text)
    TIM_ClearITPendingBit                    0x08003977   Thumb Code     6  stm32f0xx_tim.o(.text)
    TIM_DMAConfig                            0x0800397d   Thumb Code    12  stm32f0xx_tim.o(.text)
    TIM_DMACmd                               0x08003989   Thumb Code    20  stm32f0xx_tim.o(.text)
    TIM_SelectCCDMA                          0x0800399d   Thumb Code    26  stm32f0xx_tim.o(.text)
    TIM_InternalClockConfig                  0x080039b7   Thumb Code    12  stm32f0xx_tim.o(.text)
    TIM_SelectInputTrigger                   0x080039c3   Thumb Code    22  stm32f0xx_tim.o(.text)
    TIM_ITRxExternalClockConfig              0x080039d9   Thumb Code    24  stm32f0xx_tim.o(.text)
    TIM_TIxExternalClockConfig               0x080039f1   Thumb Code    58  stm32f0xx_tim.o(.text)
    TIM_ETRConfig                            0x08003a2b   Thumb Code    24  stm32f0xx_tim.o(.text)
    TIM_ETRClockMode1Config                  0x08003a43   Thumb Code    48  stm32f0xx_tim.o(.text)
    TIM_ETRClockMode2Config                  0x08003a73   Thumb Code    34  stm32f0xx_tim.o(.text)
    TIM_SelectOutputTrigger                  0x08003a95   Thumb Code    18  stm32f0xx_tim.o(.text)
    TIM_SelectSlaveMode                      0x08003aa7   Thumb Code    18  stm32f0xx_tim.o(.text)
    TIM_SelectMasterSlaveMode                0x08003ab9   Thumb Code    18  stm32f0xx_tim.o(.text)
    TIM_EncoderInterfaceConfig               0x08003acb   Thumb Code    60  stm32f0xx_tim.o(.text)
    TIM_SelectHallSensor                     0x08003b07   Thumb Code    26  stm32f0xx_tim.o(.text)
    TIM_RemapConfig                          0x08003b21   Thumb Code     6  stm32f0xx_tim.o(.text)
    ADC_DeInit                               0x08003b31   Thumb Code    28  stm32f0xx_adc.o(.text)
    ADC_Init                                 0x08003b4d   Thumb Code    40  stm32f0xx_adc.o(.text)
    ADC_StructInit                           0x08003b75   Thumb Code    16  stm32f0xx_adc.o(.text)
    ADC_Cmd                                  0x08003b85   Thumb Code    24  stm32f0xx_adc.o(.text)
    ADC_JitterCmd                            0x08003b9d   Thumb Code    20  stm32f0xx_adc.o(.text)
    ADC_AutoPowerOffCmd                      0x08003bb1   Thumb Code    28  stm32f0xx_adc.o(.text)
    ADC_WaitModeCmd                          0x08003bcd   Thumb Code    28  stm32f0xx_adc.o(.text)
    ADC_AnalogWatchdogCmd                    0x08003be9   Thumb Code    28  stm32f0xx_adc.o(.text)
    ADC_AnalogWatchdogThresholdsConfig       0x08003c05   Thumb Code     8  stm32f0xx_adc.o(.text)
    ADC_AnalogWatchdogSingleChannelConfig    0x08003c0d   Thumb Code    28  stm32f0xx_adc.o(.text)
    ADC_AnalogWatchdogSingleChannelCmd       0x08003c29   Thumb Code    28  stm32f0xx_adc.o(.text)
    ADC_TempSensorCmd                        0x08003c45   Thumb Code    36  stm32f0xx_adc.o(.text)
    ADC_VrefintCmd                           0x08003c69   Thumb Code    36  stm32f0xx_adc.o(.text)
    ADC_VbatCmd                              0x08003c8d   Thumb Code    36  stm32f0xx_adc.o(.text)
    ADC_ChannelConfig                        0x08003cb1   Thumb Code    24  stm32f0xx_adc.o(.text)
    ADC_ContinuousModeCmd                    0x08003cc9   Thumb Code    28  stm32f0xx_adc.o(.text)
    ADC_DiscModeCmd                          0x08003ce5   Thumb Code    28  stm32f0xx_adc.o(.text)
    ADC_OverrunModeCmd                       0x08003d01   Thumb Code    28  stm32f0xx_adc.o(.text)
    ADC_GetCalibrationFactor                 0x08003d1d   Thumb Code    58  stm32f0xx_adc.o(.text)
    ADC_StopOfConversion                     0x08003d57   Thumb Code    10  stm32f0xx_adc.o(.text)
    ADC_StartOfConversion                    0x08003d61   Thumb Code    10  stm32f0xx_adc.o(.text)
    ADC_GetConversionValue                   0x08003d6b   Thumb Code     8  stm32f0xx_adc.o(.text)
    ADC_DMACmd                               0x08003d73   Thumb Code    24  stm32f0xx_adc.o(.text)
    ADC_DMARequestModeConfig                 0x08003d8b   Thumb Code    16  stm32f0xx_adc.o(.text)
    ADC_ITConfig                             0x08003d9b   Thumb Code    20  stm32f0xx_adc.o(.text)
    ADC_GetFlagStatus                        0x08003daf   Thumb Code    44  stm32f0xx_adc.o(.text)
    ADC_ClearFlag                            0x08003ddb   Thumb Code     4  stm32f0xx_adc.o(.text)
    ADC_GetITStatus                          0x08003ddf   Thumb Code    32  stm32f0xx_adc.o(.text)
    ADC_ClearITPendingBit                    0x08003dff   Thumb Code     4  stm32f0xx_adc.o(.text)
    USART_DeInit                             0x08003e11   Thumb Code    56  stm32f0xx_usart.o(.text)
    USART_Init                               0x08003e49   Thumb Code   230  stm32f0xx_usart.o(.text)
    USART_StructInit                         0x08003f2f   Thumb Code    24  stm32f0xx_usart.o(.text)
    USART_ClockInit                          0x08003f47   Thumb Code    36  stm32f0xx_usart.o(.text)
    USART_ClockStructInit                    0x08003f6b   Thumb Code    12  stm32f0xx_usart.o(.text)
    USART_Cmd                                0x08003f77   Thumb Code    24  stm32f0xx_usart.o(.text)
    USART_DirectionModeCmd                   0x08003f8f   Thumb Code    20  stm32f0xx_usart.o(.text)
    USART_OverSampling8Cmd                   0x08003fa3   Thumb Code    28  stm32f0xx_usart.o(.text)
    USART_OneBitMethodCmd                    0x08003fbf   Thumb Code    28  stm32f0xx_usart.o(.text)
    USART_MSBFirstCmd                        0x08003fdb   Thumb Code    28  stm32f0xx_usart.o(.text)
    USART_DataInvCmd                         0x08003ff7   Thumb Code    28  stm32f0xx_usart.o(.text)
    USART_InvPinCmd                          0x08004013   Thumb Code    20  stm32f0xx_usart.o(.text)
    USART_SWAPPinCmd                         0x08004027   Thumb Code    28  stm32f0xx_usart.o(.text)
    USART_ReceiverTimeOutCmd                 0x08004043   Thumb Code    28  stm32f0xx_usart.o(.text)
    USART_SetReceiverTimeOut                 0x0800405f   Thumb Code    16  stm32f0xx_usart.o(.text)
    USART_SetPrescaler                       0x0800406f   Thumb Code    18  stm32f0xx_usart.o(.text)
    USART_STOPModeCmd                        0x08004081   Thumb Code    24  stm32f0xx_usart.o(.text)
    USART_StopModeWakeUpSourceConfig         0x08004099   Thumb Code    18  stm32f0xx_usart.o(.text)
    USART_AutoBaudRateCmd                    0x080040ab   Thumb Code    28  stm32f0xx_usart.o(.text)
    USART_AutoBaudRateConfig                 0x080040c7   Thumb Code    18  stm32f0xx_usart.o(.text)
    USART_AutoBaudRateNewRequest             0x080040d9   Thumb Code    12  stm32f0xx_usart.o(.text)
    USART_SendData                           0x080040e5   Thumb Code     8  stm32f0xx_usart.o(.text)
    USART_ReceiveData                        0x080040ed   Thumb Code    10  stm32f0xx_usart.o(.text)
    USART_SetAddress                         0x080040f7   Thumb Code    18  stm32f0xx_usart.o(.text)
    USART_MuteModeCmd                        0x08004109   Thumb Code    28  stm32f0xx_usart.o(.text)
    USART_MuteModeWakeUpConfig               0x08004125   Thumb Code    18  stm32f0xx_usart.o(.text)
    USART_AddressDetectionConfig             0x08004137   Thumb Code    16  stm32f0xx_usart.o(.text)
    USART_LINBreakDetectLengthConfig         0x08004147   Thumb Code    16  stm32f0xx_usart.o(.text)
    USART_LINCmd                             0x08004157   Thumb Code    28  stm32f0xx_usart.o(.text)
    USART_HalfDuplexCmd                      0x08004173   Thumb Code    24  stm32f0xx_usart.o(.text)
    USART_SetGuardTime                       0x0800418b   Thumb Code    16  stm32f0xx_usart.o(.text)
    USART_SmartCardCmd                       0x0800419b   Thumb Code    24  stm32f0xx_usart.o(.text)
    USART_SmartCardNACKCmd                   0x080041b3   Thumb Code    24  stm32f0xx_usart.o(.text)
    USART_SetAutoRetryCount                  0x080041cb   Thumb Code    20  stm32f0xx_usart.o(.text)
    USART_SetBlockLength                     0x080041df   Thumb Code    30  stm32f0xx_usart.o(.text)
    USART_IrDAConfig                         0x080041fd   Thumb Code    16  stm32f0xx_usart.o(.text)
    USART_IrDACmd                            0x0800420d   Thumb Code    24  stm32f0xx_usart.o(.text)
    USART_DECmd                              0x08004225   Thumb Code    28  stm32f0xx_usart.o(.text)
    USART_DEPolarityConfig                   0x08004241   Thumb Code    18  stm32f0xx_usart.o(.text)
    USART_SetDEAssertionTime                 0x08004253   Thumb Code    20  stm32f0xx_usart.o(.text)
    USART_SetDEDeassertionTime               0x08004267   Thumb Code    20  stm32f0xx_usart.o(.text)
    USART_DMACmd                             0x0800427b   Thumb Code    20  stm32f0xx_usart.o(.text)
    USART_DMAReceptionErrorConfig            0x0800428f   Thumb Code    18  stm32f0xx_usart.o(.text)
    USART_ITConfig                           0x080042a1   Thumb Code    66  stm32f0xx_usart.o(.text)
    USART_RequestCmd                         0x080042e3   Thumb Code    20  stm32f0xx_usart.o(.text)
    USART_OverrunDetectionConfig             0x080042f7   Thumb Code    18  stm32f0xx_usart.o(.text)
    USART_GetFlagStatus                      0x08004309   Thumb Code    18  stm32f0xx_usart.o(.text)
    USART_ClearFlag                          0x0800431b   Thumb Code     4  stm32f0xx_usart.o(.text)
    USART_GetITStatus                        0x0800431f   Thumb Code    78  stm32f0xx_usart.o(.text)
    USART_ClearITPendingBit                  0x0800436d   Thumb Code    18  stm32f0xx_usart.o(.text)
    NVIC_Init                                0x08004381   Thumb Code   106  stm32f0xx_misc.o(.text)
    NVIC_SystemLPConfig                      0x080043eb   Thumb Code    28  stm32f0xx_misc.o(.text)
    SysTick_CLKSourceConfig                  0x08004407   Thumb Code    32  stm32f0xx_misc.o(.text)
    IWDG_WriteAccessCmd                      0x08004435   Thumb Code     6  stm32f0xx_iwdg.o(.text)
    IWDG_SetPrescaler                        0x0800443b   Thumb Code     6  stm32f0xx_iwdg.o(.text)
    IWDG_SetReload                           0x08004441   Thumb Code     6  stm32f0xx_iwdg.o(.text)
    IWDG_ReloadCounter                       0x08004447   Thumb Code     8  stm32f0xx_iwdg.o(.text)
    IWDG_SetWindowValue                      0x0800444f   Thumb Code     6  stm32f0xx_iwdg.o(.text)
    IWDG_Enable                              0x08004455   Thumb Code     8  stm32f0xx_iwdg.o(.text)
    IWDG_GetFlagStatus                       0x0800445d   Thumb Code    20  stm32f0xx_iwdg.o(.text)
    Delay_Init                               0x0800447d   Thumb Code    66  delay.o(.text)
    delay_s                                  0x080044bf   Thumb Code    56  delay.o(.text)
    delay_ms                                 0x080044f7   Thumb Code    56  delay.o(.text)
    delay_us                                 0x0800452f   Thumb Code    56  delay.o(.text)
    Reset_Handler                            0x08004579   Thumb Code     8  startup_stm32f0xx_ld.o(.text)
    NMI_Handler                              0x08004581   Thumb Code     2  startup_stm32f0xx_ld.o(.text)
    HardFault_Handler                        0x08004583   Thumb Code     2  startup_stm32f0xx_ld.o(.text)
    SVC_Handler                              0x08004585   Thumb Code     2  startup_stm32f0xx_ld.o(.text)
    PendSV_Handler                           0x08004587   Thumb Code     2  startup_stm32f0xx_ld.o(.text)
    SysTick_Handler                          0x08004589   Thumb Code     2  startup_stm32f0xx_ld.o(.text)
    DMA1_Channel1_IRQHandler                 0x0800458b   Thumb Code     0  startup_stm32f0xx_ld.o(.text)
    DMA1_Channel2_3_IRQHandler               0x0800458b   Thumb Code     0  startup_stm32f0xx_ld.o(.text)
    DMA1_Channel4_5_IRQHandler               0x0800458b   Thumb Code     0  startup_stm32f0xx_ld.o(.text)
    EXTI0_1_IRQHandler                       0x0800458b   Thumb Code     0  startup_stm32f0xx_ld.o(.text)
    EXTI2_3_IRQHandler                       0x0800458b   Thumb Code     0  startup_stm32f0xx_ld.o(.text)
    EXTI4_15_IRQHandler                      0x0800458b   Thumb Code     0  startup_stm32f0xx_ld.o(.text)
    FLASH_IRQHandler                         0x0800458b   Thumb Code     0  startup_stm32f0xx_ld.o(.text)
    I2C1_IRQHandler                          0x0800458b   Thumb Code     0  startup_stm32f0xx_ld.o(.text)
    PVD_IRQHandler                           0x0800458b   Thumb Code     0  startup_stm32f0xx_ld.o(.text)
    RCC_IRQHandler                           0x0800458b   Thumb Code     0  startup_stm32f0xx_ld.o(.text)
    RTC_IRQHandler                           0x0800458b   Thumb Code     0  startup_stm32f0xx_ld.o(.text)
    SPI1_IRQHandler                          0x0800458b   Thumb Code     0  startup_stm32f0xx_ld.o(.text)
    TIM14_IRQHandler                         0x0800458b   Thumb Code     0  startup_stm32f0xx_ld.o(.text)
    TIM17_IRQHandler                         0x0800458b   Thumb Code     0  startup_stm32f0xx_ld.o(.text)
    TIM1_BRK_UP_TRG_COM_IRQHandler           0x0800458b   Thumb Code     0  startup_stm32f0xx_ld.o(.text)
    TIM1_CC_IRQHandler                       0x0800458b   Thumb Code     0  startup_stm32f0xx_ld.o(.text)
    TIM2_IRQHandler                          0x0800458b   Thumb Code     0  startup_stm32f0xx_ld.o(.text)
    WWDG_IRQHandler                          0x0800458b   Thumb Code     0  startup_stm32f0xx_ld.o(.text)
    __user_initial_stackheap                 0x0800458d   Thumb Code     0  startup_stm32f0xx_ld.o(.text)
    SystemInit                               0x08004679   Thumb Code    96  system_stm32f0xx.o(.text)
    SystemCoreClockUpdate                    0x080046d9   Thumb Code   154  system_stm32f0xx.o(.text)
    __aeabi_uidiv                            0x08004799   Thumb Code     0  aeabi_sdiv.o(.text)
    __aeabi_uidivmod                         0x08004799   Thumb Code    20  aeabi_sdiv.o(.text)
    __aeabi_idiv                             0x080047ad   Thumb Code     0  aeabi_sdiv.o(.text)
    __aeabi_idivmod                          0x080047ad   Thumb Code   326  aeabi_sdiv.o(.text)
    __use_two_region_memory                  0x080048f3   Thumb Code     2  heapauxi.o(.text)
    __rt_heap_escrow$2region                 0x080048f5   Thumb Code     2  heapauxi.o(.text)
    __rt_heap_expand$2region                 0x080048f7   Thumb Code     2  heapauxi.o(.text)
    __aeabi_dadd                             0x08004be5   Thumb Code     0  daddsub.o(.text)
    _dadd                                    0x08004be5   Thumb Code    22  daddsub.o(.text)
    __aeabi_dsub                             0x08004bfb   Thumb Code     0  daddsub.o(.text)
    _dsub                                    0x08004bfb   Thumb Code    22  daddsub.o(.text)
    __aeabi_drsub                            0x08004c11   Thumb Code     0  daddsub.o(.text)
    _drsb                                    0x08004c11   Thumb Code    24  daddsub.o(.text)
    __aeabi_ddiv                             0x08004c3d   Thumb Code     0  ddiv.o(.text)
    _ddiv                                    0x08004c3d   Thumb Code  1050  ddiv.o(.text)
    _drdiv                                   0x08005057   Thumb Code    20  ddiv.o(.text)
    __aeabi_d2iz                             0x08005075   Thumb Code     0  dfixi.o(.text)
    _dfix                                    0x08005075   Thumb Code    96  dfixi.o(.text)
    __aeabi_i2d_normalise                    0x080050e1   Thumb Code    64  dflti.o(.text)
    __aeabi_i2d                              0x08005121   Thumb Code    16  dflti.o(.text)
    _dflt                                    0x08005121   Thumb Code     0  dflti.o(.text)
    __aeabi_ui2d                             0x08005131   Thumb Code     6  dflti.o(.text)
    _dfltu                                   0x08005131   Thumb Code     0  dflti.o(.text)
    __aeabi_dmul                             0x08005139   Thumb Code     0  dmul.o(.text)
    _dmul                                    0x08005139   Thumb Code   634  dmul.o(.text)
    __read_errno                             0x080053c9   Thumb Code    10  _rserrno.o(.text)
    __set_errno                              0x080053d3   Thumb Code    12  _rserrno.o(.text)
    __ARM_scalbn                             0x080053e1   Thumb Code    86  dscalbn.o(.text)
    __aeabi_errno_addr                       0x08005445   Thumb Code     8  rt_errno_addr_intlibspace.o(.text)
    __errno$intlibspace                      0x08005445   Thumb Code     0  rt_errno_addr_intlibspace.o(.text)
    __rt_errno_addr$intlibspace              0x08005445   Thumb Code     0  rt_errno_addr_intlibspace.o(.text)
    __fpl_dcmp_InfNaN                        0x0800544d   Thumb Code   122  dcmpin.o(.text)
    __user_libspace                          0x080054cd   Thumb Code     8  libspace.o(.text)
    __user_perproc_libspace                  0x080054cd   Thumb Code     0  libspace.o(.text)
    __user_perthread_libspace                0x080054cd   Thumb Code     0  libspace.o(.text)
    __user_setup_stackheap                   0x080054d5   Thumb Code    62  sys_stackheap_outer.o(.text)
    exit                                     0x08005513   Thumb Code    12  exit.o(.text)
    __fpl_cmpreturn                          0x0800551f   Thumb Code    44  cmpret.o(.text)
    __fpl_dcheck_NaN2                        0x0800554d   Thumb Code    14  dnan2.o(.text)
    __fpl_return_NaN                         0x08005561   Thumb Code   100  retnan.o(.text)
    _sys_exit                                0x080055c5   Thumb Code     8  sys_exit.o(.text)
    __I$use$semihosting                      0x080055d1   Thumb Code     0  use_no_semi.o(.text)
    __use_no_semihosting_swi                 0x080055d1   Thumb Code     2  use_no_semi.o(.text)
    __decompress                             0x080055d3   Thumb Code     0  __dczerorl2.o(.text)
    __decompress1                            0x080055d3   Thumb Code    86  __dczerorl2.o(.text)
    __semihosting_library_function           0x080055d3   Thumb Code     0  indicate_semi.o(.text)
    __ARM_common_switch8                     0x08005629   Thumb Code    28  main.o(i.__ARM_common_switch8)
    __ARM_fpclassify                         0x08005645   Thumb Code    38  fpclassify.o(i.__ARM_fpclassify)
    __kernel_poly                            0x08005671   Thumb Code   172  poly.o(i.__kernel_poly)
    __mathlib_dbl_underflow                  0x0800571d   Thumb Code    14  dunder.o(i.__mathlib_dbl_underflow)
    exp                                      0x08005731   Thumb Code   546  exp.o(i.exp)
    log                                      0x080059b5   Thumb Code   782  log.o(i.log)
    __aeabi_cdcmpeq                          0x08005d09   Thumb Code     0  deqf.o(x$fpl$deqf)
    _dcmpeq                                  0x08005d09   Thumb Code    94  deqf.o(x$fpl$deqf)
    __aeabi_cdcmple                          0x08005d6d   Thumb Code     0  dlef.o(x$fpl$dleqf)
    _dcmple                                  0x08005d6d   Thumb Code    94  dlef.o(x$fpl$dleqf)
    __aeabi_cdrcmple                         0x08005dd1   Thumb Code     0  drlef.o(x$fpl$drleqf)
    _drcmple                                 0x08005dd1   Thumb Code   100  drlef.o(x$fpl$drleqf)
    __I$use$fp                               0x08005e39   Thumb Code     0  usenofp.o(x$fpl$usenofp)
    __mathlib_zero                           0x08005f48   Data           8  qnan.o(.constdata)
    Region$$Table$$Base                      0x08005f50   Number         0  anon$$obj.o(Region$$Table)
    Region$$Table$$Limit                     0x08005f70   Number         0  anon$$obj.o(Region$$Table)
    BitChar                                  0x20000000   Data           4  main.o(.data)
    TimerPeriod                              0x20000004   Data           2  main.o(.data)
    Channel1Pulse                            0x20000006   Data           2  main.o(.data)
    Key                                      0x20000008   Data           1  main.o(.data)
    Term_degree                              0x20000009   Data           1  main.o(.data)
    Term_degree_last                         0x2000000a   Data           1  main.o(.data)
    Seg_0                                    0x2000000b   Data          25  main.o(.data)
    Seg_1                                    0x20000024   Data          25  main.o(.data)
    Seg_2                                    0x2000003d   Data          25  main.o(.data)
    Seg_3                                    0x20000056   Data          25  main.o(.data)
    Seg_4                                    0x2000006f   Data          82  main.o(.data)
    CChan                                    0x200000c1   Data           1  main.o(.data)
    Led_disp1                                0x200000e0   Data           2  main.o(.data)
    Led_disp2                                0x200000e2   Data           2  main.o(.data)
    Led_disp1_new                            0x200000e4   Data           2  main.o(.data)
    Led_disp2_new                            0x200000e6   Data           2  main.o(.data)
    GPIO_InitStructure                       0x200000e8   Data           8  main.o(.data)
    NVIC_InitStructure                       0x200000f0   Data           3  main.o(.data)
    k                                        0x200000f3   Data           1  main.o(.data)
    Touch_status                             0x200000f4   Data           6  main.o(.data)
    ADC_num                                  0x200000fa   Data           1  main.o(.data)
    Touch_status_counter1                    0x200000fb   Data           6  main.o(.data)
    Touch_status_counter2                    0x20000101   Data           6  main.o(.data)
    Threshold_sum_counter                    0x20000107   Data           1  main.o(.data)
    Equaling_counter1                        0x20000108   Data           1  main.o(.data)
    Equaling_counter2                        0x20000109   Data           1  main.o(.data)
    ADC_data                                 0x2000010a   Data           6  main.o(.data)
    RX_data                                  0x20000110   Data           1  main.o(.data)
    Adc_data_recieve                         0x20000111   Data           4  main.o(.data)
    Seg_data                                 0x20000115   Data           4  main.o(.data)
    Seg_data_new                             0x20000119   Data           4  main.o(.data)
    Select_data                              0x20000120   Data           4  main.o(.data)
    fac_s                                    0x20000140   Data           4  delay.o(.data)
    fac_ms                                   0x20000144   Data           2  delay.o(.data)
    fac_us                                   0x20000146   Data           1  delay.o(.data)
    SystemCoreClock                          0x20000148   Data           4  system_stm32f0xx.o(.data)
    AHBPrescTable                            0x2000014c   Data          16  system_stm32f0xx.o(.data)
    USART_InitStructure                      0x2000015c   Data          24  main.o(.bss)
    TTB                                      0x20000174   Data          12  main.o(.bss)
    TOC                                      0x20000180   Data          20  main.o(.bss)
    ADC_InitStructure                        0x20000194   Data          24  main.o(.bss)
    Threshold                                0x200001ac   Data          24  main.o(.bss)
    Touch_threshold_1                        0x200001c4   Data          24  main.o(.bss)
    Touch_threshold_2                        0x200001dc   Data          24  main.o(.bss)
    Touch_ADC_data                           0x200001f4   Data          24  main.o(.bss)
    __libspace_start                         0x2000020c   Data          96  libspace.o(.bss)
    __temporary_stack_top$libspace           0x2000026c   Data           0  libspace.o(.bss)



==============================================================================

Memory Map of the image

  Image Entry point : 0x080000b1

  Load Region LR_IROM1 (Base: 0x08000000, Size: 0x000060cc, Max: 0x00008000, ABSOLUTE, COMPRESSED[0x00006020])

    Execution Region ER_IROM1 (Base: 0x08000000, Size: 0x00005f70, Max: 0x00008000, ABSOLUTE)

    Base Addr    Size         Type   Attr      Idx    E Section Name        Object

    0x08000000   0x000000b0   Data   RO          325    RESET               startup_stm32f0xx_ld.o
    0x080000b0   0x00000008   Code   RO          364  * !!!main             c_p.l(__main.o)
    0x080000b8   0x0000003c   Code   RO          592    !!!scatter          c_p.l(__scatter.o)
    0x080000f4   0x0000001c   Code   RO          594    !!handler_zi        c_p.l(__scatter_zi.o)
    0x08000110   0x00000006   Code   RO          461    .ARM.Collect$$libinit$$00000000  c_p.l(libinit.o)
    0x08000116   0x00000000   Code   RO          477    .ARM.Collect$$libinit$$00000006  c_p.l(libinit2.o)
    0x08000116   0x00000000   Code   RO          479    .ARM.Collect$$libinit$$00000008  c_p.l(libinit2.o)
    0x08000116   0x00000000   Code   RO          481    .ARM.Collect$$libinit$$0000000A  c_p.l(libinit2.o)
    0x08000116   0x00000000   Code   RO          484    .ARM.Collect$$libinit$$0000000D  c_p.l(libinit2.o)
    0x08000116   0x00000000   Code   RO          486    .ARM.Collect$$libinit$$0000000F  c_p.l(libinit2.o)
    0x08000116   0x00000000   Code   RO          488    .ARM.Collect$$libinit$$00000011  c_p.l(libinit2.o)
    0x08000116   0x00000000   Code   RO          490    .ARM.Collect$$libinit$$00000013  c_p.l(libinit2.o)
    0x08000116   0x00000000   Code   RO          492    .ARM.Collect$$libinit$$00000015  c_p.l(libinit2.o)
    0x08000116   0x00000000   Code   RO          494    .ARM.Collect$$libinit$$00000017  c_p.l(libinit2.o)
    0x08000116   0x00000000   Code   RO          496    .ARM.Collect$$libinit$$00000019  c_p.l(libinit2.o)
    0x08000116   0x00000000   Code   RO          498    .ARM.Collect$$libinit$$0000001B  c_p.l(libinit2.o)
    0x08000116   0x00000000   Code   RO          500    .ARM.Collect$$libinit$$0000001D  c_p.l(libinit2.o)
    0x08000116   0x00000000   Code   RO          502    .ARM.Collect$$libinit$$0000001F  c_p.l(libinit2.o)
    0x08000116   0x00000000   Code   RO          504    .ARM.Collect$$libinit$$00000021  c_p.l(libinit2.o)
    0x08000116   0x00000000   Code   RO          508    .ARM.Collect$$libinit$$00000028  c_p.l(libinit2.o)
    0x08000116   0x00000000   Code   RO          510    .ARM.Collect$$libinit$$0000002A  c_p.l(libinit2.o)
    0x08000116   0x00000000   Code   RO          512    .ARM.Collect$$libinit$$0000002C  c_p.l(libinit2.o)
    0x08000116   0x00000000   Code   RO          514    .ARM.Collect$$libinit$$0000002E  c_p.l(libinit2.o)
    0x08000116   0x00000002   Code   RO          515    .ARM.Collect$$libinit$$0000002F  c_p.l(libinit2.o)
    0x08000118   0x00000002   Code   RO          548    .ARM.Collect$$libshutdown$$00000000  c_p.l(libshutdown.o)
    0x0800011a   0x00000000   Code   RO          575    .ARM.Collect$$libshutdown$$00000003  c_p.l(libshutdown2.o)
    0x0800011a   0x00000000   Code   RO          578    .ARM.Collect$$libshutdown$$00000006  c_p.l(libshutdown2.o)
    0x0800011a   0x00000000   Code   RO          581    .ARM.Collect$$libshutdown$$00000009  c_p.l(libshutdown2.o)
    0x0800011a   0x00000000   Code   RO          583    .ARM.Collect$$libshutdown$$0000000B  c_p.l(libshutdown2.o)
    0x0800011a   0x00000000   Code   RO          586    .ARM.Collect$$libshutdown$$0000000E  c_p.l(libshutdown2.o)
    0x0800011a   0x00000002   Code   RO          587    .ARM.Collect$$libshutdown$$0000000F  c_p.l(libshutdown2.o)
    0x0800011c   0x00000000   Code   RO          397    .ARM.Collect$$rtentry$$00000000  c_p.l(rtentry.o)
    0x0800011c   0x00000000   Code   RO          421    .ARM.Collect$$rtentry$$00000002  c_p.l(rtentry2.o)
    0x0800011c   0x00000006   Code   RO          433    .ARM.Collect$$rtentry$$00000004  c_p.l(rtentry4.o)
    0x08000122   0x00000000   Code   RO          423    .ARM.Collect$$rtentry$$00000009  c_p.l(rtentry2.o)
    0x08000122   0x00000004   Code   RO          424    .ARM.Collect$$rtentry$$0000000A  c_p.l(rtentry2.o)
    0x08000126   0x00000000   Code   RO          426    .ARM.Collect$$rtentry$$0000000C  c_p.l(rtentry2.o)
    0x08000126   0x00000008   Code   RO          427    .ARM.Collect$$rtentry$$0000000D  c_p.l(rtentry2.o)
    0x0800012e   0x00000002   Code   RO          467    .ARM.Collect$$rtexit$$00000000  c_p.l(rtexit.o)
    0x08000130   0x00000000   Code   RO          523    .ARM.Collect$$rtexit$$00000002  c_p.l(rtexit2.o)
    0x08000130   0x00000004   Code   RO          524    .ARM.Collect$$rtexit$$00000003  c_p.l(rtexit2.o)
    0x08000134   0x00000006   Code   RO          525    .ARM.Collect$$rtexit$$00000004  c_p.l(rtexit2.o)
    0x0800013a   0x00000002   PAD
    0x0800013c   0x0000265c   Code   RO            3    .text               main.o
    0x08002798   0x000001e0   Code   RO          134    .text               stm32f0xx_gpio.o
    0x08002978   0x000005ec   Code   RO          157    .text               stm32f0xx_rcc.o
    0x08002f64   0x00000bcc   Code   RO          179    .text               stm32f0xx_tim.o
    0x08003b30   0x000002e0   Code   RO          199    .text               stm32f0xx_adc.o
    0x08003e10   0x0000056e   Code   RO          219    .text               stm32f0xx_usart.o
    0x0800437e   0x00000002   PAD
    0x08004380   0x000000b4   Code   RO          239    .text               stm32f0xx_misc.o
    0x08004434   0x00000048   Code   RO          259    .text               stm32f0xx_iwdg.o
    0x0800447c   0x000000fc   Code   RO          299    .text               delay.o
    0x08004578   0x00000038   Code   RO          326    .text               startup_stm32f0xx_ld.o
    0x080045b0   0x000001e8   Code   RO          332    .text               system_stm32f0xx.o
    0x08004798   0x0000015a   Code   RO          358    .text               c_p.l(aeabi_sdiv.o)
    0x080048f2   0x00000006   Code   RO          362    .text               c_p.l(heapauxi.o)
    0x080048f8   0x00000344   Code   RO          366    .text               fz_ps.l(daddsub.o)
    0x08004c3c   0x00000438   Code   RO          368    .text               fz_ps.l(ddiv.o)
    0x08005074   0x0000006c   Code   RO          371    .text               fz_ps.l(dfixi.o)
    0x080050e0   0x00000056   Code   RO          373    .text               fz_ps.l(dflti.o)
    0x08005136   0x00000002   PAD
    0x08005138   0x00000290   Code   RO          375    .text               fz_ps.l(dmul.o)
    0x080053c8   0x00000016   Code   RO          402    .text               c_p.l(_rserrno.o)
    0x080053de   0x00000002   PAD
    0x080053e0   0x00000064   Code   RO          410    .text               fz_ps.l(dscalbn.o)
    0x08005444   0x00000008   Code   RO          440    .text               c_p.l(rt_errno_addr_intlibspace.o)
    0x0800544c   0x00000080   Code   RO          442    .text               fz_ps.l(dcmpin.o)
    0x080054cc   0x00000008   Code   RO          444    .text               c_p.l(libspace.o)
    0x080054d4   0x0000003e   Code   RO          447    .text               c_p.l(sys_stackheap_outer.o)
    0x08005512   0x0000000c   Code   RO          450    .text               c_p.l(exit.o)
    0x0800551e   0x0000002c   Code   RO          462    .text               fz_ps.l(cmpret.o)
    0x0800554a   0x00000002   PAD
    0x0800554c   0x00000014   Code   RO          464    .text               fz_ps.l(dnan2.o)
    0x08005560   0x00000064   Code   RO          518    .text               fz_ps.l(retnan.o)
    0x080055c4   0x0000000c   Code   RO          520    .text               c_p.l(sys_exit.o)
    0x080055d0   0x00000002   Code   RO          537    .text               c_p.l(use_no_semi.o)
    0x080055d2   0x00000000   Code   RO          539    .text               c_p.l(indicate_semi.o)
    0x080055d2   0x00000056   Code   RO          590    .text               c_p.l(__dczerorl2.o)
    0x08005628   0x0000001c   Code   RO           23    i.__ARM_common_switch8  main.o
    0x08005644   0x0000002c   Code   RO          415    i.__ARM_fpclassify  m_ps.l(fpclassify.o)
    0x08005670   0x000000ac   Code   RO          417    i.__kernel_poly     m_ps.l(poly.o)
    0x0800571c   0x00000014   Code   RO          413    i.__mathlib_dbl_underflow  m_ps.l(dunder.o)
    0x08005730   0x00000284   Code   RO          378    i.exp               m_ps.l(exp.o)
    0x080059b4   0x00000354   Code   RO          388    i.log               m_ps.l(log.o)
    0x08005d08   0x00000064   Code   RO          404    x$fpl$deqf          fz_ps.l(deqf.o)
    0x08005d6c   0x00000064   Code   RO          406    x$fpl$dleqf         fz_ps.l(dlef.o)
    0x08005dd0   0x00000068   Code   RO          408    x$fpl$drleqf        fz_ps.l(drlef.o)
    0x08005e38   0x00000000   Code   RO          412    x$fpl$usenofp       fz_ps.l(usenofp.o)
    0x08005e38   0x00000080   Data   RO          369    .constdata          fz_ps.l(ddiv.o)
    0x08005eb8   0x00000058   Data   RO          379    .constdata          m_ps.l(exp.o)
    0x08005f10   0x00000038   Data   RO          389    .constdata          m_ps.l(log.o)
    0x08005f48   0x00000008   Data   RO          419    .constdata          m_ps.l(qnan.o)
    0x08005f50   0x00000020   Data   RO          588    Region$$Table       anon$$obj.o


    Execution Region RW_IRAM1 (Base: 0x20000000, Size: 0x00000870, Max: 0x00001000, ABSOLUTE, COMPRESSED[0x000000b0])

    Base Addr    Size         Type   Attr      Idx    E Section Name        Object

    0x20000000   0x0000012f   Data   RW            5    .data               main.o
    0x2000012f   0x00000010   Data   RW          158    .data               stm32f0xx_rcc.o
    0x2000013f   0x00000001   PAD
    0x20000140   0x00000007   Data   RW          300    .data               delay.o
    0x20000147   0x00000001   PAD
    0x20000148   0x00000014   Data   RW          333    .data               system_stm32f0xx.o
    0x2000015c   0x000000b0   Zero   RW            4    .bss                main.o
    0x2000020c   0x00000060   Zero   RW          445    .bss                c_p.l(libspace.o)
    0x2000026c   0x00000004   PAD
    0x20000270   0x00000200   Zero   RW          324    HEAP                startup_stm32f0xx_ld.o
    0x20000470   0x00000400   Zero   RW          323    STACK               startup_stm32f0xx_ld.o


==============================================================================

Image component sizes


      Code (inc. data)   RO Data    RW Data    ZI Data      Debug   Object Name

       252         18          0          7          0       1157   delay.o
      9848        724          0        303        176     163079   main.o
        56         26        176          0       1536        604   startup_stm32f0xx_ld.o
       736         14          0          0          0       6763   stm32f0xx_adc.o
       480         22          0          0          0       3573   stm32f0xx_gpio.o
        72         12          0          0          0       1369   stm32f0xx_iwdg.o
       180         14          0          0          0       1208   stm32f0xx_misc.o
      1516         44          0         16          0       8386   stm32f0xx_rcc.o
      3020        120          0          0          0      22769   stm32f0xx_tim.o
      1390         12          0          0          0      11975   stm32f0xx_usart.o
       488         38          0         20          0       1587   system_stm32f0xx.o

    ----------------------------------------------------------------------
     18040       1044        208        348       1712     222470   Object Totals
         0          0         32          0          0          0   (incl. Generated)
         2          0          0          2          0          0   (incl. Padding)

    ----------------------------------------------------------------------

      Code (inc. data)   RO Data    RW Data    ZI Data      Debug   Library Member Name

        86          0          0          0          0          0   __dczerorl2.o
         8          0          0          0          0         68   __main.o
        60          8          0          0          0          0   __scatter.o
        28          0          0          0          0          0   __scatter_zi.o
        22          0          0          0          0         92   _rserrno.o
       346          0          0          0          0         92   aeabi_sdiv.o
        12          0          0          0          0         64   exit.o
         6          0          0          0          0        136   heapauxi.o
         0          0          0          0          0          0   indicate_semi.o
         6          0          0          0          0          0   libinit.o
         2          0          0          0          0          0   libinit2.o
         2          0          0          0          0          0   libshutdown.o
         2          0          0          0          0          0   libshutdown2.o
         8          4          0          0         96         68   libspace.o
         8          4          0          0          0         68   rt_errno_addr_intlibspace.o
         0          0          0          0          0          0   rtentry.o
        12          0          0          0          0          0   rtentry2.o
         6          0          0          0          0          0   rtentry4.o
         2          0          0          0          0          0   rtexit.o
        10          0          0          0          0          0   rtexit2.o
        12          4          0          0          0         60   sys_exit.o
        62          0          0          0          0         80   sys_stackheap_outer.o
         2          0          0          0          0         68   use_no_semi.o
        44          0          0          0          0         60   cmpret.o
       836         20          0          0          0        216   daddsub.o
       128          6          0          0          0         76   dcmpin.o
      1080         30        128          0          0        108   ddiv.o
       100          4          0          0          0         92   deqf.o
       108         12          0          0          0         72   dfixi.o
        86          0          0          0          0         92   dflti.o
       100          4          0          0          0         92   dlef.o
       656         22          0          0          0         84   dmul.o
        20          6          0          0          0         68   dnan2.o
       104          4          0          0          0        104   drlef.o
       100         14          0          0          0         72   dscalbn.o
       100          0          0          0          0         68   retnan.o
         0          0          0          0          0          0   usenofp.o
        20          6          0          0          0         68   dunder.o
       644         98         88          0          0        124   exp.o
        44          6          0          0          0         60   fpclassify.o
       852         70         56          0          0        120   log.o
       172          0          0          0          0         76   poly.o
         0          0          8          0          0          0   qnan.o

    ----------------------------------------------------------------------
      5904        322        280          0        100       2448   Library Totals
         8          0          0          0          4          0   (incl. Padding)

    ----------------------------------------------------------------------

      Code (inc. data)   RO Data    RW Data    ZI Data      Debug   Library Name

       702         20          0          0         96        796   c_p.l
      3462        122        128          0          0       1204   fz_ps.l
      1732        180        152          0          0        448   m_ps.l

    ----------------------------------------------------------------------
      5904        322        280          0        100       2448   Library Totals

    ----------------------------------------------------------------------

==============================================================================


      Code (inc. data)   RO Data    RW Data    ZI Data      Debug   

     23944       1366        488        348       1812     222690   Grand Totals
     23944       1366        488        176       1812     222690   ELF Image Totals (compressed)
     23944       1366        488        176          0          0   ROM Totals

==============================================================================

    Total RO  Size (Code + RO Data)                24432 (  23.86kB)
    Total RW  Size (RW Data + ZI Data)              2160 (   2.11kB)
    Total ROM Size (Code + RO Data + RW Data)      24608 (  24.03kB)

==============================================================================

